Component: ARM Compiler 5.06 update 5 (build 528) Tool: armlink [4d35e2]

==============================================================================

Section Cross References

    main.o(.text) refers to misc.o(.text) for NVIC_PriorityGroupConfig
    main.o(.text) refers to delay.o(.text) for delay_init
    main.o(.text) refers to usart.o(.text) for uart_init
    main.o(.text) refers to led.o(.text) for LED_Init
    main.o(.text) refers to noretval__2printf.o(.text) for __2printf
    main.o(.text) refers to vl53l0x.o(.text) for vl53l0x_init
    main.o(.text) refers to vl53l0x.o(.bss) for vl53l0x_dev
    system_stm32f4xx.o(.text) refers to system_stm32f4xx.o(.data) for .data
    led.o(.text) refers to stm32f4xx_rcc.o(.text) for RCC_AHB1PeriphClockCmd
    led.o(.text) refers to stm32f4xx_gpio.o(.text) for GPIO_Init
    lcd.o(.text) refers to _printf_percent.o(.ARM.Collect$$_printf_percent$$00000000) for _printf_percent
    lcd.o(.text) refers to _printf_x.o(.ARM.Collect$$_printf_percent$$0000000C) for _printf_x
    lcd.o(.text) refers to _printf_hex_int.o(.text) for _printf_longlong_hex
    lcd.o(.text) refers to delay.o(.text) for delay_us
    lcd.o(.text) refers to lcd.o(.bss) for .bss
    lcd.o(.text) refers to lcd.o(.data) for .data
    lcd.o(.text) refers to dflt_clz.o(x$fpl$dfltu) for __aeabi_ui2d
    lcd.o(.text) refers to dmul.o(x$fpl$dmul) for __aeabi_dmul
    lcd.o(.text) refers to dfixu.o(x$fpl$dfixu) for __aeabi_d2uiz
    lcd.o(.text) refers to stm32f4xx_rcc.o(.text) for RCC_AHB1PeriphClockCmd
    lcd.o(.text) refers to stm32f4xx_gpio.o(.text) for GPIO_Init
    lcd.o(.text) refers to stm32f4xx_fsmc.o(.text) for FSMC_NORSRAMInit
    lcd.o(.text) refers to noretval__2printf.o(.text) for __2printf
    lcd.o(.text) refers to lcd.o(.constdata) for .constdata
    key.o(.text) refers to stm32f4xx_rcc.o(.text) for RCC_AHB1PeriphClockCmd
    key.o(.text) refers to stm32f4xx_gpio.o(.text) for GPIO_Init
    key.o(.text) refers to delay.o(.text) for delay_ms
    key.o(.text) refers to key.o(.data) for .data
    myiic.o(.text) refers to stm32f4xx_rcc.o(.text) for RCC_AHB1PeriphClockCmd
    myiic.o(.text) refers to stm32f4xx_gpio.o(.text) for GPIO_Init
    myiic.o(.text) refers to delay.o(.text) for delay_us
    24cxx.o(.text) refers to myiic.o(.text) for IIC_Init
    24cxx.o(.text) refers to delay.o(.text) for delay_ms
    delay.o(.text) refers to misc.o(.text) for SysTick_CLKSourceConfig
    delay.o(.text) refers to delay.o(.data) for .data
    usart.o(.rev16_text) refers (Special) to use_no_semi_2.o(.text) for __use_no_semihosting
    usart.o(.revsh_text) refers (Special) to use_no_semi_2.o(.text) for __use_no_semihosting
    usart.o(.text) refers (Special) to use_no_semi_2.o(.text) for __use_no_semihosting
    usart.o(.text) refers to stm32f4xx_rcc.o(.text) for RCC_AHB1PeriphClockCmd
    usart.o(.text) refers to stm32f4xx_gpio.o(.text) for GPIO_PinAFConfig
    usart.o(.text) refers to stm32f4xx_usart.o(.text) for USART_Init
    usart.o(.text) refers to misc.o(.text) for NVIC_Init
    usart.o(.text) refers to usart.o(.data) for .data
    usart.o(.text) refers to usart.o(.bss) for .bss
    usart.o(.bss) refers (Special) to use_no_semi_2.o(.text) for __use_no_semihosting
    usart.o(.data) refers (Special) to use_no_semi_2.o(.text) for __use_no_semihosting
    usart.o(.data) refers (Special) to use_no_semi_2.o(.text) for __use_no_semihosting
    startup_stm32f40_41xxx.o(STACK) refers (Special) to heapauxi.o(.text) for __use_two_region_memory
    startup_stm32f40_41xxx.o(HEAP) refers (Special) to heapauxi.o(.text) for __use_two_region_memory
    startup_stm32f40_41xxx.o(RESET) refers (Special) to heapauxi.o(.text) for __use_two_region_memory
    startup_stm32f40_41xxx.o(RESET) refers to startup_stm32f40_41xxx.o(STACK) for __initial_sp
    startup_stm32f40_41xxx.o(RESET) refers to startup_stm32f40_41xxx.o(.text) for Reset_Handler
    startup_stm32f40_41xxx.o(RESET) refers to stm32f4xx_it.o(.text) for NMI_Handler
    startup_stm32f40_41xxx.o(RESET) refers to vl53l0x_it.o(.text) for EXTI9_5_IRQHandler
    startup_stm32f40_41xxx.o(RESET) refers to usmart.o(.text) for TIM4_IRQHandler
    startup_stm32f40_41xxx.o(RESET) refers to usart.o(.text) for USART1_IRQHandler
    startup_stm32f40_41xxx.o(.text) refers (Special) to heapauxi.o(.text) for __use_two_region_memory
    startup_stm32f40_41xxx.o(.text) refers to system_stm32f4xx.o(.text) for SystemInit
    startup_stm32f40_41xxx.o(.text) refers to __main.o(!!!main) for __main
    startup_stm32f40_41xxx.o(.text) refers to startup_stm32f40_41xxx.o(HEAP) for Heap_Mem
    startup_stm32f40_41xxx.o(.text) refers to startup_stm32f40_41xxx.o(STACK) for Stack_Mem
    stm32f4xx_gpio.o(.text) refers to stm32f4xx_rcc.o(.text) for RCC_AHB1PeriphResetCmd
    stm32f4xx_fsmc.o(.text) refers to stm32f4xx_fsmc.o(.constdata) for .constdata
    stm32f4xx_rcc.o(.text) refers to stm32f4xx_rcc.o(.data) for .data
[...]
    __rt_exit_exit                           0x08000289   Thumb Code     0  rtexit2.o(.ARM.Collect$$rtexit$$00000004)
    main                                     0x08000291   Thumb Code    80  main.o(.text)
    NMI_Handler                              0x0800030d   Thumb Code     2  stm32f4xx_it.o(.text)
    HardFault_Handler                        0x0800030f   Thumb Code     2  stm32f4xx_it.o(.text)
    MemManage_Handler                        0x08000311   Thumb Code     2  stm32f4xx_it.o(.text)
    BusFault_Handler                         0x08000313   Thumb Code     2  stm32f4xx_it.o(.text)
    UsageFault_Handler                       0x08000315   Thumb Code     2  stm32f4xx_it.o(.text)
    SVC_Handler                              0x08000317   Thumb Code     2  stm32f4xx_it.o(.text)
    DebugMon_Handler                         0x08000319   Thumb Code     2  stm32f4xx_it.o(.text)
    PendSV_Handler                           0x0800031b   Thumb Code     2  stm32f4xx_it.o(.text)
    SysTick_Handler                          0x0800031d   Thumb Code     2  stm32f4xx_it.o(.text)
    SystemInit                               0x080003c3   Thumb Code    74  system_stm32f4xx.o(.text)
    SystemCoreClockUpdate                    0x0800040d   Thumb Code   108  system_stm32f4xx.o(.text)
    LED_Init                                 0x0800049d   Thumb Code    56  led.o(.text)
    LCD_WR_REG                               0x080004d9   Thumb Code    24  lcd.o(.text)
    LCD_WR_DATA                              0x080004f1   Thumb Code    24  lcd.o(.text)
    LCD_RD_DATA                              0x08000509   Thumb Code    20  lcd.o(.text)
    LCD_WriteReg                             0x0800051d   Thumb Code    12  lcd.o(.text)
    LCD_ReadReg                              0x08000529   Thumb Code    18  lcd.o(.text)
    LCD_WriteRAM_Prepare                     0x0800053b   Thumb Code    14  lcd.o(.text)
    LCD_WriteRAM                             0x08000549   Thumb Code    10  lcd.o(.text)
    LCD_BGR2RGB                              0x08000553   Thumb Code    18  lcd.o(.text)
    opt_delay                                0x08000565   Thumb Code     8  lcd.o(.text)
    LCD_SetCursor                            0x0800056d   Thumb Code   234  lcd.o(.text)
    LCD_ReadPoint                            0x08000657   Thumb Code    96  lcd.o(.text)
    LCD_DisplayOn                            0x080006b7   Thumb Code    22  lcd.o(.text)
    LCD_DisplayOff                           0x080006cd   Thumb Code    22  lcd.o(.text)
    LCD_Scan_Dir                             0x080006e3   Thumb Code   416  lcd.o(.text)
    LCD_DrawPoint                            0x08000883   Thumb Code    24  lcd.o(.text)
    LCD_Fast_DrawPoint                       0x0800089b   Thumb Code   206  lcd.o(.text)
    LCD_SSD_BackLightSet                     0x08000969   Thumb Code    70  lcd.o(.text)
    LCD_Display_Dir                          0x080009af   Thumb Code   178  lcd.o(.text)
    LCD_Set_Window                           0x08000a61   Thumb Code   332  lcd.o(.text)
    LCD_Clear                                0x08000bad   Thumb Code    44  lcd.o(.text)
    LCD_Init                                 0x08000bd9   Thumb Code 10040  lcd.o(.text)
    LCD_Fill                                 0x08003311   Thumb Code    66  lcd.o(.text)
    LCD_Color_Fill                           0x08003353   Thumb Code    86  lcd.o(.text)
    LCD_DrawLine                             0x080033a9   Thumb Code   146  lcd.o(.text)
    LCD_DrawRectangle                        0x0800343b   Thumb Code    54  lcd.o(.text)
    LCD_Draw_Circle                          0x08003471   Thumb Code   178  lcd.o(.text)
    LCD_ShowChar                             0x08003523   Thumb Code   182  lcd.o(.text)
    LCD_Pow                                  0x080035d9   Thumb Code    16  lcd.o(.text)
    LCD_ShowNum                              0x080035e9   Thumb Code   116  lcd.o(.text)
    LCD_ShowxNum                             0x0800365d   Thumb Code   156  lcd.o(.text)
    LCD_ShowString                           0x080036f9   Thumb Code    82  lcd.o(.text)
    KEY_Init                                 0x0800374d   Thumb Code    58  key.o(.text)
    KEY_Scan                                 0x08003787   Thumb Code   190  key.o(.text)
    IIC_Init                                 0x08003851   Thumb Code    58  myiic.o(.text)
    IIC_Start                                0x0800388b   Thumb Code    56  myiic.o(.text)
    IIC_Stop                                 0x080038c3   Thumb Code    58  myiic.o(.text)
    IIC_Wait_Ack                             0x080038fd   Thumb Code    74  myiic.o(.text)
    IIC_Ack                                  0x08003947   Thumb Code    56  myiic.o(.text)
    IIC_NAck                                 0x0800397f   Thumb Code    56  myiic.o(.text)
    IIC_Send_Byte                            0x080039b7   Thumb Code    86  myiic.o(.text)
    IIC_Read_Byte                            0x08003a0d   Thumb Code    96  myiic.o(.text)
    AT24CXX_Init                             0x08003a75   Thumb Code     4  24cxx.o(.text)
    AT24CXX_ReadOneByte                      0x08003a79   Thumb Code    66  24cxx.o(.text)
    AT24CXX_WriteOneByte                     0x08003abb   Thumb Code    62  24cxx.o(.text)
    AT24CXX_WriteLenByte                     0x08003af9   Thumb Code    42  24cxx.o(.text)
    AT24CXX_ReadLenByte                      0x08003b23   Thumb Code    40  24cxx.o(.text)
    AT24CXX_Check                            0x08003b4b   Thumb Code    38  24cxx.o(.text)
    AT24CXX_Read                             0x08003b71   Thumb Code    34  24cxx.o(.text)
    AT24CXX_Write                            0x08003b93   Thumb Code    32  24cxx.o(.text)
    delay_init                               0x08003bb5   Thumb Code    38  delay.o(.text)
    delay_us                                 0x08003bdb   Thumb Code    46  delay.o(.text)
    delay_xms                                0x08003c09   Thumb Code    46  delay.o(.text)
    delay_ms                                 0x08003c37   Thumb Code    50  delay.o(.text)
    _sys_exit                                0x08003c6d   Thumb Code     2  usart.o(.text)
    fputc                                    0x08003c6f   Thumb Code    14  usart.o(.text)
    uart_init                                0x08003c7d   Thumb Code   164  usart.o(.text)
    USART1_IRQHandler                        0x08003d21   Thumb Code    88  usart.o(.text)
    Reset_Handler                            0x08003d89   Thumb Code     8  startup_stm32f40_41xxx.o(.text)
    ADC_IRQHandler                           0x08003da3   Thumb Code     0  startup_stm32f40_41xxx.o(.text)
    CAN1_RX0_IRQHandler                      0x08003da3   Thumb Code     0  startup_stm32f40_41xxx.o(.text)
    CAN1_RX1_IRQHandler                      0x08003da3   Thumb Code     0  startup_stm32f40_41xxx.o(.text)
    CAN1_SCE_IRQHandler                      0x08003da3   Thumb Code     0  startup_stm32f40_41xxx.o(.text)
    CAN1_TX_IRQHandler                       0x08003da3   Thumb Code     0  startup_stm32f40_41xxx.o(.text)
    CAN2_RX0_IRQHandler                      0x08003da3   Thumb Code     0  startup_stm32f40_41xxx.o(.text)
    CAN2_RX1_IRQHandler                      0x08003da3   Thumb Code     0  startup_stm32f40_41xxx.o(.text)
    CAN2_SCE_IRQHandler                      0x08003da3   Thumb Code     0  startup_stm32f40_41xxx.o(.text)
    CAN2_TX_IRQHandler                       0x08003da3   Thumb Code     0  startup_stm32f40_41xxx.o(.text)
    CRYP_IRQHandler                          0x08003da3   Thumb Code     0  startup_stm32f40_41xxx.o(.text)
    DCMI_IRQHandler                          0x08003da3   Thumb Code     0  startup_stm32f40_41xxx.o(.text)
    DMA1_Stream0_IRQHandler                  0x08003da3   Thumb Code     0  startup_stm32f40_41xxx.o(.text)
    DMA1_Stream1_IRQHandler                  0x08003da3   Thumb Code     0  startup_stm32f40_41xxx.o(.text)
    DMA1_Stream2_IRQHandler                  0x08003da3   Thumb Code     0  startup_stm32f40_41xxx.o(.text)
    DMA1_Stream3_IRQHandler                  0x08003da3   Thumb Code     0  startup_stm32f40_41xxx.o(.text)
    DMA1_Stream4_IRQHandler                  0x08003da3   Thumb Code     0  startup_stm32f40_41xxx.o(.text)
    DMA1_Stream5_IRQHandler                  0x08003da3   Thumb Code     0  startup_stm32f40_41xxx.o(.text)
    DMA1_Stream6_IRQHandler                  0x08003da3   Thumb Code     0  startup_stm32f40_41xxx.o(.text)
    DMA1_Stream7_IRQHandler                  0x08003da3   Thumb Code     0  startup_stm32f40_41xxx.o(.text)
    DMA2_Stream0_IRQHandler                  0x08003da3   Thumb Code     0  startup_stm32f40_41xxx.o(.text)
    DMA2_Stream1_IRQHandler                  0x08003da3   Thumb Code     0  startup_stm32f40_41xxx.o(.text)
    DMA2_Stream2_IRQHandler                  0x08003da3   Thumb Code     0  startup_stm32f40_41xxx.o(.text)
    DMA2_Stream3_IRQHandler                  0x08003da3   Thumb Code     0  startup_stm32f40_41xxx.o(.text)
    DMA2_Stream4_IRQHandler                  0x08003da3   Thumb Code     0  startup_stm32f40_41xxx.o(.text)
    DMA2_Stream5_IRQHandler                  0x08003da3   Thumb Code     0  startup_stm32f40_41xxx.o(.text)
    DMA2_Stream6_IRQHandler                  0x08003da3   Thumb Code     0  startup_stm32f40_41xxx.o(.text)
    DMA2_Stream7_IRQHandler                  0x08003da3   Thumb Code     0  startup_stm32f40_41xxx.o(.text)
    ETH_IRQHandler                           0x08003da3   Thumb Code     0  startup_stm32f40_41xxx.o(.text)
    ETH_WKUP_IRQHandler                      0x08003da3   Thumb Code     0  startup_stm32f40_41xxx.o(.text)
    EXTI0_IRQHandler                         0x08003da3   Thumb Code     0  startup_stm32f40_41xxx.o(.text)
    EXTI15_10_IRQHandler                     0x08003da3   Thumb Code     0  startup_stm32f40_41xxx.o(.text)
    EXTI1_IRQHandler                         0x08003da3   Thumb Code     0  startup_stm32f40_41xxx.o(.text)
    EXTI2_IRQHandler                         0x08003da3   Thumb Code     0  startup_stm32f40_41xxx.o(.text)
    EXTI3_IRQHandler                         0x08003da3   Thumb Code     0  startup_stm32f40_41xxx.o(.text)
    EXTI4_IRQHandler                         0x08003da3   Thumb Code     0  startup_stm32f40_41xxx.o(.text)
    FLASH_IRQHandler                         0x08003da3   Thumb Code     0  startup_stm32f40_41xxx.o(.text)
    FPU_IRQHandler                           0x08003da3   Thumb Code     0  startup_stm32f40_41xxx.o(.text)
    FSMC_IRQHandler                          0x08003da3   Thumb Code     0  startup_stm32f40_41xxx.o(.text)
    HASH_RNG_IRQHandler                      0x08003da3   Thumb Code     0  startup_stm32f40_41xxx.o(.text)
    I2C1_ER_IRQHandler                       0x08003da3   Thumb Code     0  startup_stm32f40_41xxx.o(.text)
    I2C1_EV_IRQHandler                       0x08003da3   Thumb Code     0  startup_stm32f40_41xxx.o(.text)
    I2C2_ER_IRQHandler                       0x08003da3   Thumb Code     0  startup_stm32f40_41xxx.o(.text)
    I2C2_EV_IRQHandler                       0x08003da3   Thumb Code     0  startup_stm32f40_41xxx.o(.text)
    I2C3_ER_IRQHandler                       0x08003da3   Thumb Code     0  startup_stm32f40_41xxx.o(.text)
    I2C3_EV_IRQHandler                       0x08003da3   Thumb Code     0  startup_stm32f40_41xxx.o(.text)
    OTG_FS_IRQHandler                        0x08003da3   Thumb Code     0  startup_stm32f40_41xxx.o(.text)
    OTG_FS_WKUP_IRQHandler                   0x08003da3   Thumb Code     0  startup_stm32f40_41xxx.o(.text)
    OTG_HS_EP1_IN_IRQHandler                 0x08003da3   Thumb Code     0  startup_stm32f40_41xxx.o(.text)
    OTG_HS_EP1_OUT_IRQHandler                0x08003da3   Thumb Code     0  startup_stm32f40_41xxx.o(.text)
    OTG_HS_IRQHandler                        0x08003da3   Thumb Code     0  startup_stm32f40_41xxx.o(.text)
    OTG_HS_WKUP_IRQHandler                   0x08003da3   Thumb Code     0  startup_stm32f40_41xxx.o(.text)
    PVD_IRQHandler                           0x08003da3   Thumb Code     0  startup_stm32f40_41xxx.o(.text)
    RCC_IRQHandler                           0x08003da3   Thumb Code     0  startup_stm32f40_41xxx.o(.text)
    RTC_Alarm_IRQHandler                     0x08003da3   Thumb Code     0  startup_stm32f40_41xxx.o(.text)
    RTC_WKUP_IRQHandler                      0x08003da3   Thumb Code     0  startup_stm32f40_41xxx.o(.text)
    SDIO_IRQHandler                          0x08003da3   Thumb Code     0  startup_stm32f40_41xxx.o(.text)
    SPI1_IRQHandler                          0x08003da3   Thumb Code     0  startup_stm32f40_41xxx.o(.text)
    SPI2_IRQHandler                          0x08003da3   Thumb Code     0  startup_stm32f40_41xxx.o(.text)
    SPI3_IRQHandler                          0x08003da3   Thumb Code     0  startup_stm32f40_41xxx.o(.text)
    TAMP_STAMP_IRQHandler                    0x08003da3   Thumb Code     0  startup_stm32f40_41xxx.o(.text)
    TIM1_BRK_TIM9_IRQHandler                 0x08003da3   Thumb Code     0  startup_stm32f40_41xxx.o(.text)
    TIM1_CC_IRQHandler                       0x08003da3   Thumb Code     0  startup_stm32f40_41xxx.o(.text)
    TIM1_TRG_COM_TIM11_IRQHandler            0x08003da3   Thumb Code     0  startup_stm32f40_41xxx.o(.text)
    TIM1_UP_TIM10_IRQHandler                 0x08003da3   Thumb Code     0  startup_stm32f40_41xxx.o(.text)
    TIM2_IRQHandler                          0x08003da3   Thumb Code     0  startup_stm32f40_41xxx.o(.text)
    TIM3_IRQHandler                          0x08003da3   Thumb Code     0  startup_stm32f40_41xxx.o(.text)
    TIM5_IRQHandler                          0x08003da3   Thumb Code     0  startup_stm32f40_41xxx.o(.text)
    TIM6_DAC_IRQHandler                      0x08003da3   Thumb Code     0  startup_stm32f40_41xxx.o(.text)
    TIM7_IRQHandler                          0x08003da3   Thumb Code     0  startup_stm32f40_41xxx.o(.text)
    TIM8_BRK_TIM12_IRQHandler                0x08003da3   Thumb Code     0  startup_stm32f40_41xxx.o(.text)
    TIM8_CC_IRQHandler                       0x08003da3   Thumb Code     0  startup_stm32f40_41xxx.o(.text)
    TIM8_TRG_COM_TIM14_IRQHandler            0x08003da3   Thumb Code     0  startup_stm32f40_41xxx.o(.text)
    TIM8_UP_TIM13_IRQHandler                 0x08003da3   Thumb Code     0  startup_stm32f40_41xxx.o(.text)
    UART4_IRQHandler                         0x08003da3   Thumb Code     0  startup_stm32f40_41xxx.o(.text)
    UART5_IRQHandler                         0x08003da3   Thumb Code     0  startup_stm32f40_41xxx.o(.text)
    USART2_IRQHandler                        0x08003da3   Thumb Code     0  startup_stm32f40_41xxx.o(.text)
    USART3_IRQHandler                        0x08003da3   Thumb Code     0  startup_stm32f40_41xxx.o(.text)
    USART6_IRQHandler                        0x08003da3   Thumb Code     0  startup_stm32f40_41xxx.o(.text)
    WWDG_IRQHandler                          0x08003da3   Thumb Code     0  startup_stm32f40_41xxx.o(.text)
    __user_initial_stackheap                 0x08003da5   Thumb Code     0  startup_stm32f40_41xxx.o(.text)
    NVIC_PriorityGroupConfig                 0x08003dc9   Thumb Code    10  misc.o(.text)
    NVIC_Init                                0x08003dd3   Thumb Code    96  misc.o(.text)
    NVIC_SetVectorTable                      0x08003e33   Thumb Code    14  misc.o(.text)
    NVIC_SystemLPConfig                      0x08003e41   Thumb Code    20  misc.o(.text)
    SysTick_CLKSourceConfig                  0x08003e55   Thumb Code    24  misc.o(.text)
    GPIO_DeInit                              0x08003e79   Thumb Code   216  stm32f4xx_gpio.o(.text)
    GPIO_Init                                0x08003f51   Thumb Code   120  stm32f4xx_gpio.o(.text)
    GPIO_StructInit                          0x08003fc9   Thumb Code    18  stm32f4xx_gpio.o(.text)
    GPIO_PinLockConfig                       0x08003fdb   Thumb Code    24  stm32f4xx_gpio.o(.text)
    GPIO_ReadInputDataBit                    0x08003ff3   Thumb Code    14  stm32f4xx_gpio.o(.text)
    GPIO_ReadInputData                       0x08004001   Thumb Code     6  stm32f4xx_gpio.o(.text)
    GPIO_ReadOutputDataBit                   0x08004007   Thumb Code    14  stm32f4xx_gpio.o(.text)
    GPIO_ReadOutputData                      0x08004015   Thumb Code     6  stm32f4xx_gpio.o(.text)
    GPIO_SetBits                             0x0800401b   Thumb Code     4  stm32f4xx_gpio.o(.text)
    GPIO_ResetBits                           0x0800401f   Thumb Code     4  stm32f4xx_gpio.o(.text)
    GPIO_WriteBit                            0x08004023   Thumb Code    10  stm32f4xx_gpio.o(.text)
    GPIO_Write                               0x0800402d   Thumb Code     4  stm32f4xx_gpio.o(.text)
    GPIO_ToggleBits                          0x08004031   Thumb Code     8  stm32f4xx_gpio.o(.text)
    GPIO_PinAFConfig                         0x08004039   Thumb Code    32  stm32f4xx_gpio.o(.text)
    FSMC_NORSRAMDeInit                       0x08004085   Thumb Code    38  stm32f4xx_fsmc.o(.text)
    FSMC_NORSRAMInit                         0x080040ab   Thumb Code   200  stm32f4xx_fsmc.o(.text)
    FSMC_NORSRAMStructInit                   0x08004173   Thumb Code    42  stm32f4xx_fsmc.o(.text)
    FSMC_NORSRAMCmd                          0x0800419d   Thumb Code    26  stm32f4xx_fsmc.o(.text)
    FSMC_NANDDeInit                          0x080041b7   Thumb Code    40  stm32f4xx_fsmc.o(.text)
    FSMC_NANDInit                            0x080041df   Thumb Code   104  stm32f4xx_fsmc.o(.text)
    FSMC_NANDStructInit                      0x08004247   Thumb Code    54  stm32f4xx_fsmc.o(.text)
    FSMC_NANDCmd                             0x0800427d   Thumb Code    54  stm32f4xx_fsmc.o(.text)
    FSMC_NANDECCCmd                          0x080042b3   Thumb Code    54  stm32f4xx_fsmc.o(.text)
    FSMC_GetECC                              0x080042e9   Thumb Code    18  stm32f4xx_fsmc.o(.text)
    FSMC_PCCARDDeInit                        0x080042fb   Thumb Code    26  stm32f4xx_fsmc.o(.text)
    FSMC_PCCARDInit                          0x08004315   Thumb Code   102  stm32f4xx_fsmc.o(.text)
    FSMC_PCCARDStructInit                    0x0800437b   Thumb Code    60  stm32f4xx_fsmc.o(.text)
    FSMC_PCCARDCmd                           0x080043b7   Thumb Code    28  stm32f4xx_fsmc.o(.text)
    FSMC_ITConfig                            0x080043d3   Thumb Code    72  stm32f4xx_fsmc.o(.text)
    FSMC_GetFlagStatus                       0x0800441b   Thumb Code    40  stm32f4xx_fsmc.o(.text)
    FSMC_ClearFlag                           0x08004443   Thumb Code    38  stm32f4xx_fsmc.o(.text)
    FSMC_GetITStatus                         0x08004469   Thumb Code    48  stm32f4xx_fsmc.o(.text)
    FSMC_ClearITPendingBit                   0x08004499   Thumb Code    42  stm32f4xx_fsmc.o(.text)
    RCC_DeInit                               0x080044cd   Thumb Code    68  stm32f4xx_rcc.o(.text)
    RCC_HSEConfig                            0x08004511   Thumb Code    12  stm32f4xx_rcc.o(.text)
    RCC_GetFlagStatus                        0x0800451d   Thumb Code    46  stm32f4xx_rcc.o(.text)
    RCC_WaitForHSEStartUp                    0x0800454b   Thumb Code    44  stm32f4xx_rcc.o(.text)
    RCC_AdjustHSICalibrationValue            0x08004577   Thumb Code    16  stm32f4xx_rcc.o(.text)
    RCC_HSICmd                               0x08004587   Thumb Code     6  stm32f4xx_rcc.o(.text)
    RCC_LSEConfig                            0x0800458d   Thumb Code    24  stm32f4xx_rcc.o(.text)
    RCC_LSICmd                               0x080045a5   Thumb Code     6  stm32f4xx_rcc.o(.text)
    RCC_PLLConfig                            0x080045ab   Thumb Code    32  stm32f4xx_rcc.o(.text)
    RCC_PLLCmd                               0x080045cb   Thumb Code     6  stm32f4xx_rcc.o(.text)
    RCC_PLLI2SConfig                         0x080045d1   Thumb Code    14  stm32f4xx_rcc.o(.text)
    RCC_PLLI2SCmd                            0x080045df   Thumb Code     6  stm32f4xx_rcc.o(.text)
    RCC_PLLSAIConfig                         0x080045e5   Thumb Code    18  stm32f4xx_rcc.o(.text)
    RCC_PLLSAICmd                            0x080045f7   Thumb Code     6  stm32f4xx_rcc.o(.text)
    RCC_ClockSecuritySystemCmd               0x080045fd   Thumb Code     6  stm32f4xx_rcc.o(.text)
    RCC_MCO1Config                           0x08004603   Thumb Code    18  stm32f4xx_rcc.o(.text)
    RCC_MCO2Config                           0x08004615   Thumb Code    18  stm32f4xx_rcc.o(.text)
    RCC_SYSCLKConfig                         0x08004627   Thumb Code    16  stm32f4xx_rcc.o(.text)
    RCC_GetSYSCLKSource                      0x08004637   Thumb Code    12  stm32f4xx_rcc.o(.text)
    RCC_HCLKConfig                           0x08004643   Thumb Code    16  stm32f4xx_rcc.o(.text)
    RCC_PCLK1Config                          0x08004653   Thumb Code    16  stm32f4xx_rcc.o(.text)
    RCC_PCLK2Config                          0x08004663   Thumb Code    18  stm32f4xx_rcc.o(.text)
    RCC_GetClocksFreq                        0x08004675   Thumb Code   134  stm32f4xx_rcc.o(.text)
    RCC_RTCCLKConfig                         0x080046fb   Thumb Code    42  stm32f4xx_rcc.o(.text)
    RCC_RTCCLKCmd                            0x08004725   Thumb Code     8  stm32f4xx_rcc.o(.text)
    RCC_BackupResetCmd                       0x0800472d   Thumb Code     8  stm32f4xx_rcc.o(.text)
    RCC_I2SCLKConfig                         0x08004735   Thumb Code     8  stm32f4xx_rcc.o(.text)
    RCC_SAIPLLI2SClkDivConfig                0x0800473d   Thumb Code    18  stm32f4xx_rcc.o(.text)
    RCC_SAIPLLSAIClkDivConfig                0x0800474f   Thumb Code    24  stm32f4xx_rcc.o(.text)
    RCC_SAIBlockACLKConfig                   0x08004767   Thumb Code    16  stm32f4xx_rcc.o(.text)
    RCC_SAIBlockBCLKConfig                   0x08004777   Thumb Code    16  stm32f4xx_rcc.o(.text)
    RCC_LTDCCLKDivConfig                     0x08004787   Thumb Code    16  stm32f4xx_rcc.o(.text)
    RCC_TIMCLKPresConfig                     0x08004797   Thumb Code     8  stm32f4xx_rcc.o(.text)
    RCC_AHB1PeriphClockCmd                   0x0800479f   Thumb Code    20  stm32f4xx_rcc.o(.text)
    RCC_AHB2PeriphClockCmd                   0x080047b3   Thumb Code    20  stm32f4xx_rcc.o(.text)
    RCC_AHB3PeriphClockCmd                   0x080047c7   Thumb Code    20  stm32f4xx_rcc.o(.text)
    RCC_APB1PeriphClockCmd                   0x080047db   Thumb Code    20  stm32f4xx_rcc.o(.text)
    RCC_APB2PeriphClockCmd                   0x080047ef   Thumb Code    20  stm32f4xx_rcc.o(.text)
    RCC_AHB1PeriphResetCmd                   0x08004803   Thumb Code    20  stm32f4xx_rcc.o(.text)
    RCC_AHB2PeriphResetCmd                   0x08004817   Thumb Code    20  stm32f4xx_rcc.o(.text)
    RCC_AHB3PeriphResetCmd                   0x0800482b   Thumb Code    20  stm32f4xx_rcc.o(.text)
    RCC_APB1PeriphResetCmd                   0x0800483f   Thumb Code    20  stm32f4xx_rcc.o(.text)
    RCC_APB2PeriphResetCmd                   0x08004853   Thumb Code    20  stm32f4xx_rcc.o(.text)
    RCC_AHB1PeriphClockLPModeCmd             0x08004867   Thumb Code    20  stm32f4xx_rcc.o(.text)
    RCC_AHB2PeriphClockLPModeCmd             0x0800487b   Thumb Code    20  stm32f4xx_rcc.o(.text)
    RCC_AHB3PeriphClockLPModeCmd             0x0800488f   Thumb Code    20  stm32f4xx_rcc.o(.text)
    RCC_APB1PeriphClockLPModeCmd             0x080048a3   Thumb Code    64  stm32f4xx_rcc.o(.text)
    RCC_APB2PeriphClockLPModeCmd             0x080048e3   Thumb Code    18  stm32f4xx_rcc.o(.text)
    RCC_LSEModeConfig                        0x080048f5   Thumb Code    24  stm32f4xx_rcc.o(.text)
    RCC_ITConfig                             0x0800490d   Thumb Code    20  stm32f4xx_rcc.o(.text)
    RCC_ClearFlag                            0x08004921   Thumb Code    14  stm32f4xx_rcc.o(.text)
    RCC_GetITStatus                          0x0800492f   Thumb Code    18  stm32f4xx_rcc.o(.text)
    RCC_ClearITPendingBit                    0x08004941   Thumb Code     8  stm32f4xx_rcc.o(.text)
    SYSCFG_DeInit                            0x0800494d   Thumb Code    24  stm32f4xx_syscfg.o(.text)
    SYSCFG_MemoryRemapConfig                 0x08004965   Thumb Code     6  stm32f4xx_syscfg.o(.text)
    SYSCFG_MemorySwappingBank                0x0800496b   Thumb Code     6  stm32f4xx_syscfg.o(.text)
    SYSCFG_EXTILineConfig                    0x08004971   Thumb Code    42  stm32f4xx_syscfg.o(.text)
    SYSCFG_ETH_MediaInterfaceConfig          0x0800499b   Thumb Code     8  stm32f4xx_syscfg.o(.text)
    SYSCFG_CompensationCellCmd               0x080049a3   Thumb Code     6  stm32f4xx_syscfg.o(.text)
    SYSCFG_GetCompensationCellStatus         0x080049a9   Thumb Code    16  stm32f4xx_syscfg.o(.text)
    USART_DeInit                             0x080049c9   Thumb Code   138  stm32f4xx_usart.o(.text)
    USART_Init                               0x08004a53   Thumb Code   164  stm32f4xx_usart.o(.text)
    USART_StructInit                         0x08004af7   Thumb Code    22  stm32f4xx_usart.o(.text)
    USART_ClockInit                          0x08004b0d   Thumb Code    28  stm32f4xx_usart.o(.text)
    USART_ClockStructInit                    0x08004b29   Thumb Code    12  stm32f4xx_usart.o(.text)
    USART_Cmd                                0x08004b35   Thumb Code    20  stm32f4xx_usart.o(.text)
    USART_SetPrescaler                       0x08004b49   Thumb Code    16  stm32f4xx_usart.o(.text)
    USART_OverSampling8Cmd                   0x08004b59   Thumb Code    20  stm32f4xx_usart.o(.text)
    USART_OneBitMethodCmd                    0x08004b6d   Thumb Code    20  stm32f4xx_usart.o(.text)
    USART_SendData                           0x08004b81   Thumb Code     8  stm32f4xx_usart.o(.text)
    USART_ReceiveData                        0x08004b89   Thumb Code     8  stm32f4xx_usart.o(.text)
    USART_SetAddress                         0x08004b91   Thumb Code    16  stm32f4xx_usart.o(.text)
    USART_ReceiverWakeUpCmd                  0x08004ba1   Thumb Code    20  stm32f4xx_usart.o(.text)
    USART_WakeUpConfig                       0x08004bb5   Thumb Code    16  stm32f4xx_usart.o(.text)
    USART_LINBreakDetectLengthConfig         0x08004bc5   Thumb Code    16  stm32f4xx_usart.o(.text)
    USART_LINCmd                             0x08004bd5   Thumb Code    20  stm32f4xx_usart.o(.text)
    USART_SendBreak                          0x08004be9   Thumb Code    10  stm32f4xx_usart.o(.text)
    USART_HalfDuplexCmd                      0x08004bf3   Thumb Code    20  stm32f4xx_usart.o(.text)
    USART_SetGuardTime                       0x08004c07   Thumb Code    16  stm32f4xx_usart.o(.text)
    USART_SmartCardCmd                       0x08004c17   Thumb Code    20  stm32f4xx_usart.o(.text)
    USART_SmartCardNACKCmd                   0x08004c2b   Thumb Code    20  stm32f4xx_usart.o(.text)
    USART_IrDAConfig                         0x08004c3f   Thumb Code    16  stm32f4xx_usart.o(.text)
    USART_IrDACmd                            0x08004c4f   Thumb Code    20  stm32f4xx_usart.o(.text)
    USART_DMACmd                             0x08004c63   Thumb Code    16  stm32f4xx_usart.o(.text)
    USART_ITConfig                           0x08004c73   Thumb Code    48  stm32f4xx_usart.o(.text)
    USART_GetFlagStatus                      0x08004ca3   Thumb Code    14  stm32f4xx_usart.o(.text)
    USART_ClearFlag                          0x08004cb1   Thumb Code     6  stm32f4xx_usart.o(.text)
    USART_GetITStatus                        0x08004cb7   Thumb Code    62  stm32f4xx_usart.o(.text)
    USART_ClearITPendingBit                  0x08004cf5   Thumb Code    12  stm32f4xx_usart.o(.text)
    EXTI_DeInit                              0x08004d21   Thumb Code    28  stm32f4xx_exti.o(.text)
    EXTI_Init                                0x08004d3d   Thumb Code   108  stm32f4xx_exti.o(.text)
    EXTI_StructInit                          0x08004da9   Thumb Code    14  stm32f4xx_exti.o(.text)
    EXTI_GenerateSWInterrupt                 0x08004db7   Thumb Code    12  stm32f4xx_exti.o(.text)
    EXTI_GetFlagStatus                       0x08004dc3   Thumb Code    18  stm32f4xx_exti.o(.text)
    EXTI_ClearFlag                           0x08004dd5   Thumb Code     8  stm32f4xx_exti.o(.text)
    EXTI_GetITStatus                         0x08004ddd   Thumb Code    18  stm32f4xx_exti.o(.text)
    EXTI_ClearITPendingBit                   0x08004def   Thumb Code     8  stm32f4xx_exti.o(.text)
    TIM_DeInit                               0x08004e01   Thumb Code   284  stm32f4xx_tim.o(.text)
    TIM_TimeBaseInit                         0x08004f1d   Thumb Code    96  stm32f4xx_tim.o(.text)
    TIM_TimeBaseStructInit                   0x08004f7d   Thumb Code    18  stm32f4xx_tim.o(.text)
    TIM_PrescalerConfig                      0x08004f8f   Thumb Code     6  stm32f4xx_tim.o(.text)
    TIM_CounterModeConfig                    0x08004f95   Thumb Code    12  stm32f4xx_tim.o(.text)
    TIM_SetCounter                           0x08004fa1   Thumb Code     4  stm32f4xx_tim.o(.text)
    TIM_SetAutoreload                        0x08004fa5   Thumb Code     4  stm32f4xx_tim.o(.text)
    TIM_GetCounter                           0x08004fa9   Thumb Code     4  stm32f4xx_tim.o(.text)
    TIM_GetPrescaler                         0x08004fad   Thumb Code     4  stm32f4xx_tim.o(.text)
    TIM_UpdateDisableConfig                  0x08004fb1   Thumb Code    20  stm32f4xx_tim.o(.text)
    TIM_UpdateRequestConfig                  0x08004fc5   Thumb Code    20  stm32f4xx_tim.o(.text)
    TIM_ARRPreloadConfig                     0x08004fd9   Thumb Code    20  stm32f4xx_tim.o(.text)
    TIM_SelectOnePulseMode                   0x08004fed   Thumb Code    16  stm32f4xx_tim.o(.text)
    TIM_SetClockDivision                     0x08004ffd   Thumb Code    16  stm32f4xx_tim.o(.text)
    TIM_Cmd                                  0x0800500d   Thumb Code    20  stm32f4xx_tim.o(.text)
    TIM_OC1Init                              0x08005021   Thumb Code    88  stm32f4xx_tim.o(.text)
    TIM_OC2Init                              0x08005079   Thumb Code   120  stm32f4xx_tim.o(.text)
    TIM_OC3Init                              0x080050f1   Thumb Code   116  stm32f4xx_tim.o(.text)
    TIM_OC4Init                              0x08005165   Thumb Code    88  stm32f4xx_tim.o(.text)
    TIM_OCStructInit                         0x080051bd   Thumb Code    20  stm32f4xx_tim.o(.text)
    TIM_SelectOCxM                           0x080051d1   Thumb Code   130  stm32f4xx_tim.o(.text)
    TIM_SetCompare1                          0x08005253   Thumb Code     4  stm32f4xx_tim.o(.text)
    TIM_SetCompare2                          0x08005257   Thumb Code     4  stm32f4xx_tim.o(.text)
    TIM_SetCompare3                          0x0800525b   Thumb Code     4  stm32f4xx_tim.o(.text)
    TIM_SetCompare4                          0x0800525f   Thumb Code     4  stm32f4xx_tim.o(.text)
    TIM_ForcedOC1Config                      0x08005263   Thumb Code    12  stm32f4xx_tim.o(.text)
    TIM_ForcedOC2Config                      0x0800526f   Thumb Code    20  stm32f4xx_tim.o(.text)
    TIM_ForcedOC3Config                      0x08005283   Thumb Code    12  stm32f4xx_tim.o(.text)
    TIM_ForcedOC4Config                      0x0800528f   Thumb Code    20  stm32f4xx_tim.o(.text)
    TIM_OC1PreloadConfig                     0x080052a3   Thumb Code    12  stm32f4xx_tim.o(.text)
    TIM_OC2PreloadConfig                     0x080052af   Thumb Code    20  stm32f4xx_tim.o(.text)
    TIM_OC3PreloadConfig                     0x080052c3   Thumb Code    12  stm32f4xx_tim.o(.text)
    TIM_OC4PreloadConfig                     0x080052cf   Thumb Code    20  stm32f4xx_tim.o(.text)
    TIM_OC1FastConfig                        0x080052e3   Thumb Code    12  stm32f4xx_tim.o(.text)
    TIM_OC2FastConfig                        0x080052ef   Thumb Code    20  stm32f4xx_tim.o(.text)
    TIM_OC3FastConfig                        0x08005303   Thumb Code    12  stm32f4xx_tim.o(.text)
    TIM_OC4FastConfig                        0x0800530f   Thumb Code    20  stm32f4xx_tim.o(.text)
    TIM_ClearOC1Ref                          0x08005323   Thumb Code    12  stm32f4xx_tim.o(.text)
    TIM_ClearOC2Ref                          0x0800532f   Thumb Code    20  stm32f4xx_tim.o(.text)
    TIM_ClearOC3Ref                          0x08005343   Thumb Code    12  stm32f4xx_tim.o(.text)
    TIM_ClearOC4Ref                          0x0800534f   Thumb Code    20  stm32f4xx_tim.o(.text)
    TIM_OC1PolarityConfig                    0x08005363   Thumb Code    12  stm32f4xx_tim.o(.text)
    TIM_OC1NPolarityConfig                   0x0800536f   Thumb Code    12  stm32f4xx_tim.o(.text)
    TIM_OC2PolarityConfig                    0x0800537b   Thumb Code    20  stm32f4xx_tim.o(.text)
    TIM_OC2NPolarityConfig                   0x0800538f   Thumb Code    20  stm32f4xx_tim.o(.text)
    TIM_OC3PolarityConfig                    0x080053a3   Thumb Code    20  stm32f4xx_tim.o(.text)
    TIM_OC3NPolarityConfig                   0x080053b7   Thumb Code    20  stm32f4xx_tim.o(.text)
    TIM_OC4PolarityConfig                    0x080053cb   Thumb Code    20  stm32f4xx_tim.o(.text)
    TIM_CCxCmd                               0x080053df   Thumb Code    22  stm32f4xx_tim.o(.text)
    TIM_CCxNCmd                              0x080053f5   Thumb Code    22  stm32f4xx_tim.o(.text)
    TIM_SetIC4Prescaler                      0x0800540b   Thumb Code    24  stm32f4xx_tim.o(.text)
    TIM_SetIC3Prescaler                      0x08005423   Thumb Code    16  stm32f4xx_tim.o(.text)
    TIM_SetIC2Prescaler                      0x08005433   Thumb Code    24  stm32f4xx_tim.o(.text)
    TIM_SetIC1Prescaler                      0x08005481   Thumb Code    16  stm32f4xx_tim.o(.text)
    TIM_ICInit                               0x08005491   Thumb Code   164  stm32f4xx_tim.o(.text)
    TIM_ICStructInit                         0x08005535   Thumb Code    16  stm32f4xx_tim.o(.text)
    TIM_PWMIConfig                           0x08005545   Thumb Code   104  stm32f4xx_tim.o(.text)
    TIM_GetCapture1                          0x080055ad   Thumb Code     4  stm32f4xx_tim.o(.text)
    TIM_GetCapture2                          0x080055b1   Thumb Code     4  stm32f4xx_tim.o(.text)
    TIM_GetCapture3                          0x080055b5   Thumb Code     4  stm32f4xx_tim.o(.text)
    TIM_GetCapture4                          0x080055b9   Thumb Code     4  stm32f4xx_tim.o(.text)
    TIM_BDTRConfig                           0x080055bd   Thumb Code    34  stm32f4xx_tim.o(.text)
    TIM_BDTRStructInit                       0x080055df   Thumb Code    18  stm32f4xx_tim.o(.text)
    TIM_CtrlPWMOutputs                       0x080055f1   Thumb Code    22  stm32f4xx_tim.o(.text)
    TIM_SelectCOM                            0x08005607   Thumb Code    20  stm32f4xx_tim.o(.text)
    TIM_CCPreloadControl                     0x0800561b   Thumb Code    20  stm32f4xx_tim.o(.text)
    TIM_ITConfig                             0x0800562f   Thumb Code    16  stm32f4xx_tim.o(.text)
    TIM_GenerateEvent                        0x0800563f   Thumb Code     4  stm32f4xx_tim.o(.text)
    TIM_GetFlagStatus                        0x08005643   Thumb Code    14  stm32f4xx_tim.o(.text)
    TIM_ClearFlag                            0x08005651   Thumb Code     6  stm32f4xx_tim.o(.text)
    TIM_GetITStatus                          0x08005657   Thumb Code    24  stm32f4xx_tim.o(.text)
    TIM_ClearITPendingBit                    0x0800566f   Thumb Code     6  stm32f4xx_tim.o(.text)
    TIM_DMAConfig                            0x08005675   Thumb Code     8  stm32f4xx_tim.o(.text)
    TIM_DMACmd                               0x0800567d   Thumb Code    16  stm32f4xx_tim.o(.text)
    TIM_SelectCCDMA                          0x0800568d   Thumb Code    20  stm32f4xx_tim.o(.text)
    TIM_InternalClockConfig                  0x080056a1   Thumb Code    10  stm32f4xx_tim.o(.text)
    TIM_SelectInputTrigger                   0x080056ab   Thumb Code    12  stm32f4xx_tim.o(.text)
    TIM_ITRxExternalClockConfig              0x080056b7   Thumb Code    18  stm32f4xx_tim.o(.text)
    TIM_TIxExternalClockConfig               0x080056c9   Thumb Code    46  stm32f4xx_tim.o(.text)
    TIM_ETRConfig                            0x080056f7   Thumb Code    24  stm32f4xx_tim.o(.text)
    TIM_ETRClockMode1Config                  0x0800570f   Thumb Code    18  stm32f4xx_tim.o(.text)
    TIM_ETRClockMode2Config                  0x08005721   Thumb Code    18  stm32f4xx_tim.o(.text)
    TIM_SelectOutputTrigger                  0x08005733   Thumb Code    16  stm32f4xx_tim.o(.text)
    TIM_SelectSlaveMode                      0x08005743   Thumb Code    16  stm32f4xx_tim.o(.text)
    TIM_SelectMasterSlaveMode                0x08005753   Thumb Code    16  stm32f4xx_tim.o(.text)
    TIM_EncoderInterfaceConfig               0x08005763   Thumb Code    50  stm32f4xx_tim.o(.text)
    TIM_SelectHallSensor                     0x08005795   Thumb Code    20  stm32f4xx_tim.o(.text)
    TIM_RemapConfig                          0x080057a9   Thumb Code     6  stm32f4xx_tim.o(.text)
    VL53L0X_GetVersion                       0x080057dd   Thumb Code    22  vl53l0x_api.o(.text)
    VL53L0X_GetPalSpecVersion                0x080057f3   Thumb Code    24  vl53l0x_api.o(.text)
    VL53L0X_GetProductRevision               0x0800580b   Thumb Code    28  vl53l0x_api.o(.text)
    VL53L0X_GetDeviceInfo                    0x08005827   Thumb Code     4  vl53l0x_api.o(.text)
    VL53L0X_GetDeviceErrorStatus             0x0800582b   Thumb Code    24  vl53l0x_api.o(.text)
    VL53L0X_GetDeviceErrorString             0x08005843   Thumb Code     4  vl53l0x_api.o(.text)
    VL53L0X_GetRangeStatusString             0x08005847   Thumb Code     4  vl53l0x_api.o(.text)
    VL53L0X_GetPalErrorString                0x0800584b   Thumb Code     4  vl53l0x_api.o(.text)
    VL53L0X_GetPalStateString                0x0800584f   Thumb Code     4  vl53l0x_api.o(.text)
    VL53L0X_GetPalState                      0x08005853   Thumb Code    12  vl53l0x_api.o(.text)
    VL53L0X_GetVcselPulsePeriod              0x0800585f   Thumb Code     4  vl53l0x_api.o(.text)
    VL53L0X_SetMeasurementTimingBudgetMicroSeconds 0x08005863   Thumb Code     4  vl53l0x_api.o(.text)
    VL53L0X_SetSequenceStepEnable            0x08005867   Thumb Code   172  vl53l0x_api.o(.text)
    VL53L0X_GetFractionEnable                0x08005913   Thumb Code    26  vl53l0x_api.o(.text)
    VL53L0X_GetMeasurementTimingBudgetMicroSeconds 0x0800592d   Thumb Code     4  vl53l0x_api.o(.text)
    VL53L0X_GetWrapAroundCheckEnable         0x08005931   Thumb Code    44  vl53l0x_api.o(.text)
    VL53L0X_GetLimitCheckEnable              0x0800595d   Thumb Code    24  vl53l0x_api.o(.text)
    VL53L0X_GetLimitCheckValue               0x08005975   Thumb Code   130  vl53l0x_api.o(.text)
    VL53L0X_GetOffsetCalibrationDataMicroMeter 0x080059f7   Thumb Code     4  vl53l0x_api.o(.text)
    VL53L0X_GetXTalkCompensationRateMegaCps  0x080059fb   Thumb Code    44  vl53l0x_api.o(.text)
    VL53L0X_GetInterMeasurementPeriodMilliSeconds 0x08005a27   Thumb Code    54  vl53l0x_api.o(.text)
    VL53L0X_GetDeviceMode                    0x08005a5d   Thumb Code    10  vl53l0x_api.o(.text)
    VL53L0X_GetDeviceParameters              0x08005a67   Thumb Code   126  vl53l0x_api.o(.text)
    VL53L0X_ClearInterruptMask               0x08005ae5   Thumb Code    76  vl53l0x_api.o(.text)
    VL53L0X_SetGpioConfig                    0x08005b31   Thumb Code   340  vl53l0x_api.o(.text)
    VL53L0X_StaticInit                       0x08005c85   Thumb Code   368  vl53l0x_api.o(.text)
    VL53L0X_SetPowerMode                     0x08005df5   Thumb Code    70  vl53l0x_api.o(.text)
    VL53L0X_GetPowerMode                     0x08005e3b   Thumb Code    36  vl53l0x_api.o(.text)
    VL53L0X_SetOffsetCalibrationDataMicroMeter 0x08005e5f   Thumb Code     4  vl53l0x_api.o(.text)
    VL53L0X_SetLinearityCorrectiveGain       0x08005e63   Thumb Code    34  vl53l0x_api.o(.text)
    VL53L0X_GetLinearityCorrectiveGain       0x08005e85   Thumb Code    12  vl53l0x_api.o(.text)
    VL53L0X_SetGroupParamHold                0x08005e91   Thumb Code     6  vl53l0x_api.o(.text)
    VL53L0X_GetUpperLimitMilliMeter          0x08005e97   Thumb Code     6  vl53l0x_api.o(.text)
    VL53L0X_GetTotalSignalRate               0x08005e9d   Thumb Code    34  vl53l0x_api.o(.text)
    VL53L0X_SetDeviceAddress                 0x08005ebf   Thumb Code     8  vl53l0x_api.o(.text)
    VL53L0X_SetLimitCheckValue               0x08005ec7   Thumb Code    80  vl53l0x_api.o(.text)
    VL53L0X_SetLimitCheckEnable              0x08005f17   Thumb Code   126  vl53l0x_api.o(.text)
    VL53L0X_DataInit                         0x08005f95   Thumb Code   414  vl53l0x_api.o(.text)
    VL53L0X_SetTuningSettingBuffer           0x08006133   Thumb Code    34  vl53l0x_api.o(.text)
    VL53L0X_GetTuningSettingBuffer           0x08006155   Thumb Code    20  vl53l0x_api.o(.text)
    VL53L0X_WaitDeviceBooted                 0x08006169   Thumb Code     6  vl53l0x_api.o(.text)
    VL53L0X_ResetDevice                      0x0800616f   Thumb Code    90  vl53l0x_api.o(.text)
    VL53L0X_SetWrapAroundCheckEnable         0x080061c9   Thumb Code    70  vl53l0x_api.o(.text)
    VL53L0X_SetXTalkCompensationRateMegaCps  0x0800620f   Thumb Code    46  vl53l0x_api.o(.text)
    VL53L0X_SetInterMeasurementPeriodMilliSeconds 0x0800623d   Thumb Code    48  vl53l0x_api.o(.text)
    VL53L0X_SetDeviceMode                    0x0800626d   Thumb Code    36  vl53l0x_api.o(.text)
    VL53L0X_SetDeviceParameters              0x08006291   Thumb Code   116  vl53l0x_api.o(.text)
    VL53L0X_SetRangeFractionEnable           0x08006305   Thumb Code    24  vl53l0x_api.o(.text)
    VL53L0X_SetHistogramMode                 0x0800631d   Thumb Code     6  vl53l0x_api.o(.text)
    VL53L0X_GetHistogramMode                 0x08006323   Thumb Code     6  vl53l0x_api.o(.text)
    VL53L0X_SetVcselPulsePeriod              0x08006329   Thumb Code     4  vl53l0x_api.o(.text)
    sequence_step_enabled                    0x0800632d   Thumb Code    56  vl53l0x_api.o(.text)
    VL53L0X_GetSequenceStepEnable            0x08006365   Thumb Code    44  vl53l0x_api.o(.text)
    VL53L0X_GetSequenceStepEnables           0x08006391   Thumb Code   114  vl53l0x_api.o(.text)
    VL53L0X_GetNumberOfSequenceSteps         0x08006403   Thumb Code     8  vl53l0x_api.o(.text)
    VL53L0X_GetSequenceStepsInfo             0x0800640b   Thumb Code     4  vl53l0x_api.o(.text)
    VL53L0X_SetSequenceStepTimeout           0x0800640f   Thumb Code    90  vl53l0x_api.o(.text)
    VL53L0X_GetSequenceStepTimeout           0x08006469   Thumb Code    38  vl53l0x_api.o(.text)
    VL53L0X_SetXTalkCompensationEnable       0x0800648f   Thumb Code    52  vl53l0x_api.o(.text)
    VL53L0X_GetXTalkCompensationEnable       0x080064c3   Thumb Code    10  vl53l0x_api.o(.text)
    VL53L0X_SetRefCalibration                0x080064cd   Thumb Code     4  vl53l0x_api.o(.text)
    VL53L0X_GetRefCalibration                0x080064d1   Thumb Code     4  vl53l0x_api.o(.text)
    VL53L0X_GetNumberOfLimitCheck            0x080064d5   Thumb Code    10  vl53l0x_api.o(.text)
    VL53L0X_GetLimitCheckInfo                0x080064df   Thumb Code     4  vl53l0x_api.o(.text)
    VL53L0X_GetLimitCheckStatus              0x080064e3   Thumb Code    22  vl53l0x_api.o(.text)
    VL53L0X_GetLimitCheckCurrent             0x080064f9   Thumb Code    68  vl53l0x_api.o(.text)
    VL53L0X_SetDmaxCalParameters             0x0800653d   Thumb Code    46  vl53l0x_api.o(.text)
    VL53L0X_GetDmaxCalParameters             0x0800656b   Thumb Code    20  vl53l0x_api.o(.text)
    VL53L0X_GetInterruptThresholds           0x0800657f   Thumb Code    52  vl53l0x_api.o(.text)
    VL53L0X_CheckAndLoadInterruptSettings    0x080065b3   Thumb Code   122  vl53l0x_api.o(.text)
    VL53L0X_StartMeasurement                 0x0800662d   Thumb Code   210  vl53l0x_api.o(.text)
    VL53L0X_PerformSingleMeasurement         0x080066ff   Thumb Code    34  vl53l0x_api.o(.text)
    VL53L0X_PerformSingleHistogramMeasurement 0x08006721   Thumb Code     6  vl53l0x_api.o(.text)
    VL53L0X_PerformRefCalibration            0x08006727   Thumb Code     6  vl53l0x_api.o(.text)
    VL53L0X_PerformXTalkMeasurement          0x0800672d   Thumb Code     6  vl53l0x_api.o(.text)
    VL53L0X_PerformXTalkCalibration          0x08006733   Thumb Code     4  vl53l0x_api.o(.text)
    VL53L0X_PerformOffsetCalibration         0x08006737   Thumb Code     4  vl53l0x_api.o(.text)
    VL53L0X_StopMeasurement                  0x0800673b   Thumb Code    84  vl53l0x_api.o(.text)
    VL53L0X_GetInterruptMaskStatus           0x0800678f   Thumb Code    34  vl53l0x_api.o(.text)
    VL53L0X_GetMeasurementDataReady          0x080067b1   Thumb Code    58  vl53l0x_api.o(.text)
    VL53L0X_WaitDeviceReadyForNewMeasurement 0x080067eb   Thumb Code     6  vl53l0x_api.o(.text)
    VL53L0X_GetRangingMeasurementData        0x080067f1   Thumb Code   300  vl53l0x_api.o(.text)
    VL53L0X_GetMeasurementRefSignal          0x0800691d   Thumb Code    42  vl53l0x_api.o(.text)
    VL53L0X_GetHistogramMeasurementData      0x08006947   Thumb Code     6  vl53l0x_api.o(.text)
    VL53L0X_PerformSingleRangingMeasurement  0x0800694d   Thumb Code    52  vl53l0x_api.o(.text)
    VL53L0X_SetNumberOfROIZones              0x08006981   Thumb Code    10  vl53l0x_api.o(.text)
    VL53L0X_GetNumberOfROIZones              0x0800698b   Thumb Code     8  vl53l0x_api.o(.text)
    VL53L0X_GetMaxNumberOfROIZones           0x08006993   Thumb Code     8  vl53l0x_api.o(.text)
    VL53L0X_GetGpioConfig                    0x0800699b   Thumb Code   124  vl53l0x_api.o(.text)
    VL53L0X_SetInterruptThresholds           0x08006a17   Thumb Code    38  vl53l0x_api.o(.text)
    VL53L0X_GetStopCompletedStatus           0x08006a3d   Thumb Code   130  vl53l0x_api.o(.text)
    VL53L0X_EnableInterruptMask              0x08006abf   Thumb Code     6  vl53l0x_api.o(.text)
    VL53L0X_SetSpadAmbientDamperThreshold    0x08006ac5   Thumb Code    42  vl53l0x_api.o(.text)
    VL53L0X_GetSpadAmbientDamperThreshold    0x08006aef   Thumb Code    42  vl53l0x_api.o(.text)
    VL53L0X_SetSpadAmbientDamperFactor       0x08006b19   Thumb Code    44  vl53l0x_api.o(.text)
    VL53L0X_GetSpadAmbientDamperFactor       0x08006b45   Thumb Code    48  vl53l0x_api.o(.text)
    VL53L0X_SetReferenceSpads                0x08006b75   Thumb Code     4  vl53l0x_api.o(.text)
    VL53L0X_GetReferenceSpads                0x08006b79   Thumb Code     4  vl53l0x_api.o(.text)
    VL53L0X_PerformRefSpadManagement         0x08006b7d   Thumb Code     4  vl53l0x_api.o(.text)
    VL53L0X_perform_xtalk_calibration        0x08006b81   Thumb Code   218  vl53l0x_api_calibration.o(.text)
    VL53L0X_perform_offset_calibration       0x08006c5b   Thumb Code   198  vl53l0x_api_calibration.o(.text)
    VL53L0X_set_offset_calibration_data_micro_meter 0x08006d21   Thumb Code    52  vl53l0x_api_calibration.o(.text)
    VL53L0X_get_offset_calibration_data_micro_meter 0x08006d55   Thumb Code    52  vl53l0x_api_calibration.o(.text)
    VL53L0X_apply_offset_adjustment          0x08006d89   Thumb Code    50  vl53l0x_api_calibration.o(.text)
    get_next_good_spad                       0x08006dbb   Thumb Code    82  vl53l0x_api_calibration.o(.text)
    is_aperture                              0x08006e0d   Thumb Code    20  vl53l0x_api_calibration.o(.text)
    enable_spad_bit                          0x08006e21   Thumb Code    42  vl53l0x_api_calibration.o(.text)
    count_enabled_spads                      0x08006e4b   Thumb Code   142  vl53l0x_api_calibration.o(.text)
    set_ref_spad_map                         0x08006ed9   Thumb Code    10  vl53l0x_api_calibration.o(.text)
    get_ref_spad_map                         0x08006ee3   Thumb Code    10  vl53l0x_api_calibration.o(.text)
    enable_ref_spads                         0x08006eed   Thumb Code   142  vl53l0x_api_calibration.o(.text)
    perform_ref_signal_measurement           0x08006f7b   Thumb Code   100  vl53l0x_api_calibration.o(.text)
    VL53L0X_ref_calibration_io               0x08006fdf   Thumb Code   180  vl53l0x_api_calibration.o(.text)
    VL53L0X_perform_single_ref_calibration   0x08007093   Thumb Code    56  vl53l0x_api_calibration.o(.text)
    VL53L0X_perform_phase_calibration        0x080070cb   Thumb Code   128  vl53l0x_api_calibration.o(.text)
    VL53L0X_perform_vhv_calibration          0x0800714b   Thumb Code   112  vl53l0x_api_calibration.o(.text)
    VL53L0X_perform_ref_calibration          0x080071bb   Thumb Code    64  vl53l0x_api_calibration.o(.text)
    VL53L0X_perform_ref_spad_management      0x080071fb   Thumb Code   560  vl53l0x_api_calibration.o(.text)
    VL53L0X_set_reference_spads              0x0800742b   Thumb Code   166  vl53l0x_api_calibration.o(.text)
    VL53L0X_get_reference_spads              0x080074d1   Thumb Code   112  vl53l0x_api_calibration.o(.text)
    VL53L0X_set_ref_calibration              0x08007541   Thumb Code    32  vl53l0x_api_calibration.o(.text)
    VL53L0X_get_ref_calibration              0x08007561   Thumb Code    26  vl53l0x_api_calibration.o(.text)
    VL53L0X_reverse_bytes                    0x0800757d   Thumb Code    32  vl53l0x_api_core.o(.text)
    VL53L0X_measurement_poll_for_completion  0x0800759d   Thumb Code    54  vl53l0x_api_core.o(.text)
    VL53L0X_decode_vcsel_period              0x080075d3   Thumb Code     8  vl53l0x_api_core.o(.text)
    VL53L0X_encode_vcsel_period              0x080075db   Thumb Code    10  vl53l0x_api_core.o(.text)
    VL53L0X_isqrt                            0x080075e5   Thumb Code    42  vl53l0x_api_core.o(.text)
    VL53L0X_quadrature_sum                   0x0800760f   Thumb Code    26  vl53l0x_api_core.o(.text)
    VL53L0X_device_read_strobe               0x08007629   Thumb Code    72  vl53l0x_api_core.o(.text)
    VL53L0X_get_info_from_device             0x08007671   Thumb Code  1324  vl53l0x_api_core.o(.text)
    VL53L0X_calc_macro_period_ps             0x08007b9d   Thumb Code    16  vl53l0x_api_core.o(.text)
    VL53L0X_encode_timeout                   0x08007bad   Thumb Code    30  vl53l0x_api_core.o(.text)
    VL53L0X_decode_timeout                   0x08007bcb   Thumb Code    10  vl53l0x_api_core.o(.text)
    VL53L0X_calc_timeout_mclks               0x08007bd5   Thumb Code    34  vl53l0x_api_core.o(.text)
    VL53L0X_calc_timeout_us                  0x08007bf7   Thumb Code    34  vl53l0x_api_core.o(.text)
    get_sequence_step_timeout                0x08007c19   Thumb Code   242  vl53l0x_api_core.o(.text)
    set_sequence_step_timeout                0x08007d0b   Thumb Code   258  vl53l0x_api_core.o(.text)
    VL53L0X_set_vcsel_pulse_period           0x08007e0d   Thumb Code   576  vl53l0x_api_core.o(.text)
    VL53L0X_get_vcsel_pulse_period           0x0800804d   Thumb Code    48  vl53l0x_api_core.o(.text)
    VL53L0X_set_measurement_timing_budget_micro_seconds 0x0800807d   Thumb Code   194  vl53l0x_api_core.o(.text)
    VL53L0X_get_measurement_timing_budget_micro_seconds 0x0800813f   Thumb Code   196  vl53l0x_api_core.o(.text)
    VL53L0X_load_tuning_settings             0x08008203   Thumb Code   154  vl53l0x_api_core.o(.text)
    VL53L0X_get_total_xtalk_rate             0x0800829d   Thumb Code    46  vl53l0x_api_core.o(.text)
    VL53L0X_get_total_signal_rate            0x080082cb   Thumb Code    28  vl53l0x_api_core.o(.text)
    VL53L0X_calc_dmax                        0x080082e7   Thumb Code   208  vl53l0x_api_core.o(.text)
    VL53L0X_calc_sigma_estimate              0x080083b7   Thumb Code   536  vl53l0x_api_core.o(.text)
    VL53L0X_get_pal_range_status             0x080085cf   Thumb Code   500  vl53l0x_api_core.o(.text)
    VL53L0X_check_part_used                  0x080087c5   Thumb Code    60  vl53l0x_api_strings.o(.text)
    VL53L0X_get_device_info                  0x08008801   Thumb Code   108  vl53l0x_api_strings.o(.text)
    VL53L0X_get_device_error_string          0x0800886d   Thumb Code   102  vl53l0x_api_strings.o(.text)
    VL53L0X_get_range_status_string          0x080088d3   Thumb Code    56  vl53l0x_api_strings.o(.text)
    VL53L0X_get_pal_error_string             0x0800890b   Thumb Code   176  vl53l0x_api_strings.o(.text)
    VL53L0X_get_pal_state_string             0x080089bb   Thumb Code  1050  vl53l0x_api_strings.o(.text)
    VL53L0X_get_sequence_steps_info          0x08008dd5   Thumb Code    54  vl53l0x_api_strings.o(.text)
    VL53L0X_get_limit_check_info             0x08008e0b   Thumb Code    56  vl53l0x_api_strings.o(.text)
    VL53L0X_i2c_init                         0x08008f41   Thumb Code    58  vl53l0x_i2c.o(.text)
    VL_IIC_Start                             0x08008f7b   Thumb Code    56  vl53l0x_i2c.o(.text)
    VL_IIC_Stop                              0x08008fb3   Thumb Code    58  vl53l0x_i2c.o(.text)
    VL_IIC_Wait_Ack                          0x08008fed   Thumb Code    74  vl53l0x_i2c.o(.text)
    VL_IIC_Ack                               0x08009037   Thumb Code    56  vl53l0x_i2c.o(.text)
    VL_IIC_NAck                              0x0800906f   Thumb Code    56  vl53l0x_i2c.o(.text)
    VL_IIC_Send_Byte                         0x080090a7   Thumb Code    94  vl53l0x_i2c.o(.text)
    VL_IIC_Read_Byte                         0x08009105   Thumb Code    96  vl53l0x_i2c.o(.text)
    VL_IIC_Write_1Byte                       0x08009165   Thumb Code    60  vl53l0x_i2c.o(.text)
    VL_IIC_Read_1Byte                        0x080091a1   Thumb Code    74  vl53l0x_i2c.o(.text)
    VL_IIC_Write_nByte                       0x080091eb   Thumb Code    66  vl53l0x_i2c.o(.text)
    VL_IIC_Read_nByte                        0x0800922d   Thumb Code    98  vl53l0x_i2c.o(.text)
    VL53L0X_write_multi                      0x0800928f   Thumb Code    22  vl53l0x_i2c.o(.text)
    VL53L0X_read_multi                       0x080092a5   Thumb Code    22  vl53l0x_i2c.o(.text)
    VL53L0X_write_byte                       0x080092bb   Thumb Code    12  vl53l0x_i2c.o(.text)
    VL53L0X_write_word                       0x080092c7   Thumb Code    50  vl53l0x_i2c.o(.text)
    VL53L0X_write_dword                      0x080092f9   Thumb Code    34  vl53l0x_i2c.o(.text)
    VL53L0X_read_byte                        0x0800931b   Thumb Code     4  vl53l0x_i2c.o(.text)
    VL53L0X_read_word                        0x0800931f   Thumb Code    28  vl53l0x_i2c.o(.text)
    VL53L0X_read_dword                       0x0800933b   Thumb Code    54  vl53l0x_i2c.o(.text)
    VL53L0X_WriteMulti                       0x08009371   Thumb Code    30  vl53l0x_platform.o(.text)
    VL53L0X_ReadMulti                        0x0800938f   Thumb Code    30  vl53l0x_platform.o(.text)
    VL53L0X_WrByte                           0x080093ad   Thumb Code    22  vl53l0x_platform.o(.text)
    VL53L0X_WrWord                           0x080093c3   Thumb Code    22  vl53l0x_platform.o(.text)
    VL53L0X_WrDWord                          0x080093d9   Thumb Code    22  vl53l0x_platform.o(.text)
    VL53L0X_UpdateByte                       0x080093ef   Thumb Code    66  vl53l0x_platform.o(.text)
    VL53L0X_RdByte                           0x08009431   Thumb Code    22  vl53l0x_platform.o(.text)
    VL53L0X_RdWord                           0x08009447   Thumb Code    22  vl53l0x_platform.o(.text)
    VL53L0X_RdDWord                          0x0800945d   Thumb Code    22  vl53l0x_platform.o(.text)
    VL53L0X_PollingDelay                     0x08009473   Thumb Code    18  vl53l0x_platform.o(.text)
    print_pal_error                          0x08009485   Thumb Code    26  vl53l0x.o(.text)
    mode_string                              0x0800949f   Thumb Code    38  vl53l0x.o(.text)
    vl53l0x_Addr_set                         0x080094c5   Thumb Code   120  vl53l0x.o(.text)
    vl53l0x_reset                            0x0800953d   Thumb Code    60  vl53l0x.o(.text)
    vl53l0x_init                             0x08009579   Thumb Code   166  vl53l0x.o(.text)
    vl53l0x_mtest_ui                         0x0800961f   Thumb Code   112  vl53l0x.o(.text)
    One_measurement                          0x0800968f   Thumb Code    32  vl53l0x.o(.text)
    vl53l0x_test                             0x080096af   Thumb Code    44  vl53l0x.o(.text)
    vl53l0x_info                             0x080096db   Thumb Code    68  vl53l0x.o(.text)
    vl53l0x_set_mode                         0x08009909   Thumb Code   328  vl53l0x_gen.o(.text)
    vl53l0x_start_single_test                0x08009a51   Thumb Code    46  vl53l0x_gen.o(.text)
    vl53l0x_general_start                    0x08009a7f   Thumb Code   336  vl53l0x_gen.o(.text)
    general_ui                               0x08009bcf   Thumb Code   138  vl53l0x_gen.o(.text)
    vl53l0x_general_test                     0x08009c59   Thumb Code    42  vl53l0x_gen.o(.text)
    EXTI9_5_IRQHandler                       0x08009e15   Thumb Code    12  vl53l0x_it.o(.text)
    vl53l0x_interrupt_start                  0x08009e21   Thumb Code   750  vl53l0x_it.o(.text)
    interrupt_ui                             0x0800a10f   Thumb Code   138  vl53l0x_it.o(.text)
    vl53l0x_interrupt_test                   0x0800a199   Thumb Code   678  vl53l0x_it.o(.text)
    usmart_sys_cmd_exe                       0x0800a515   Thumb Code  1442  usmart.o(.text)
    usmart_reset_runtime                     0x0800aab7   Thumb Code    40  usmart.o(.text)
    usmart_get_runtime                       0x0800aadf   Thumb Code    48  usmart.o(.text)
    TIM4_IRQHandler                          0x0800ab0f   Thumb Code    50  usmart.o(.text)
    Timer4_Init                              0x0800ab41   Thumb Code    88  usmart.o(.text)
    usmart_init                              0x0800ab99   Thumb Code    36  usmart.o(.text)
    usmart_cmd_rec                           0x0800abbd   Thumb Code   144  usmart.o(.text)
    usmart_exe                               0x0800ac4d   Thumb Code   768  usmart.o(.text)
    usmart_scan                              0x0800af4d   Thumb Code    92  usmart.o(.text)
    read_addr                                0x0800afa9   Thumb Code     4  usmart.o(.text)
    write_addr                               0x0800afad   Thumb Code     4  usmart.o(.text)
    usmart_strcmp                            0x0800b029   Thumb Code    24  usmart_str.o(.text)
    usmart_strcopy                           0x0800b041   Thumb Code    18  usmart_str.o(.text)
    usmart_strlen                            0x0800b053   Thumb Code    18  usmart_str.o(.text)
    usmart_pow                               0x0800b065   Thumb Code    16  usmart_str.o(.text)
    usmart_str2num                           0x0800b075   Thumb Code   158  usmart_str.o(.text)
    usmart_get_cmdname                       0x0800b113   Thumb Code    46  usmart_str.o(.text)
    usmart_search_nextc                      0x0800b141   Thumb Code    16  usmart_str.o(.text)
    usmart_get_fname                         0x0800b151   Thumb Code   356  usmart_str.o(.text)
    usmart_get_aparm                         0x0800b2b5   Thumb Code   156  usmart_str.o(.text)
    usmart_get_parmpos                       0x0800b351   Thumb Code    30  usmart_str.o(.text)
    usmart_get_fparam                        0x0800b36f   Thumb Code   206  usmart_str.o(.text)
    __use_no_semihosting                     0x0800b449   Thumb Code     2  use_no_semi_2.o(.text)
    __2printf                                0x0800b44d   Thumb Code    20  noretval__2printf.o(.text)
    __2sprintf                               0x0800b465   Thumb Code    34  noretval__2sprintf.o(.text)
    _printf_pre_padding                      0x0800b48d   Thumb Code    44  _printf_pad.o(.text)
    _printf_post_padding                     0x0800b4b9   Thumb Code    34  _printf_pad.o(.text)
    _printf_str                              0x0800b4db   Thumb Code    82  _printf_str.o(.text)
    _printf_int_dec                          0x0800b52d   Thumb Code   104  _printf_dec.o(.text)
    _printf_int_hex                          0x0800b5a5   Thumb Code    84  _printf_hex_int.o(.text)
    _printf_longlong_hex                     0x0800b5a5   Thumb Code     0  _printf_hex_int.o(.text)
    __printf                                 0x0800b5fd   Thumb Code   388  __printf_flags_ss_wp.o(.text)
    strcpy                                   0x0800b785   Thumb Code    72  strcpy.o(.text)
    __aeabi_memcpy4                          0x0800b7cd   Thumb Code     0  rt_memcpy_w.o(.text)
    __aeabi_memcpy8                          0x0800b7cd   Thumb Code     0  rt_memcpy_w.o(.text)
    __rt_memcpy_w                            0x0800b7cd   Thumb Code   100  rt_memcpy_w.o(.text)
    _memcpy_lastbytes_aligned                0x0800b815   Thumb Code     0  rt_memcpy_w.o(.text)
    __aeabi_memclr                           0x0800b831   Thumb Code     0  rt_memclr.o(.text)
    __rt_memclr                              0x0800b831   Thumb Code    68  rt_memclr.o(.text)
    _memset                                  0x0800b835   Thumb Code     0  rt_memclr.o(.text)
    __aeabi_memclr4                          0x0800b875   Thumb Code     0  rt_memclr_w.o(.text)
    __aeabi_memclr8                          0x0800b875   Thumb Code     0  rt_memclr_w.o(.text)
    __rt_memclr_w                            0x0800b875   Thumb Code    78  rt_memclr_w.o(.text)
    _memset_w                                0x0800b879   Thumb Code     0  rt_memclr_w.o(.text)
    __use_two_region_memory                  0x0800b8c3   Thumb Code     2  heapauxi.o(.text)
    __rt_heap_escrow$2region                 0x0800b8c5   Thumb Code     2  heapauxi.o(.text)
    __rt_heap_expand$2region                 0x0800b8c7   Thumb Code     2  heapauxi.o(.text)
    __I$use$semihosting                      0x0800b8c9   Thumb Code     0  use_no_semi.o(.text)
    __use_no_semihosting_swi                 0x0800b8c9   Thumb Code     2  use_no_semi.o(.text)
    _printf_int_common                       0x0800b8cb   Thumb Code   178  _printf_intcommon.o(.text)
    _printf_char_common                      0x0800b987   Thumb Code    32  _printf_char_common.o(.text)
    _sputc                                   0x0800b9ad   Thumb Code    10  _sputc.o(.text)
    _printf_cs_common                        0x0800b9b7   Thumb Code    20  _printf_char.o(.text)
    _printf_char                             0x0800b9cb   Thumb Code    16  _printf_char.o(.text)
    _printf_string                           0x0800b9db   Thumb Code     8  _printf_char.o(.text)
    _printf_char_file                        0x0800b9e5   Thumb Code    32  _printf_char_file.o(.text)
    ferror                                   0x0800ba09   Thumb Code     8  ferror.o(.text)
    __user_setup_stackheap                   0x0800ba11   Thumb Code    74  sys_stackheap_outer.o(.text)
    exit                                     0x0800ba5b   Thumb Code    18  exit.o(.text)
    __user_libspace                          0x0800ba6d   Thumb Code     8  libspace.o(.text)
    __user_perproc_libspace                  0x0800ba6d   Thumb Code     0  libspace.o(.text)
    __user_perthread_libspace                0x0800ba6d   Thumb Code     0  libspace.o(.text)
    _is_digit                                0x0800ba75   Thumb Code    14  __printf_wp.o(i._is_digit)
    __aeabi_d2uiz                            0x0800ba85   Thumb Code     0  dfixu.o(x$fpl$dfixu)
    _dfixu                                   0x0800ba85   Thumb Code    90  dfixu.o(x$fpl$dfixu)
    __aeabi_ui2d                             0x0800badf   Thumb Code     0  dflt_clz.o(x$fpl$dfltu)
    _dfltu                                   0x0800badf   Thumb Code    38  dflt_clz.o(x$fpl$dfltu)
    __aeabi_dmul                             0x0800bb05   Thumb Code     0  dmul.o(x$fpl$dmul)
    _dmul                                    0x0800bb05   Thumb Code   332  dmul.o(x$fpl$dmul)
    __fpl_dnaninf                            0x0800bc59   Thumb Code   156  dnaninf.o(x$fpl$dnaninf)
    __fpl_dretinf                            0x0800bcf5   Thumb Code    12  dretinf.o(x$fpl$dretinf)
    _fp_init                                 0x0800bd01   Thumb Code    10  fpinit.o(x$fpl$fpinit)
    __fplib_config_fpu_vfp                   0x0800bd09   Thumb Code     0  fpinit.o(x$fpl$fpinit)
    __fplib_config_pureend_doubles           0x0800bd09   Thumb Code     0  fpinit.o(x$fpl$fpinit)
    __I$use$fp                               0x0800bd0a   Number         0  usenofp.o(x$fpl$usenofp)
    asc2_1206                                0x0800bd0a   Data        1140  lcd.o(.constdata)
    asc2_1608                                0x0800c17e   Data        1520  lcd.o(.constdata)
    asc2_2412                                0x0800c76e   Data        3420  lcd.o(.constdata)
    FSMC_DefaultTimingStruct                 0x0800d4cc   Data          28  stm32f4xx_fsmc.o(.constdata)
    Region$$Table$$Base                      0x0800d620   Number         0  anon$$obj.o(Region$$Table)
    Region$$Table$$Limit                     0x0800d640   Number         0  anon$$obj.o(Region$$Table)
    SystemCoreClock                          0x20000000   Data           4  system_stm32f4xx.o(.data)
    AHBPrescTable                            0x20000004   Data          16  system_stm32f4xx.o(.data)
    POINT_COLOR                              0x20000014   Data           2  lcd.o(.data)
    BACK_COLOR                               0x20000016   Data           2  lcd.o(.data)
    USART_RX_STA                             0x2000001e   Data           2  usart.o(.data)
    __stdout                                 0x20000020   Data           4  usart.o(.data)
    DefaultTuningSettings                    0x20000034   Data         243  vl53l0x_api.o(.data)
    InterruptThresholdSettings               0x20000127   Data         438  vl53l0x_api.o(.data)
    refArrayQuadrants                        0x200002e0   Data          16  vl53l0x_api_calibration.o(.data)
    AjustOK                                  0x200002f0   Data           1  vl53l0x.o(.data)
    Mode_data                                0x200002f1   Data          56  vl53l0x.o(.data)
    Distance_data                            0x2000032a   Data           2  vl53l0x_gen.o(.data)
    alarm_flag                               0x2000032c   Data           1  vl53l0x_it.o(.data)
    AlarmModes                               0x20000330   Data          12  vl53l0x_it.o(.data)
    sys_cmd_tab                              0x2000033c   Data          28  usmart.o(.data)
    usmart_nametab                           0x20000358   Data          48  usmart_config.o(.data)
    usmart_dev                               0x20000388   Data         244  usmart_config.o(.data)
    lcddev                                   0x2000047c   Data          14  lcd.o(.bss)
    USART_RX_BUF                             0x2000048a   Data         200  usart.o(.bss)
    vl53l0x_dev                              0x20000554   Data         352  vl53l0x.o(.bss)
    vl53l0x_dev_info                         0x200006b4   Data          99  vl53l0x.o(.bss)
    Vl53l0x_adjust                           0x20000717   Data          24  vl53l0x_cali.o(.bss)
    Vl53l0x_data                             0x2000072f   Data          24  vl53l0x_cali.o(.bss)
    vl53l0x_data                             0x20000768   Data          28  vl53l0x_gen.o(.bss)
    __libspace_start                         0x200007a4   Data          96  libspace.o(.bss)
    __temporary_stack_top$libspace           0x20000804   Data           0  libspace.o(.bss)



==============================================================================

Memory Map of the image

  Image Entry point : 0x08000189

  Load Region LR_IROM1 (Base: 0x08000000, Size: 0x0000dabc, Max: 0x00100000, ABSOLUTE, COMPRESSED[0x0000d968])

    Execution Region ER_IROM1 (Exec base: 0x08000000, Load base: 0x08000000, Size: 0x0000d640, Max: 0x00100000, ABSOLUTE)

    Exec Addr    Load Addr    Size         Type   Attr      Idx    E Section Name        Object

    0x08000000   0x08000000   0x00000188   Data   RO          475    RESET               startup_stm32f40_41xxx.o
    0x08000188   0x08000188   0x00000008   Code   RO         1092  * !!!main             c_w.l(__main.o)
    0x08000190   0x08000190   0x00000034   Code   RO         1283    !!!scatter          c_w.l(__scatter.o)
    0x080001c4   0x080001c4   0x0000005a   Code   RO         1281    !!dczerorl2         c_w.l(__dczerorl2.o)
    0x0800021e   0x0800021e   0x00000002   PAD
    0x08000220   0x08000220   0x0000001c   Code   RO         1285    !!handler_zi        c_w.l(__scatter_zi.o)
    0x0800023c   0x0800023c   0x00000000   Code   RO         1079    .ARM.Collect$$_printf_percent$$00000000  c_w.l(_printf_percent.o)
    0x0800023c   0x0800023c   0x00000006   Code   RO         1076    .ARM.Collect$$_printf_percent$$00000008  c_w.l(_printf_i.o)
    0x08000242   0x08000242   0x00000006   Code   RO         1077    .ARM.Collect$$_printf_percent$$00000009  c_w.l(_printf_d.o)
    0x08000248   0x08000248   0x00000006   Code   RO         1078    .ARM.Collect$$_printf_percent$$0000000A  c_w.l(_printf_u.o)
    0x0800024e   0x0800024e   0x00000006   Code   RO         1075    .ARM.Collect$$_printf_percent$$0000000C  c_w.l(_printf_x.o)
    0x08000254   0x08000254   0x00000006   Code   RO         1073    .ARM.Collect$$_printf_percent$$00000013  c_w.l(_printf_c.o)
    0x0800025a   0x0800025a   0x00000006   Code   RO         1074    .ARM.Collect$$_printf_percent$$00000014  c_w.l(_printf_s.o)
    0x08000260   0x08000260   0x00000004   Code   RO         1119    .ARM.Collect$$_printf_percent$$00000017  c_w.l(_printf_percent_end.o)
    0x08000264   0x08000264   0x00000002   Code   RO         1155    .ARM.Collect$$libinit$$00000000  c_w.l(libinit.o)
    0x08000266   0x08000266   0x00000004   Code   RO         1161    .ARM.Collect$$libinit$$00000001  c_w.l(libinit2.o)
    0x0800026a   0x0800026a   0x00000000   Code   RO         1164    .ARM.Collect$$libinit$$00000004  c_w.l(libinit2.o)
    0x0800026a   0x0800026a   0x00000000   Code   RO         1167    .ARM.Collect$$libinit$$0000000A  c_w.l(libinit2.o)
    0x0800026a   0x0800026a   0x00000000   Code   RO         1169    .ARM.Collect$$libinit$$0000000C  c_w.l(libinit2.o)
    0x0800026a   0x0800026a   0x00000000   Code   RO         1171    .ARM.Collect$$libinit$$0000000E  c_w.l(libinit2.o)
    0x0800026a   0x0800026a   0x00000000   Code   RO         1174    .ARM.Collect$$libinit$$00000011  c_w.l(libinit2.o)
    0x0800026a   0x0800026a   0x00000000   Code   RO         1176    .ARM.Collect$$libinit$$00000013  c_w.l(libinit2.o)
    0x0800026a   0x0800026a   0x00000000   Code   RO         1178    .ARM.Collect$$libinit$$00000015  c_w.l(libinit2.o)
    0x0800026a   0x0800026a   0x00000000   Code   RO         1180    .ARM.Collect$$libinit$$00000017  c_w.l(libinit2.o)
    0x0800026a   0x0800026a   0x00000000   Code   RO         1182    .ARM.Collect$$libinit$$00000019  c_w.l(libinit2.o)
    0x0800026a   0x0800026a   0x00000000   Code   RO         1184    .ARM.Collect$$libinit$$0000001B  c_w.l(libinit2.o)
    0x0800026a   0x0800026a   0x00000000   Code   RO         1186    .ARM.Collect$$libinit$$0000001D  c_w.l(libinit2.o)
    0x0800026a   0x0800026a   0x00000000   Code   RO         1188    .ARM.Collect$$libinit$$0000001F  c_w.l(libinit2.o)
    0x0800026a   0x0800026a   0x00000000   Code   RO         1190    .ARM.Collect$$libinit$$00000021  c_w.l(libinit2.o)
    0x0800026a   0x0800026a   0x00000000   Code   RO         1192    .ARM.Collect$$libinit$$00000023  c_w.l(libinit2.o)
    0x0800026a   0x0800026a   0x00000000   Code   RO         1194    .ARM.Collect$$libinit$$00000025  c_w.l(libinit2.o)
    0x0800026a   0x0800026a   0x00000000   Code   RO         1198    .ARM.Collect$$libinit$$0000002C  c_w.l(libinit2.o)
    0x0800026a   0x0800026a   0x00000000   Code   RO         1200    .ARM.Collect$$libinit$$0000002E  c_w.l(libinit2.o)
    0x0800026a   0x0800026a   0x00000000   Code   RO         1202    .ARM.Collect$$libinit$$00000030  c_w.l(libinit2.o)
    0x0800026a   0x0800026a   0x00000000   Code   RO         1204    .ARM.Collect$$libinit$$00000032  c_w.l(libinit2.o)
    0x0800026a   0x0800026a   0x00000002   Code   RO         1205    .ARM.Collect$$libinit$$00000033  c_w.l(libinit2.o)
    0x0800026c   0x0800026c   0x00000002   Code   RO         1223    .ARM.Collect$$libshutdown$$00000000  c_w.l(libshutdown.o)
    0x0800026e   0x0800026e   0x00000000   Code   RO         1233    .ARM.Collect$$libshutdown$$00000002  c_w.l(libshutdown2.o)
    0x0800026e   0x0800026e   0x00000000   Code   RO         1235    .ARM.Collect$$libshutdown$$00000004  c_w.l(libshutdown2.o)
    0x0800026e   0x0800026e   0x00000000   Code   RO         1238    .ARM.Collect$$libshutdown$$00000007  c_w.l(libshutdown2.o)
    0x0800026e   0x0800026e   0x00000000   Code   RO         1241    .ARM.Collect$$libshutdown$$0000000A  c_w.l(libshutdown2.o)
    0x0800026e   0x0800026e   0x00000000   Code   RO         1243    .ARM.Collect$$libshutdown$$0000000C  c_w.l(libshutdown2.o)
    0x0800026e   0x0800026e   0x00000000   Code   RO         1246    .ARM.Collect$$libshutdown$$0000000F  c_w.l(libshutdown2.o)
    0x0800026e   0x0800026e   0x00000002   Code   RO         1247    .ARM.Collect$$libshutdown$$00000010  c_w.l(libshutdown2.o)
    0x08000270   0x08000270   0x00000000   Code   RO         1108    .ARM.Collect$$rtentry$$00000000  c_w.l(__rtentry.o)
    0x08000270   0x08000270   0x00000000   Code   RO         1126    .ARM.Collect$$rtentry$$00000002  c_w.l(__rtentry2.o)
    0x08000270   0x08000270   0x00000006   Code   RO         1138    .ARM.Collect$$rtentry$$00000004  c_w.l(__rtentry4.o)
    0x08000276   0x08000276   0x00000000   Code   RO         1128    .ARM.Collect$$rtentry$$00000009  c_w.l(__rtentry2.o)
    0x08000276   0x08000276   0x00000004   Code   RO         1129    .ARM.Collect$$rtentry$$0000000A  c_w.l(__rtentry2.o)
    0x0800027a   0x0800027a   0x00000000   Code   RO         1131    .ARM.Collect$$rtentry$$0000000C  c_w.l(__rtentry2.o)
    0x0800027a   0x0800027a   0x00000008   Code   RO         1132    .ARM.Collect$$rtentry$$0000000D  c_w.l(__rtentry2.o)
    0x08000282   0x08000282   0x00000002   Code   RO         1159    .ARM.Collect$$rtexit$$00000000  c_w.l(rtexit.o)
    0x08000284   0x08000284   0x00000000   Code   RO         1207    .ARM.Collect$$rtexit$$00000002  c_w.l(rtexit2.o)
    0x08000284   0x08000284   0x00000004   Code   RO         1208    .ARM.Collect$$rtexit$$00000003  c_w.l(rtexit2.o)
    0x08000288   0x08000288   0x00000006   Code   RO         1209    .ARM.Collect$$rtexit$$00000004  c_w.l(rtexit2.o)
    0x0800028e   0x0800028e   0x00000002   PAD
    0x08000290   0x08000290   0x0000007c   Code   RO            3    .text               main.o
    0x0800030c   0x0800030c   0x00000012   Code   RO          208    .text               stm32f4xx_it.o
    0x0800031e   0x0800031e   0x00000002   PAD
    0x08000320   0x08000320   0x0000017c   Code   RO          257    .text               system_stm32f4xx.o
    0x0800049c   0x0800049c   0x0000003c   Code   RO          283    .text               led.o
    0x080004d8   0x080004d8   0x00003272   Code   RO          303    .text               lcd.o
    0x0800374a   0x0800374a   0x00000002   PAD
    0x0800374c   0x0800374c   0x00000104   Code   RO          342    .text               key.o
    0x08003850   0x08003850   0x00000224   Code   RO          363    .text               myiic.o
    0x08003a74   0x08003a74   0x0000013e   Code   RO          383    .text               24cxx.o
    0x08003bb2   0x08003bb2   0x00000002   PAD
    0x08003bb4   0x08003bb4   0x000000b8   Code   RO          403    .text               delay.o
    0x08003c6c   0x08003c6c   0x0000011c   Code   RO          443    .text               usart.o
    0x08003d88   0x08003d88   0x00000040   Code   RO          476    .text               startup_stm32f40_41xxx.o
    0x08003dc8   0x08003dc8   0x000000b0   Code   RO          482    .text               misc.o
    0x08003e78   0x08003e78   0x0000020c   Code   RO          502    .text               stm32f4xx_gpio.o
    0x08004084   0x08004084   0x00000448   Code   RO          522    .text               stm32f4xx_fsmc.o
    0x080044cc   0x080044cc   0x00000480   Code   RO          545    .text               stm32f4xx_rcc.o
    0x0800494c   0x0800494c   0x0000007c   Code   RO          567    .text               stm32f4xx_syscfg.o
    0x080049c8   0x080049c8   0x00000358   Code   RO          587    .text               stm32f4xx_usart.o
    0x08004d20   0x08004d20   0x000000e0   Code   RO          607    .text               stm32f4xx_exti.o
    0x08004e00   0x08004e00   0x000009dc   Code   RO          627    .text               stm32f4xx_tim.o
    0x080057dc   0x080057dc   0x000013a4   Code   RO          648    .text               vl53l0x_api.o
    0x08006b80   0x08006b80   0x000009fa   Code   RO          697    .text               vl53l0x_api_calibration.o
    0x0800757a   0x0800757a   0x00000002   PAD
    0x0800757c   0x0800757c   0x00001246   Code   RO          721    .text               vl53l0x_api_core.o
    0x080087c2   0x080087c2   0x00000002   PAD
    0x080087c4   0x080087c4   0x0000077c   Code   RO          756    .text               vl53l0x_api_strings.o
    0x08008f40   0x08008f40   0x00000430   Code   RO          776    .text               vl53l0x_i2c.o
    0x08009370   0x08009370   0x00000114   Code   RO          797    .text               vl53l0x_platform.o
    0x08009484   0x08009484   0x00000484   Code   RO          817    .text               vl53l0x.o
    0x08009908   0x08009908   0x0000050c   Code   RO          888    .text               vl53l0x_gen.o
    0x08009e14   0x08009e14   0x00000700   Code   RO          915    .text               vl53l0x_it.o
    0x0800a514   0x0800a514   0x00000b14   Code   RO          939    .text               usmart.o
    0x0800b028   0x0800b028   0x00000420   Code   RO          993    .text               usmart_str.o
    0x0800b448   0x0800b448   0x00000002   Code   RO         1014    .text               c_w.l(use_no_semi_2.o)
    0x0800b44a   0x0800b44a   0x00000002   PAD
    0x0800b44c   0x0800b44c   0x00000018   Code   RO         1020    .text               c_w.l(noretval__2printf.o)
    0x0800b464   0x0800b464   0x00000028   Code   RO         1022    .text               c_w.l(noretval__2sprintf.o)
    0x0800b48c   0x0800b48c   0x0000004e   Code   RO         1026    .text               c_w.l(_printf_pad.o)
    0x0800b4da   0x0800b4da   0x00000052   Code   RO         1028    .text               c_w.l(_printf_str.o)
    0x0800b52c   0x0800b52c   0x00000078   Code   RO         1030    .text               c_w.l(_printf_dec.o)
    0x0800b5a4   0x0800b5a4   0x00000058   Code   RO         1035    .text               c_w.l(_printf_hex_int.o)
    0x0800b5fc   0x0800b5fc   0x00000188   Code   RO         1070    .text               c_w.l(__printf_flags_ss_wp.o)
    0x0800b784   0x0800b784   0x00000048   Code   RO         1080    .text               c_w.l(strcpy.o)
    0x0800b7cc   0x0800b7cc   0x00000064   Code   RO         1084    .text               c_w.l(rt_memcpy_w.o)
    0x0800b830   0x0800b830   0x00000044   Code   RO         1086    .text               c_w.l(rt_memclr.o)
    0x0800b874   0x0800b874   0x0000004e   Code   RO         1088    .text               c_w.l(rt_memclr_w.o)
    0x0800b8c2   0x0800b8c2   0x00000006   Code   RO         1090    .text               c_w.l(heapauxi.o)
    0x0800b8c8   0x0800b8c8   0x00000002   Code   RO         1106    .text               c_w.l(use_no_semi.o)
    0x0800b8ca   0x0800b8ca   0x000000b2   Code   RO         1109    .text               c_w.l(_printf_intcommon.o)
    0x0800b97c   0x0800b97c   0x00000030   Code   RO         1111    .text               c_w.l(_printf_char_common.o)
    0x0800b9ac   0x0800b9ac   0x0000000a   Code   RO         1113    .text               c_w.l(_sputc.o)
    0x0800b9b6   0x0800b9b6   0x0000002c   Code   RO         1115    .text               c_w.l(_printf_char.o)
    0x0800b9e2   0x0800b9e2   0x00000002   PAD
    0x0800b9e4   0x0800b9e4   0x00000024   Code   RO         1117    .text               c_w.l(_printf_char_file.o)
    0x0800ba08   0x0800ba08   0x00000008   Code   RO         1142    .text               c_w.l(ferror.o)
    0x0800ba10   0x0800ba10   0x0000004a   Code   RO         1146    .text               c_w.l(sys_stackheap_outer.o)
    0x0800ba5a   0x0800ba5a   0x00000012   Code   RO         1148    .text               c_w.l(exit.o)
    0x0800ba6c   0x0800ba6c   0x00000008   Code   RO         1156    .text               c_w.l(libspace.o)
    0x0800ba74   0x0800ba74   0x0000000e   Code   RO         1063    i._is_digit         c_w.l(__printf_wp.o)
    0x0800ba82   0x0800ba82   0x00000002   PAD
    0x0800ba84   0x0800ba84   0x0000005a   Code   RO         1094    x$fpl$dfixu         fz_wm.l(dfixu.o)
    0x0800bade   0x0800bade   0x00000026   Code   RO         1098    x$fpl$dfltu         fz_wm.l(dflt_clz.o)
    0x0800bb04   0x0800bb04   0x00000154   Code   RO         1104    x$fpl$dmul          fz_wm.l(dmul.o)
    0x0800bc58   0x0800bc58   0x0000009c   Code   RO         1120    x$fpl$dnaninf       fz_wm.l(dnaninf.o)
    0x0800bcf4   0x0800bcf4   0x0000000c   Code   RO         1122    x$fpl$dretinf       fz_wm.l(dretinf.o)
    0x0800bd00   0x0800bd00   0x0000000a   Code   RO         1215    x$fpl$fpinit        fz_wm.l(fpinit.o)
    0x0800bd0a   0x0800bd0a   0x00000000   Code   RO         1124    x$fpl$usenofp       fz_wm.l(usenofp.o)
    0x0800bd0a   0x0800bd0a   0x000017c0   Data   RO          305    .constdata          lcd.o
    0x0800d4ca   0x0800d4ca   0x00000002   PAD
    0x0800d4cc   0x0800d4cc   0x0000001c   Data   RO          523    .constdata          stm32f4xx_fsmc.o
    0x0800d4e8   0x0800d4e8   0x00000028   Data   RO         1036    .constdata          c_w.l(_printf_hex_int.o)
    0x0800d510   0x0800d510   0x00000011   Data   RO         1071    .constdata          c_w.l(__printf_flags_ss_wp.o)
    0x0800d521   0x0800d521   0x00000003   PAD
    0x0800d524   0x0800d524   0x00000028   Data   RO          940    .conststring        usmart.o
    0x0800d54c   0x0800d54c   0x000000d4   Data   RO          971    .conststring        usmart_config.o
    0x0800d620   0x0800d620   0x00000020   Data   RO         1279    Region$$Table       anon$$obj.o


    Execution Region RW_IRAM1 (Exec base: 0x20000000, Load base: 0x0800d640, Size: 0x00000e08, Max: 0x00020000, ABSOLUTE, COMPRESSED[0x00000328])

    Exec Addr    Load Addr    Size         Type   Attr      Idx    E Section Name        Object

    0x20000000   COMPRESSED   0x00000014   Data   RW          258    .data               system_stm32f4xx.o
    0x20000014   COMPRESSED   0x00000004   Data   RW          306    .data               lcd.o
    0x20000018   COMPRESSED   0x00000001   Data   RW          343    .data               key.o
    0x20000019   COMPRESSED   0x00000001   PAD
    0x2000001a   COMPRESSED   0x00000004   Data   RW          404    .data               delay.o
    0x2000001e   COMPRESSED   0x00000002   Data   RW          445    .data               usart.o
    0x20000020   COMPRESSED   0x00000004   Data   RW          446    .data               usart.o
    0x20000024   COMPRESSED   0x00000010   Data   RW          546    .data               stm32f4xx_rcc.o
    0x20000034   COMPRESSED   0x000002a9   Data   RW          649    .data               vl53l0x_api.o
    0x200002dd   COMPRESSED   0x00000003   PAD
    0x200002e0   COMPRESSED   0x00000010   Data   RW          698    .data               vl53l0x_api_calibration.o
    0x200002f0   COMPRESSED   0x00000001   Data   RW          819    .data               vl53l0x.o
    0x200002f1   COMPRESSED   0x00000038   Data   RW          820    .data               vl53l0x.o
    0x20000329   COMPRESSED   0x00000001   PAD
    0x2000032a   COMPRESSED   0x00000002   Data   RW          890    .data               vl53l0x_gen.o
    0x2000032c   COMPRESSED   0x00000010   Data   RW          917    .data               vl53l0x_it.o
    0x2000033c   COMPRESSED   0x0000001c   Data   RW          941    .data               usmart.o
    0x20000358   COMPRESSED   0x00000030   Data   RW          972    .data               usmart_config.o
    0x20000388   COMPRESSED   0x000000f4   Data   RW          973    .data               usmart_config.o
    0x2000047c        -       0x0000000e   Zero   RW          304    .bss                lcd.o
    0x2000048a        -       0x000000c8   Zero   RW          444    .bss                usart.o
    0x20000552   COMPRESSED   0x00000002   PAD
    0x20000554        -       0x000001c3   Zero   RW          818    .bss                vl53l0x.o
    0x20000717        -       0x00000030   Zero   RW          858    .bss                vl53l0x_cali.o
    0x20000747   COMPRESSED   0x00000001   PAD
    0x20000748        -       0x0000003c   Zero   RW          889    .bss                vl53l0x_gen.o
    0x20000784        -       0x00000020   Zero   RW          916    .bss                vl53l0x_it.o
    0x200007a4        -       0x00000060   Zero   RW         1157    .bss                c_w.l(libspace.o)
    0x20000804   COMPRESSED   0x00000004   PAD
    0x20000808        -       0x00000200   Zero   RW          474    HEAP                startup_stm32f40_41xxx.o
    0x20000a08        -       0x00000400   Zero   RW          473    STACK               startup_stm32f40_41xxx.o


==============================================================================

Image component sizes


      Code (inc. data)   RO Data    RW Data    ZI Data      Debug   Object Name

       318          0          0          0          0       3010   24cxx.o
       184          4          0          4          0       1681   delay.o
       260         12          0          1          0       1028   key.o
     12914        102       6080          4         14      20264   lcd.o
        60          4          0          0          0        615   led.o
       124         44          0          0          0     309135   main.o
       176         12          0          0          0       2153   misc.o
       548          8          0          0          0       2112   myiic.o
        64         26        392          0       1536        900   startup_stm32f40_41xxx.o
       224         10          0          0          0       2607   stm32f4xx_exti.o
      1096         10         28          0          0       6386   stm32f4xx_fsmc.o
       524         44          0          0          0       4681   stm32f4xx_gpio.o
        18          0          0          0          0       1294   stm32f4xx_it.o
      1152         48          0         16          0      13628   stm32f4xx_rcc.o
       124         16          0          0          0       1993   stm32f4xx_syscfg.o
      2524         52          0          0          0      24202   stm32f4xx_tim.o
       856         32          0          0          0       8496   stm32f4xx_usart.o
       380         36          0         20          0       2143   system_stm32f4xx.o
       284         16          0          6        200       3674   usart.o
      2836       1292         40         28          0       4980   usmart.o
         0          0        212        292          0       1864   usmart_config.o
      1056         12          0          0          0       6395   usmart_str.o
      1156        490          0         57        451       4668   vl53l0x.o
      5028         72          0        681          0      41891   vl53l0x_api.o
      2554         12          0         16          0      17454   vl53l0x_api_calibration.o
      4678         16          0          0          0      21518   vl53l0x_api_core.o
      1916       1266          0          0          0       4889   vl53l0x_api_strings.o
         0          0          0          0         48       1018   vl53l0x_cali.o
      1292        402          0          2         60       3292   vl53l0x_gen.o
      1072          8          0          0          0       7081   vl53l0x_i2c.o
      1792        554          0         16         32       3657   vl53l0x_it.o
       276          0          0          0          0       4551   vl53l0x_platform.o

    ----------------------------------------------------------------------
     45496       4600       6786       1148       2344     533260   Object Totals
         0          0         32          0          0          0   (incl. Generated)
        10          0          2          5          3          0   (incl. Padding)

    ----------------------------------------------------------------------

      Code (inc. data)   RO Data    RW Data    ZI Data      Debug   Library Member Name

        90          0          0          0          0          0   __dczerorl2.o
         8          0          0          0          0         68   __main.o
       392          4         17          0          0         92   __printf_flags_ss_wp.o
        14          0          0          0          0         68   __printf_wp.o
         0          0          0          0          0          0   __rtentry.o
        12          0          0          0          0          0   __rtentry2.o
         6          0          0          0          0          0   __rtentry4.o
        52          8          0          0          0          0   __scatter.o
        28          0          0          0          0          0   __scatter_zi.o
         6          0          0          0          0          0   _printf_c.o
        44          0          0          0          0        108   _printf_char.o
        48          6          0          0          0         96   _printf_char_common.o
        36          4          0          0          0         80   _printf_char_file.o
         6          0          0          0          0          0   _printf_d.o
       120         16          0          0          0         92   _printf_dec.o
        88          4         40          0          0         88   _printf_hex_int.o
         6          0          0          0          0          0   _printf_i.o
       178          0          0          0          0         88   _printf_intcommon.o
        78          0          0          0          0        108   _printf_pad.o
         0          0          0          0          0          0   _printf_percent.o
         4          0          0          0          0          0   _printf_percent_end.o
         6          0          0          0          0          0   _printf_s.o
        82          0          0          0          0         80   _printf_str.o
         6          0          0          0          0          0   _printf_u.o
         6          0          0          0          0          0   _printf_x.o
        10          0          0          0          0         68   _sputc.o
        18          0          0          0          0         80   exit.o
         8          0          0          0          0         68   ferror.o
         6          0          0          0          0        152   heapauxi.o
         2          0          0          0          0          0   libinit.o
         6          0          0          0          0          0   libinit2.o
         2          0          0          0          0          0   libshutdown.o
         2          0          0          0          0          0   libshutdown2.o
         8          4          0          0         96         68   libspace.o
        24          4          0          0          0         84   noretval__2printf.o
        40          6          0          0          0         84   noretval__2sprintf.o
        68          0          0          0          0         68   rt_memclr.o
        78          0          0          0          0         80   rt_memclr_w.o
       100          0          0          0          0         80   rt_memcpy_w.o
         2          0          0          0          0          0   rtexit.o
        10          0          0          0          0          0   rtexit2.o
        72          0          0          0          0         80   strcpy.o
        74          0          0          0          0         80   sys_stackheap_outer.o
         2          0          0          0          0         68   use_no_semi.o
         2          0          0          0          0         68   use_no_semi_2.o
        90          4          0          0          0        140   dfixu.o
        38          0          0          0          0        116   dflt_clz.o
       340         12          0          0          0        152   dmul.o
       156          4          0          0          0        140   dnaninf.o
        12          0          0          0          0        116   dretinf.o
        10          0          0          0          0        116   fpinit.o
         0          0          0          0          0          0   usenofp.o

    ----------------------------------------------------------------------
      2506         76         60          0        100       2876   Library Totals
        10          0          3          0          4          0   (incl. Padding)

    ----------------------------------------------------------------------

      Code (inc. data)   RO Data    RW Data    ZI Data      Debug   Library Name

      1850         56         57          0         96       2096   c_w.l
       646         20          0          0          0        780   fz_wm.l

    ----------------------------------------------------------------------
      2506         76         60          0        100       2876   Library Totals

    ----------------------------------------------------------------------

==============================================================================


      Code (inc. data)   RO Data    RW Data    ZI Data      Debug   

     48002       4676       6846       1148       2444     527344   Grand Totals
     48002       4676       6846        808       2444     527344   ELF Image Totals (compressed)
     48002       4676       6846        808          0          0   ROM Totals

==============================================================================

    Total RO  Size (Code + RO Data)                54848 (  53.56kB)
    Total RW  Size (RW Data + ZI Data)              3592 (   3.51kB)
    Total ROM Size (Code + RO Data + RW Data)      55656 (  54.35kB)

==============================================================================

