Component: ARM Compiler 5.06 update 5 (build 528) Tool: armlink [4d35e2]

==============================================================================

Section Cross References

    main.o(.text) refers to _printf_percent.o(.ARM.Collect$$_printf_percent$$00000000) for _printf_percent
    main.o(.text) refers to _printf_d.o(.ARM.Collect$$_printf_percent$$00000009) for _printf_d
    main.o(.text) refers to _printf_dec.o(.text) for _printf_int_dec
    main.o(.text) refers to vl53l0x_gen.o(.text) for vl53l0x_start_single_test
    main.o(.text) refers to noretval__2printf.o(.text) for __2printf
    main.o(.text) refers to delay.o(.text) for delay_ms
    main.o(.text) refers to misc.o(.text) for NVIC_PriorityGroupConfig
    main.o(.text) refers to usart.o(.text) for uart_init
    main.o(.text) refers to led.o(.text) for LED_Init
    main.o(.text) refers to vl53l0x.o(.text) for vl53l0x_init
    main.o(.text) refers to main.o(.bss) for .bss
    main.o(.text) refers to vl53l0x_gen.o(.data) for Distance_data
    main.o(.text) refers to vl53l0x_gen.o(.bss) for vl53l0x_data
    main.o(.text) refers to vl53l0x.o(.bss) for vl53l0x_dev
    system_stm32f4xx.o(.text) refers to system_stm32f4xx.o(.data) for .data
    led.o(.text) refers to stm32f4xx_rcc.o(.text) for RCC_AHB1PeriphClockCmd
    led.o(.text) refers to stm32f4xx_gpio.o(.text) for GPIO_Init
    lcd.o(.text) refers to _printf_percent.o(.ARM.Collect$$_printf_percent$$00000000) for _printf_percent
    lcd.o(.text) refers to _printf_x.o(.ARM.Collect$$_printf_percent$$0000000C) for _printf_x
    lcd.o(.text) refers to _printf_hex_int.o(.text) for _printf_longlong_hex
    lcd.o(.text) refers to delay.o(.text) for delay_us
    lcd.o(.text) refers to lcd.o(.bss) for .bss
    lcd.o(.text) refers to lcd.o(.data) for .data
    lcd.o(.text) refers to dflt_clz.o(x$fpl$dfltu) for __aeabi_ui2d
    lcd.o(.text) refers to dmul.o(x$fpl$dmul) for __aeabi_dmul
    lcd.o(.text) refers to dfixu.o(x$fpl$dfixu) for __aeabi_d2uiz
    lcd.o(.text) refers to stm32f4xx_rcc.o(.text) for RCC_AHB1PeriphClockCmd
    lcd.o(.text) refers to stm32f4xx_gpio.o(.text) for GPIO_Init
    lcd.o(.text) refers to stm32f4xx_fsmc.o(.text) for FSMC_NORSRAMInit
    lcd.o(.text) refers to noretval__2printf.o(.text) for __2printf
    lcd.o(.text) refers to lcd.o(.constdata) for .constdata
    key.o(.text) refers to stm32f4xx_rcc.o(.text) for RCC_AHB1PeriphClockCmd
    key.o(.text) refers to stm32f4xx_gpio.o(.text) for GPIO_Init
    key.o(.text) refers to delay.o(.text) for delay_ms
    key.o(.text) refers to key.o(.data) for .data
    myiic.o(.text) refers to stm32f4xx_rcc.o(.text) for RCC_AHB1PeriphClockCmd
    myiic.o(.text) refers to stm32f4xx_gpio.o(.text) for GPIO_Init
    myiic.o(.text) refers to delay.o(.text) for delay_us
    24cxx.o(.text) refers to myiic.o(.text) for IIC_Init
    24cxx.o(.text) refers to delay.o(.text) for delay_ms
    delay.o(.text) refers to misc.o(.text) for SysTick_CLKSourceConfig
    delay.o(.text) refers to delay.o(.data) for .data
    usart.o(.rev16_text) refers (Special) to use_no_semi_2.o(.text) for __use_no_semihosting
    usart.o(.revsh_text) refers (Special) to use_no_semi_2.o(.text) for __use_no_semihosting
    usart.o(.text) refers (Special) to use_no_semi_2.o(.text) for __use_no_semihosting
    usart.o(.text) refers to stm32f4xx_rcc.o(.text) for RCC_AHB1PeriphClockCmd
    usart.o(.text) refers to stm32f4xx_gpio.o(.text) for GPIO_PinAFConfig
    usart.o(.text) refers to stm32f4xx_usart.o(.text) for USART_Init
    usart.o(.text) refers to misc.o(.text) for NVIC_Init
    usart.o(.text) refers to usart.o(.data) for .data
    usart.o(.text) refers to usart.o(.bss) for .bss
    usart.o(.bss) refers (Special) to use_no_semi_2.o(.text) for __use_no_semihosting
    usart.o(.data) refers (Special) to use_no_semi_2.o(.text) for __use_no_semihosting
    usart.o(.data) refers (Special) to use_no_semi_2.o(.text) for __use_no_semihosting
    startup_stm32f40_41xxx.o(STACK) refers (Special) to heapauxi.o(.text) for __use_two_region_memory
    startup_stm32f40_41xxx.o(HEAP) refers (Special) to heapauxi.o(.text) for __use_two_region_memory
    startup_stm32f40_41xxx.o(RESET) refers (Special) to heapauxi.o(.text) for __use_two_region_memory
    startup_stm32f40_41xxx.o(RESET) refers to startup_stm32f40_41xxx.o(STACK) for __initial_sp
    startup_stm32f40_41xxx.o(RESET) refers to startup_stm32f40_41xxx.o(.text) for Reset_Handler
    startup_stm32f40_41xxx.o(RESET) refers to stm32f4xx_it.o(.text) for NMI_Handler
    startup_stm32f40_41xxx.o(RESET) refers to vl53l0x_it.o(.text) for EXTI9_5_IRQHandler
    startup_stm32f40_41xxx.o(RESET) refers to usmart.o(.text) for TIM4_IRQHandler
    startup_stm32f40_41xxx.o(RESET) refers to usart.o(.text) for USART1_IRQHandler
    startup_stm32f40_41xxx.o(.text) refers (Special) to heapauxi.o(.text) for __use_two_region_memory
    startup_stm32f40_41xxx.o(.text) refers to system_stm32f4xx.o(.text) for SystemInit
[...]
    Filter_Window                            0x08000291   Thumb Code    32  main.o(.text)
    vl53l0x_test                             0x080002b1   Thumb Code    70  main.o(.text)
    main                                     0x080002f7   Thumb Code    96  main.o(.text)
    NMI_Handler                              0x080003b1   Thumb Code     2  stm32f4xx_it.o(.text)
    HardFault_Handler                        0x080003b3   Thumb Code     2  stm32f4xx_it.o(.text)
    MemManage_Handler                        0x080003b5   Thumb Code     2  stm32f4xx_it.o(.text)
    BusFault_Handler                         0x080003b7   Thumb Code     2  stm32f4xx_it.o(.text)
    UsageFault_Handler                       0x080003b9   Thumb Code     2  stm32f4xx_it.o(.text)
    SVC_Handler                              0x080003bb   Thumb Code     2  stm32f4xx_it.o(.text)
    DebugMon_Handler                         0x080003bd   Thumb Code     2  stm32f4xx_it.o(.text)
    PendSV_Handler                           0x080003bf   Thumb Code     2  stm32f4xx_it.o(.text)
    SysTick_Handler                          0x080003c1   Thumb Code     2  stm32f4xx_it.o(.text)
    SystemInit                               0x08000467   Thumb Code    74  system_stm32f4xx.o(.text)
    SystemCoreClockUpdate                    0x080004b1   Thumb Code   108  system_stm32f4xx.o(.text)
    LED_Init                                 0x08000541   Thumb Code    56  led.o(.text)
    LCD_WR_REG                               0x0800057d   Thumb Code    24  lcd.o(.text)
    LCD_WR_DATA                              0x08000595   Thumb Code    24  lcd.o(.text)
    LCD_RD_DATA                              0x080005ad   Thumb Code    20  lcd.o(.text)
    LCD_WriteReg                             0x080005c1   Thumb Code    12  lcd.o(.text)
    LCD_ReadReg                              0x080005cd   Thumb Code    18  lcd.o(.text)
    LCD_WriteRAM_Prepare                     0x080005df   Thumb Code    14  lcd.o(.text)
    LCD_WriteRAM                             0x080005ed   Thumb Code    10  lcd.o(.text)
    LCD_BGR2RGB                              0x080005f7   Thumb Code    18  lcd.o(.text)
    opt_delay                                0x08000609   Thumb Code     8  lcd.o(.text)
    LCD_SetCursor                            0x08000611   Thumb Code   234  lcd.o(.text)
    LCD_ReadPoint                            0x080006fb   Thumb Code    96  lcd.o(.text)
    LCD_DisplayOn                            0x0800075b   Thumb Code    22  lcd.o(.text)
    LCD_DisplayOff                           0x08000771   Thumb Code    22  lcd.o(.text)
    LCD_Scan_Dir                             0x08000787   Thumb Code   416  lcd.o(.text)
    LCD_DrawPoint                            0x08000927   Thumb Code    24  lcd.o(.text)
    LCD_Fast_DrawPoint                       0x0800093f   Thumb Code   206  lcd.o(.text)
    LCD_SSD_BackLightSet                     0x08000a0d   Thumb Code    70  lcd.o(.text)
    LCD_Display_Dir                          0x08000a53   Thumb Code   178  lcd.o(.text)
    LCD_Set_Window                           0x08000b05   Thumb Code   332  lcd.o(.text)
    LCD_Clear                                0x08000c51   Thumb Code    44  lcd.o(.text)
    LCD_Init                                 0x08000c7d   Thumb Code 10040  lcd.o(.text)
    LCD_Fill                                 0x080033b5   Thumb Code    66  lcd.o(.text)
    LCD_Color_Fill                           0x080033f7   Thumb Code    86  lcd.o(.text)
    LCD_DrawLine                             0x0800344d   Thumb Code   146  lcd.o(.text)
    LCD_DrawRectangle                        0x080034df   Thumb Code    54  lcd.o(.text)
    LCD_Draw_Circle                          0x08003515   Thumb Code   178  lcd.o(.text)
    LCD_ShowChar                             0x080035c7   Thumb Code   182  lcd.o(.text)
    LCD_Pow                                  0x0800367d   Thumb Code    16  lcd.o(.text)
    LCD_ShowNum                              0x0800368d   Thumb Code   116  lcd.o(.text)
    LCD_ShowxNum                             0x08003701   Thumb Code   156  lcd.o(.text)
    LCD_ShowString                           0x0800379d   Thumb Code    82  lcd.o(.text)
    KEY_Init                                 0x080037f1   Thumb Code    58  key.o(.text)
    KEY_Scan                                 0x0800382b   Thumb Code   190  key.o(.text)
    IIC_Init                                 0x080038f5   Thumb Code    58  myiic.o(.text)
    IIC_Start                                0x0800392f   Thumb Code    56  myiic.o(.text)
    IIC_Stop                                 0x08003967   Thumb Code    58  myiic.o(.text)
    IIC_Wait_Ack                             0x080039a1   Thumb Code    74  myiic.o(.text)
    IIC_Ack                                  0x080039eb   Thumb Code    56  myiic.o(.text)
    IIC_NAck                                 0x08003a23   Thumb Code    56  myiic.o(.text)
    IIC_Send_Byte                            0x08003a5b   Thumb Code    86  myiic.o(.text)
    IIC_Read_Byte                            0x08003ab1   Thumb Code    96  myiic.o(.text)
    AT24CXX_Init                             0x08003b19   Thumb Code     4  24cxx.o(.text)
    AT24CXX_ReadOneByte                      0x08003b1d   Thumb Code    66  24cxx.o(.text)
    AT24CXX_WriteOneByte                     0x08003b5f   Thumb Code    62  24cxx.o(.text)
    AT24CXX_WriteLenByte                     0x08003b9d   Thumb Code    42  24cxx.o(.text)
    AT24CXX_ReadLenByte                      0x08003bc7   Thumb Code    40  24cxx.o(.text)
    AT24CXX_Check                            0x08003bef   Thumb Code    38  24cxx.o(.text)
    AT24CXX_Read                             0x08003c15   Thumb Code    34  24cxx.o(.text)
    AT24CXX_Write                            0x08003c37   Thumb Code    32  24cxx.o(.text)
    delay_init                               0x08003c59   Thumb Code    38  delay.o(.text)
    delay_us                                 0x08003c7f   Thumb Code    46  delay.o(.text)
    delay_xms                                0x08003cad   Thumb Code    46  delay.o(.text)
    delay_ms                                 0x08003cdb   Thumb Code    50  delay.o(.text)
    _sys_exit                                0x08003d11   Thumb Code     2  usart.o(.text)
    fputc                                    0x08003d13   Thumb Code    14  usart.o(.text)
    uart_init                                0x08003d21   Thumb Code   164  usart.o(.text)
    USART1_IRQHandler                        0x08003dc5   Thumb Code    88  usart.o(.text)
    Reset_Handler                            0x08003e2d   Thumb Code     8  startup_stm32f40_41xxx.o(.text)
    ADC_IRQHandler                           0x08003e47   Thumb Code     0  startup_stm32f40_41xxx.o(.text)
    CAN1_RX0_IRQHandler                      0x08003e47   Thumb Code     0  startup_stm32f40_41xxx.o(.text)
    CAN1_RX1_IRQHandler                      0x08003e47   Thumb Code     0  startup_stm32f40_41xxx.o(.text)
    CAN1_SCE_IRQHandler                      0x08003e47   Thumb Code     0  startup_stm32f40_41xxx.o(.text)
    CAN1_TX_IRQHandler                       0x08003e47   Thumb Code     0  startup_stm32f40_41xxx.o(.text)
    CAN2_RX0_IRQHandler                      0x08003e47   Thumb Code     0  startup_stm32f40_41xxx.o(.text)
    CAN2_RX1_IRQHandler                      0x08003e47   Thumb Code     0  startup_stm32f40_41xxx.o(.text)
    CAN2_SCE_IRQHandler                      0x08003e47   Thumb Code     0  startup_stm32f40_41xxx.o(.text)
    CAN2_TX_IRQHandler                       0x08003e47   Thumb Code     0  startup_stm32f40_41xxx.o(.text)
    CRYP_IRQHandler                          0x08003e47   Thumb Code     0  startup_stm32f40_41xxx.o(.text)
    DCMI_IRQHandler                          0x08003e47   Thumb Code     0  startup_stm32f40_41xxx.o(.text)
    DMA1_Stream0_IRQHandler                  0x08003e47   Thumb Code     0  startup_stm32f40_41xxx.o(.text)
    DMA1_Stream1_IRQHandler                  0x08003e47   Thumb Code     0  startup_stm32f40_41xxx.o(.text)
    DMA1_Stream2_IRQHandler                  0x08003e47   Thumb Code     0  startup_stm32f40_41xxx.o(.text)
    DMA1_Stream3_IRQHandler                  0x08003e47   Thumb Code     0  startup_stm32f40_41xxx.o(.text)
    DMA1_Stream4_IRQHandler                  0x08003e47   Thumb Code     0  startup_stm32f40_41xxx.o(.text)
    DMA1_Stream5_IRQHandler                  0x08003e47   Thumb Code     0  startup_stm32f40_41xxx.o(.text)
    DMA1_Stream6_IRQHandler                  0x08003e47   Thumb Code     0  startup_stm32f40_41xxx.o(.text)
    DMA1_Stream7_IRQHandler                  0x08003e47   Thumb Code     0  startup_stm32f40_41xxx.o(.text)
    DMA2_Stream0_IRQHandler                  0x08003e47   Thumb Code     0  startup_stm32f40_41xxx.o(.text)
    DMA2_Stream1_IRQHandler                  0x08003e47   Thumb Code     0  startup_stm32f40_41xxx.o(.text)
    DMA2_Stream2_IRQHandler                  0x08003e47   Thumb Code     0  startup_stm32f40_41xxx.o(.text)
    DMA2_Stream3_IRQHandler                  0x08003e47   Thumb Code     0  startup_stm32f40_41xxx.o(.text)
    DMA2_Stream4_IRQHandler                  0x08003e47   Thumb Code     0  startup_stm32f40_41xxx.o(.text)
    DMA2_Stream5_IRQHandler                  0x08003e47   Thumb Code     0  startup_stm32f40_41xxx.o(.text)
    DMA2_Stream6_IRQHandler                  0x08003e47   Thumb Code     0  startup_stm32f40_41xxx.o(.text)
    DMA2_Stream7_IRQHandler                  0x08003e47   Thumb Code     0  startup_stm32f40_41xxx.o(.text)
    ETH_IRQHandler                           0x08003e47   Thumb Code     0  startup_stm32f40_41xxx.o(.text)
    ETH_WKUP_IRQHandler                      0x08003e47   Thumb Code     0  startup_stm32f40_41xxx.o(.text)
    EXTI0_IRQHandler                         0x08003e47   Thumb Code     0  startup_stm32f40_41xxx.o(.text)
    EXTI15_10_IRQHandler                     0x08003e47   Thumb Code     0  startup_stm32f40_41xxx.o(.text)
    EXTI1_IRQHandler                         0x08003e47   Thumb Code     0  startup_stm32f40_41xxx.o(.text)
    EXTI2_IRQHandler                         0x08003e47   Thumb Code     0  startup_stm32f40_41xxx.o(.text)
    EXTI3_IRQHandler                         0x08003e47   Thumb Code     0  startup_stm32f40_41xxx.o(.text)
    EXTI4_IRQHandler                         0x08003e47   Thumb Code     0  startup_stm32f40_41xxx.o(.text)
    FLASH_IRQHandler                         0x08003e47   Thumb Code     0  startup_stm32f40_41xxx.o(.text)
    FPU_IRQHandler                           0x08003e47   Thumb Code     0  startup_stm32f40_41xxx.o(.text)
    FSMC_IRQHandler                          0x08003e47   Thumb Code     0  startup_stm32f40_41xxx.o(.text)
    HASH_RNG_IRQHandler                      0x08003e47   Thumb Code     0  startup_stm32f40_41xxx.o(.text)
    I2C1_ER_IRQHandler                       0x08003e47   Thumb Code     0  startup_stm32f40_41xxx.o(.text)
    I2C1_EV_IRQHandler                       0x08003e47   Thumb Code     0  startup_stm32f40_41xxx.o(.text)
    I2C2_ER_IRQHandler                       0x08003e47   Thumb Code     0  startup_stm32f40_41xxx.o(.text)
    I2C2_EV_IRQHandler                       0x08003e47   Thumb Code     0  startup_stm32f40_41xxx.o(.text)
    I2C3_ER_IRQHandler                       0x08003e47   Thumb Code     0  startup_stm32f40_41xxx.o(.text)
    I2C3_EV_IRQHandler                       0x08003e47   Thumb Code     0  startup_stm32f40_41xxx.o(.text)
    OTG_FS_IRQHandler                        0x08003e47   Thumb Code     0  startup_stm32f40_41xxx.o(.text)
    OTG_FS_WKUP_IRQHandler                   0x08003e47   Thumb Code     0  startup_stm32f40_41xxx.o(.text)
    OTG_HS_EP1_IN_IRQHandler                 0x08003e47   Thumb Code     0  startup_stm32f40_41xxx.o(.text)
    OTG_HS_EP1_OUT_IRQHandler                0x08003e47   Thumb Code     0  startup_stm32f40_41xxx.o(.text)
    OTG_HS_IRQHandler                        0x08003e47   Thumb Code     0  startup_stm32f40_41xxx.o(.text)
    OTG_HS_WKUP_IRQHandler                   0x08003e47   Thumb Code     0  startup_stm32f40_41xxx.o(.text)
    PVD_IRQHandler                           0x08003e47   Thumb Code     0  startup_stm32f40_41xxx.o(.text)
    RCC_IRQHandler                           0x08003e47   Thumb Code     0  startup_stm32f40_41xxx.o(.text)
    RTC_Alarm_IRQHandler                     0x08003e47   Thumb Code     0  startup_stm32f40_41xxx.o(.text)
    RTC_WKUP_IRQHandler                      0x08003e47   Thumb Code     0  startup_stm32f40_41xxx.o(.text)
    SDIO_IRQHandler                          0x08003e47   Thumb Code     0  startup_stm32f40_41xxx.o(.text)
    SPI1_IRQHandler                          0x08003e47   Thumb Code     0  startup_stm32f40_41xxx.o(.text)
    SPI2_IRQHandler                          0x08003e47   Thumb Code     0  startup_stm32f40_41xxx.o(.text)
    SPI3_IRQHandler                          0x08003e47   Thumb Code     0  startup_stm32f40_41xxx.o(.text)
    TAMP_STAMP_IRQHandler                    0x08003e47   Thumb Code     0  startup_stm32f40_41xxx.o(.text)
    TIM1_BRK_TIM9_IRQHandler                 0x08003e47   Thumb Code     0  startup_stm32f40_41xxx.o(.text)
    TIM1_CC_IRQHandler                       0x08003e47   Thumb Code     0  startup_stm32f40_41xxx.o(.text)
    TIM1_TRG_COM_TIM11_IRQHandler            0x08003e47   Thumb Code     0  startup_stm32f40_41xxx.o(.text)
    TIM1_UP_TIM10_IRQHandler                 0x08003e47   Thumb Code     0  startup_stm32f40_41xxx.o(.text)
    TIM2_IRQHandler                          0x08003e47   Thumb Code     0  startup_stm32f40_41xxx.o(.text)
    TIM3_IRQHandler                          0x08003e47   Thumb Code     0  startup_stm32f40_41xxx.o(.text)
    TIM5_IRQHandler                          0x08003e47   Thumb Code     0  startup_stm32f40_41xxx.o(.text)
    TIM6_DAC_IRQHandler                      0x08003e47   Thumb Code     0  startup_stm32f40_41xxx.o(.text)
    TIM7_IRQHandler                          0x08003e47   Thumb Code     0  startup_stm32f40_41xxx.o(.text)
    TIM8_BRK_TIM12_IRQHandler                0x08003e47   Thumb Code     0  startup_stm32f40_41xxx.o(.text)
    TIM8_CC_IRQHandler                       0x08003e47   Thumb Code     0  startup_stm32f40_41xxx.o(.text)
    TIM8_TRG_COM_TIM14_IRQHandler            0x08003e47   Thumb Code     0  startup_stm32f40_41xxx.o(.text)
    TIM8_UP_TIM13_IRQHandler                 0x08003e47   Thumb Code     0  startup_stm32f40_41xxx.o(.text)
    UART4_IRQHandler                         0x08003e47   Thumb Code     0  startup_stm32f40_41xxx.o(.text)
    UART5_IRQHandler                         0x08003e47   Thumb Code     0  startup_stm32f40_41xxx.o(.text)
    USART2_IRQHandler                        0x08003e47   Thumb Code     0  startup_stm32f40_41xxx.o(.text)
    USART3_IRQHandler                        0x08003e47   Thumb Code     0  startup_stm32f40_41xxx.o(.text)
    USART6_IRQHandler                        0x08003e47   Thumb Code     0  startup_stm32f40_41xxx.o(.text)
    WWDG_IRQHandler                          0x08003e47   Thumb Code     0  startup_stm32f40_41xxx.o(.text)
    __user_initial_stackheap                 0x08003e49   Thumb Code     0  startup_stm32f40_41xxx.o(.text)
    NVIC_PriorityGroupConfig                 0x08003e6d   Thumb Code    10  misc.o(.text)
    NVIC_Init                                0x08003e77   Thumb Code    96  misc.o(.text)
    NVIC_SetVectorTable                      0x08003ed7   Thumb Code    14  misc.o(.text)
    NVIC_SystemLPConfig                      0x08003ee5   Thumb Code    20  misc.o(.text)
    SysTick_CLKSourceConfig                  0x08003ef9   Thumb Code    24  misc.o(.text)
    GPIO_DeInit                              0x08003f1d   Thumb Code   216  stm32f4xx_gpio.o(.text)
    GPIO_Init                                0x08003ff5   Thumb Code   120  stm32f4xx_gpio.o(.text)
    GPIO_StructInit                          0x0800406d   Thumb Code    18  stm32f4xx_gpio.o(.text)
    GPIO_PinLockConfig                       0x0800407f   Thumb Code    24  stm32f4xx_gpio.o(.text)
    GPIO_ReadInputDataBit                    0x08004097   Thumb Code    14  stm32f4xx_gpio.o(.text)
    GPIO_ReadInputData                       0x080040a5   Thumb Code     6  stm32f4xx_gpio.o(.text)
    GPIO_ReadOutputDataBit                   0x080040ab   Thumb Code    14  stm32f4xx_gpio.o(.text)
    GPIO_ReadOutputData                      0x080040b9   Thumb Code     6  stm32f4xx_gpio.o(.text)
    GPIO_SetBits                             0x080040bf   Thumb Code     4  stm32f4xx_gpio.o(.text)
    GPIO_ResetBits                           0x080040c3   Thumb Code     4  stm32f4xx_gpio.o(.text)
    GPIO_WriteBit                            0x080040c7   Thumb Code    10  stm32f4xx_gpio.o(.text)
    GPIO_Write                               0x080040d1   Thumb Code     4  stm32f4xx_gpio.o(.text)
    GPIO_ToggleBits                          0x080040d5   Thumb Code     8  stm32f4xx_gpio.o(.text)
    GPIO_PinAFConfig                         0x080040dd   Thumb Code    32  stm32f4xx_gpio.o(.text)
    FSMC_NORSRAMDeInit                       0x08004129   Thumb Code    38  stm32f4xx_fsmc.o(.text)
    FSMC_NORSRAMInit                         0x0800414f   Thumb Code   200  stm32f4xx_fsmc.o(.text)
    FSMC_NORSRAMStructInit                   0x08004217   Thumb Code    42  stm32f4xx_fsmc.o(.text)
    FSMC_NORSRAMCmd                          0x08004241   Thumb Code    26  stm32f4xx_fsmc.o(.text)
    FSMC_NANDDeInit                          0x0800425b   Thumb Code    40  stm32f4xx_fsmc.o(.text)
    FSMC_NANDInit                            0x08004283   Thumb Code   104  stm32f4xx_fsmc.o(.text)
    FSMC_NANDStructInit                      0x080042eb   Thumb Code    54  stm32f4xx_fsmc.o(.text)
    FSMC_NANDCmd                             0x08004321   Thumb Code    54  stm32f4xx_fsmc.o(.text)
    FSMC_NANDECCCmd                          0x08004357   Thumb Code    54  stm32f4xx_fsmc.o(.text)
    FSMC_GetECC                              0x0800438d   Thumb Code    18  stm32f4xx_fsmc.o(.text)
    FSMC_PCCARDDeInit                        0x0800439f   Thumb Code    26  stm32f4xx_fsmc.o(.text)
    FSMC_PCCARDInit                          0x080043b9   Thumb Code   102  stm32f4xx_fsmc.o(.text)
    FSMC_PCCARDStructInit                    0x0800441f   Thumb Code    60  stm32f4xx_fsmc.o(.text)
    FSMC_PCCARDCmd                           0x0800445b   Thumb Code    28  stm32f4xx_fsmc.o(.text)
    FSMC_ITConfig                            0x08004477   Thumb Code    72  stm32f4xx_fsmc.o(.text)
    FSMC_GetFlagStatus                       0x080044bf   Thumb Code    40  stm32f4xx_fsmc.o(.text)
    FSMC_ClearFlag                           0x080044e7   Thumb Code    38  stm32f4xx_fsmc.o(.text)
    FSMC_GetITStatus                         0x0800450d   Thumb Code    48  stm32f4xx_fsmc.o(.text)
    FSMC_ClearITPendingBit                   0x0800453d   Thumb Code    42  stm32f4xx_fsmc.o(.text)
    RCC_DeInit                               0x08004571   Thumb Code    68  stm32f4xx_rcc.o(.text)
    RCC_HSEConfig                            0x080045b5   Thumb Code    12  stm32f4xx_rcc.o(.text)
    RCC_GetFlagStatus                        0x080045c1   Thumb Code    46  stm32f4xx_rcc.o(.text)
    RCC_WaitForHSEStartUp                    0x080045ef   Thumb Code    44  stm32f4xx_rcc.o(.text)
    RCC_AdjustHSICalibrationValue            0x0800461b   Thumb Code    16  stm32f4xx_rcc.o(.text)
    RCC_HSICmd                               0x0800462b   Thumb Code     6  stm32f4xx_rcc.o(.text)
    RCC_LSEConfig                            0x08004631   Thumb Code    24  stm32f4xx_rcc.o(.text)
    RCC_LSICmd                               0x08004649   Thumb Code     6  stm32f4xx_rcc.o(.text)
    RCC_PLLConfig                            0x0800464f   Thumb Code    32  stm32f4xx_rcc.o(.text)
    RCC_PLLCmd                               0x0800466f   Thumb Code     6  stm32f4xx_rcc.o(.text)
    RCC_PLLI2SConfig                         0x08004675   Thumb Code    14  stm32f4xx_rcc.o(.text)
    RCC_PLLI2SCmd                            0x08004683   Thumb Code     6  stm32f4xx_rcc.o(.text)
    RCC_PLLSAIConfig                         0x08004689   Thumb Code    18  stm32f4xx_rcc.o(.text)
    RCC_PLLSAICmd                            0x0800469b   Thumb Code     6  stm32f4xx_rcc.o(.text)
    RCC_ClockSecuritySystemCmd               0x080046a1   Thumb Code     6  stm32f4xx_rcc.o(.text)
    RCC_MCO1Config                           0x080046a7   Thumb Code    18  stm32f4xx_rcc.o(.text)
    RCC_MCO2Config                           0x080046b9   Thumb Code    18  stm32f4xx_rcc.o(.text)
    RCC_SYSCLKConfig                         0x080046cb   Thumb Code    16  stm32f4xx_rcc.o(.text)
    RCC_GetSYSCLKSource                      0x080046db   Thumb Code    12  stm32f4xx_rcc.o(.text)
    RCC_HCLKConfig                           0x080046e7   Thumb Code    16  stm32f4xx_rcc.o(.text)
    RCC_PCLK1Config                          0x080046f7   Thumb Code    16  stm32f4xx_rcc.o(.text)
    RCC_PCLK2Config                          0x08004707   Thumb Code    18  stm32f4xx_rcc.o(.text)
    RCC_GetClocksFreq                        0x08004719   Thumb Code   134  stm32f4xx_rcc.o(.text)
    RCC_RTCCLKConfig                         0x0800479f   Thumb Code    42  stm32f4xx_rcc.o(.text)
    RCC_RTCCLKCmd                            0x080047c9   Thumb Code     8  stm32f4xx_rcc.o(.text)
    RCC_BackupResetCmd                       0x080047d1   Thumb Code     8  stm32f4xx_rcc.o(.text)
    RCC_I2SCLKConfig                         0x080047d9   Thumb Code     8  stm32f4xx_rcc.o(.text)
    RCC_SAIPLLI2SClkDivConfig                0x080047e1   Thumb Code    18  stm32f4xx_rcc.o(.text)
    RCC_SAIPLLSAIClkDivConfig                0x080047f3   Thumb Code    24  stm32f4xx_rcc.o(.text)
    RCC_SAIBlockACLKConfig                   0x0800480b   Thumb Code    16  stm32f4xx_rcc.o(.text)
    RCC_SAIBlockBCLKConfig                   0x0800481b   Thumb Code    16  stm32f4xx_rcc.o(.text)
    RCC_LTDCCLKDivConfig                     0x0800482b   Thumb Code    16  stm32f4xx_rcc.o(.text)
    RCC_TIMCLKPresConfig                     0x0800483b   Thumb Code     8  stm32f4xx_rcc.o(.text)
    RCC_AHB1PeriphClockCmd                   0x08004843   Thumb Code    20  stm32f4xx_rcc.o(.text)
    RCC_AHB2PeriphClockCmd                   0x08004857   Thumb Code    20  stm32f4xx_rcc.o(.text)
    RCC_AHB3PeriphClockCmd                   0x0800486b   Thumb Code    20  stm32f4xx_rcc.o(.text)
    RCC_APB1PeriphClockCmd                   0x0800487f   Thumb Code    20  stm32f4xx_rcc.o(.text)
    RCC_APB2PeriphClockCmd                   0x08004893   Thumb Code    20  stm32f4xx_rcc.o(.text)
    RCC_AHB1PeriphResetCmd                   0x080048a7   Thumb Code    20  stm32f4xx_rcc.o(.text)
    RCC_AHB2PeriphResetCmd                   0x080048bb   Thumb Code    20  stm32f4xx_rcc.o(.text)
    RCC_AHB3PeriphResetCmd                   0x080048cf   Thumb Code    20  stm32f4xx_rcc.o(.text)
    RCC_APB1PeriphResetCmd                   0x080048e3   Thumb Code    20  stm32f4xx_rcc.o(.text)
    RCC_APB2PeriphResetCmd                   0x080048f7   Thumb Code    20  stm32f4xx_rcc.o(.text)
    RCC_AHB1PeriphClockLPModeCmd             0x0800490b   Thumb Code    20  stm32f4xx_rcc.o(.text)
    RCC_AHB2PeriphClockLPModeCmd             0x0800491f   Thumb Code    20  stm32f4xx_rcc.o(.text)
    RCC_AHB3PeriphClockLPModeCmd             0x08004933   Thumb Code    20  stm32f4xx_rcc.o(.text)
    RCC_APB1PeriphClockLPModeCmd             0x08004947   Thumb Code    64  stm32f4xx_rcc.o(.text)
    RCC_APB2PeriphClockLPModeCmd             0x08004987   Thumb Code    18  stm32f4xx_rcc.o(.text)
    RCC_LSEModeConfig                        0x08004999   Thumb Code    24  stm32f4xx_rcc.o(.text)
    RCC_ITConfig                             0x080049b1   Thumb Code    20  stm32f4xx_rcc.o(.text)
    RCC_ClearFlag                            0x080049c5   Thumb Code    14  stm32f4xx_rcc.o(.text)
    RCC_GetITStatus                          0x080049d3   Thumb Code    18  stm32f4xx_rcc.o(.text)
    RCC_ClearITPendingBit                    0x080049e5   Thumb Code     8  stm32f4xx_rcc.o(.text)
    SYSCFG_DeInit                            0x080049f1   Thumb Code    24  stm32f4xx_syscfg.o(.text)
    SYSCFG_MemoryRemapConfig                 0x08004a09   Thumb Code     6  stm32f4xx_syscfg.o(.text)
    SYSCFG_MemorySwappingBank                0x08004a0f   Thumb Code     6  stm32f4xx_syscfg.o(.text)
    SYSCFG_EXTILineConfig                    0x08004a15   Thumb Code    42  stm32f4xx_syscfg.o(.text)
    SYSCFG_ETH_MediaInterfaceConfig          0x08004a3f   Thumb Code     8  stm32f4xx_syscfg.o(.text)
    SYSCFG_CompensationCellCmd               0x08004a47   Thumb Code     6  stm32f4xx_syscfg.o(.text)
    SYSCFG_GetCompensationCellStatus         0x08004a4d   Thumb Code    16  stm32f4xx_syscfg.o(.text)
    USART_DeInit                             0x08004a6d   Thumb Code   138  stm32f4xx_usart.o(.text)
    USART_Init                               0x08004af7   Thumb Code   164  stm32f4xx_usart.o(.text)
    USART_StructInit                         0x08004b9b   Thumb Code    22  stm32f4xx_usart.o(.text)
    USART_ClockInit                          0x08004bb1   Thumb Code    28  stm32f4xx_usart.o(.text)
    USART_ClockStructInit                    0x08004bcd   Thumb Code    12  stm32f4xx_usart.o(.text)
    USART_Cmd                                0x08004bd9   Thumb Code    20  stm32f4xx_usart.o(.text)
    USART_SetPrescaler                       0x08004bed   Thumb Code    16  stm32f4xx_usart.o(.text)
    USART_OverSampling8Cmd                   0x08004bfd   Thumb Code    20  stm32f4xx_usart.o(.text)
    USART_OneBitMethodCmd                    0x08004c11   Thumb Code    20  stm32f4xx_usart.o(.text)
    USART_SendData                           0x08004c25   Thumb Code     8  stm32f4xx_usart.o(.text)
    USART_ReceiveData                        0x08004c2d   Thumb Code     8  stm32f4xx_usart.o(.text)
    USART_SetAddress                         0x08004c35   Thumb Code    16  stm32f4xx_usart.o(.text)
    USART_ReceiverWakeUpCmd                  0x08004c45   Thumb Code    20  stm32f4xx_usart.o(.text)
    USART_WakeUpConfig                       0x08004c59   Thumb Code    16  stm32f4xx_usart.o(.text)
    USART_LINBreakDetectLengthConfig         0x08004c69   Thumb Code    16  stm32f4xx_usart.o(.text)
    USART_LINCmd                             0x08004c79   Thumb Code    20  stm32f4xx_usart.o(.text)
    USART_SendBreak                          0x08004c8d   Thumb Code    10  stm32f4xx_usart.o(.text)
    USART_HalfDuplexCmd                      0x08004c97   Thumb Code    20  stm32f4xx_usart.o(.text)
    USART_SetGuardTime                       0x08004cab   Thumb Code    16  stm32f4xx_usart.o(.text)
    USART_SmartCardCmd                       0x08004cbb   Thumb Code    20  stm32f4xx_usart.o(.text)
    USART_SmartCardNACKCmd                   0x08004ccf   Thumb Code    20  stm32f4xx_usart.o(.text)
    USART_IrDAConfig                         0x08004ce3   Thumb Code    16  stm32f4xx_usart.o(.text)
    USART_IrDACmd                            0x08004cf3   Thumb Code    20  stm32f4xx_usart.o(.text)
    USART_DMACmd                             0x08004d07   Thumb Code    16  stm32f4xx_usart.o(.text)
    USART_ITConfig                           0x08004d17   Thumb Code    48  stm32f4xx_usart.o(.text)
    USART_GetFlagStatus                      0x08004d47   Thumb Code    14  stm32f4xx_usart.o(.text)
    USART_ClearFlag                          0x08004d55   Thumb Code     6  stm32f4xx_usart.o(.text)
    USART_GetITStatus                        0x08004d5b   Thumb Code    62  stm32f4xx_usart.o(.text)
    USART_ClearITPendingBit                  0x08004d99   Thumb Code    12  stm32f4xx_usart.o(.text)
    EXTI_DeInit                              0x08004dc5   Thumb Code    28  stm32f4xx_exti.o(.text)
    EXTI_Init                                0x08004de1   Thumb Code   108  stm32f4xx_exti.o(.text)
    EXTI_StructInit                          0x08004e4d   Thumb Code    14  stm32f4xx_exti.o(.text)
    EXTI_GenerateSWInterrupt                 0x08004e5b   Thumb Code    12  stm32f4xx_exti.o(.text)
    EXTI_GetFlagStatus                       0x08004e67   Thumb Code    18  stm32f4xx_exti.o(.text)
    EXTI_ClearFlag                           0x08004e79   Thumb Code     8  stm32f4xx_exti.o(.text)
    EXTI_GetITStatus                         0x08004e81   Thumb Code    18  stm32f4xx_exti.o(.text)
    EXTI_ClearITPendingBit                   0x08004e93   Thumb Code     8  stm32f4xx_exti.o(.text)
    TIM_DeInit                               0x08004ea5   Thumb Code   284  stm32f4xx_tim.o(.text)
    TIM_TimeBaseInit                         0x08004fc1   Thumb Code    96  stm32f4xx_tim.o(.text)
    TIM_TimeBaseStructInit                   0x08005021   Thumb Code    18  stm32f4xx_tim.o(.text)
    TIM_PrescalerConfig                      0x08005033   Thumb Code     6  stm32f4xx_tim.o(.text)
    TIM_CounterModeConfig                    0x08005039   Thumb Code    12  stm32f4xx_tim.o(.text)
    TIM_SetCounter                           0x08005045   Thumb Code     4  stm32f4xx_tim.o(.text)
    TIM_SetAutoreload                        0x08005049   Thumb Code     4  stm32f4xx_tim.o(.text)
    TIM_GetCounter                           0x0800504d   Thumb Code     4  stm32f4xx_tim.o(.text)
    TIM_GetPrescaler                         0x08005051   Thumb Code     4  stm32f4xx_tim.o(.text)
    TIM_UpdateDisableConfig                  0x08005055   Thumb Code    20  stm32f4xx_tim.o(.text)
    TIM_UpdateRequestConfig                  0x08005069   Thumb Code    20  stm32f4xx_tim.o(.text)
    TIM_ARRPreloadConfig                     0x0800507d   Thumb Code    20  stm32f4xx_tim.o(.text)
    TIM_SelectOnePulseMode                   0x08005091   Thumb Code    16  stm32f4xx_tim.o(.text)
    TIM_SetClockDivision                     0x080050a1   Thumb Code    16  stm32f4xx_tim.o(.text)
    TIM_Cmd                                  0x080050b1   Thumb Code    20  stm32f4xx_tim.o(.text)
    TIM_OC1Init                              0x080050c5   Thumb Code    88  stm32f4xx_tim.o(.text)
    TIM_OC2Init                              0x0800511d   Thumb Code   120  stm32f4xx_tim.o(.text)
    TIM_OC3Init                              0x08005195   Thumb Code   116  stm32f4xx_tim.o(.text)
    TIM_OC4Init                              0x08005209   Thumb Code    88  stm32f4xx_tim.o(.text)
    TIM_OCStructInit                         0x08005261   Thumb Code    20  stm32f4xx_tim.o(.text)
    TIM_SelectOCxM                           0x08005275   Thumb Code   130  stm32f4xx_tim.o(.text)
    TIM_SetCompare1                          0x080052f7   Thumb Code     4  stm32f4xx_tim.o(.text)
    TIM_SetCompare2                          0x080052fb   Thumb Code     4  stm32f4xx_tim.o(.text)
    TIM_SetCompare3                          0x080052ff   Thumb Code     4  stm32f4xx_tim.o(.text)
    TIM_SetCompare4                          0x08005303   Thumb Code     4  stm32f4xx_tim.o(.text)
    TIM_ForcedOC1Config                      0x08005307   Thumb Code    12  stm32f4xx_tim.o(.text)
    TIM_ForcedOC2Config                      0x08005313   Thumb Code    20  stm32f4xx_tim.o(.text)
    TIM_ForcedOC3Config                      0x08005327   Thumb Code    12  stm32f4xx_tim.o(.text)
    TIM_ForcedOC4Config                      0x08005333   Thumb Code    20  stm32f4xx_tim.o(.text)
    TIM_OC1PreloadConfig                     0x08005347   Thumb Code    12  stm32f4xx_tim.o(.text)
    TIM_OC2PreloadConfig                     0x08005353   Thumb Code    20  stm32f4xx_tim.o(.text)
    TIM_OC3PreloadConfig                     0x08005367   Thumb Code    12  stm32f4xx_tim.o(.text)
    TIM_OC4PreloadConfig                     0x08005373   Thumb Code    20  stm32f4xx_tim.o(.text)
    TIM_OC1FastConfig                        0x08005387   Thumb Code    12  stm32f4xx_tim.o(.text)
    TIM_OC2FastConfig                        0x08005393   Thumb Code    20  stm32f4xx_tim.o(.text)
    TIM_OC3FastConfig                        0x080053a7   Thumb Code    12  stm32f4xx_tim.o(.text)
    TIM_OC4FastConfig                        0x080053b3   Thumb Code    20  stm32f4xx_tim.o(.text)
    TIM_ClearOC1Ref                          0x080053c7   Thumb Code    12  stm32f4xx_tim.o(.text)
    TIM_ClearOC2Ref                          0x080053d3   Thumb Code    20  stm32f4xx_tim.o(.text)
    TIM_ClearOC3Ref                          0x080053e7   Thumb Code    12  stm32f4xx_tim.o(.text)
    TIM_ClearOC4Ref                          0x080053f3   Thumb Code    20  stm32f4xx_tim.o(.text)
    TIM_OC1PolarityConfig                    0x08005407   Thumb Code    12  stm32f4xx_tim.o(.text)
    TIM_OC1NPolarityConfig                   0x08005413   Thumb Code    12  stm32f4xx_tim.o(.text)
    TIM_OC2PolarityConfig                    0x0800541f   Thumb Code    20  stm32f4xx_tim.o(.text)
    TIM_OC2NPolarityConfig                   0x08005433   Thumb Code    20  stm32f4xx_tim.o(.text)
    TIM_OC3PolarityConfig                    0x08005447   Thumb Code    20  stm32f4xx_tim.o(.text)
    TIM_OC3NPolarityConfig                   0x0800545b   Thumb Code    20  stm32f4xx_tim.o(.text)
    TIM_OC4PolarityConfig                    0x0800546f   Thumb Code    20  stm32f4xx_tim.o(.text)
    TIM_CCxCmd                               0x08005483   Thumb Code    22  stm32f4xx_tim.o(.text)
    TIM_CCxNCmd                              0x08005499   Thumb Code    22  stm32f4xx_tim.o(.text)
    TIM_SetIC4Prescaler                      0x080054af   Thumb Code    24  stm32f4xx_tim.o(.text)
    TIM_SetIC3Prescaler                      0x080054c7   Thumb Code    16  stm32f4xx_tim.o(.text)
    TIM_SetIC2Prescaler                      0x080054d7   Thumb Code    24  stm32f4xx_tim.o(.text)
    TIM_SetIC1Prescaler                      0x08005525   Thumb Code    16  stm32f4xx_tim.o(.text)
    TIM_ICInit                               0x08005535   Thumb Code   164  stm32f4xx_tim.o(.text)
    TIM_ICStructInit                         0x080055d9   Thumb Code    16  stm32f4xx_tim.o(.text)
    TIM_PWMIConfig                           0x080055e9   Thumb Code   104  stm32f4xx_tim.o(.text)
    TIM_GetCapture1                          0x08005651   Thumb Code     4  stm32f4xx_tim.o(.text)
    TIM_GetCapture2                          0x08005655   Thumb Code     4  stm32f4xx_tim.o(.text)
    TIM_GetCapture3                          0x08005659   Thumb Code     4  stm32f4xx_tim.o(.text)
    TIM_GetCapture4                          0x0800565d   Thumb Code     4  stm32f4xx_tim.o(.text)
    TIM_BDTRConfig                           0x08005661   Thumb Code    34  stm32f4xx_tim.o(.text)
    TIM_BDTRStructInit                       0x08005683   Thumb Code    18  stm32f4xx_tim.o(.text)
    TIM_CtrlPWMOutputs                       0x08005695   Thumb Code    22  stm32f4xx_tim.o(.text)
    TIM_SelectCOM                            0x080056ab   Thumb Code    20  stm32f4xx_tim.o(.text)
    TIM_CCPreloadControl                     0x080056bf   Thumb Code    20  stm32f4xx_tim.o(.text)
    TIM_ITConfig                             0x080056d3   Thumb Code    16  stm32f4xx_tim.o(.text)
    TIM_GenerateEvent                        0x080056e3   Thumb Code     4  stm32f4xx_tim.o(.text)
    TIM_GetFlagStatus                        0x080056e7   Thumb Code    14  stm32f4xx_tim.o(.text)
    TIM_ClearFlag                            0x080056f5   Thumb Code     6  stm32f4xx_tim.o(.text)
    TIM_GetITStatus                          0x080056fb   Thumb Code    24  stm32f4xx_tim.o(.text)
    TIM_ClearITPendingBit                    0x08005713   Thumb Code     6  stm32f4xx_tim.o(.text)
    TIM_DMAConfig                            0x08005719   Thumb Code     8  stm32f4xx_tim.o(.text)
    TIM_DMACmd                               0x08005721   Thumb Code    16  stm32f4xx_tim.o(.text)
    TIM_SelectCCDMA                          0x08005731   Thumb Code    20  stm32f4xx_tim.o(.text)
    TIM_InternalClockConfig                  0x08005745   Thumb Code    10  stm32f4xx_tim.o(.text)
    TIM_SelectInputTrigger                   0x0800574f   Thumb Code    12  stm32f4xx_tim.o(.text)
    TIM_ITRxExternalClockConfig              0x0800575b   Thumb Code    18  stm32f4xx_tim.o(.text)
    TIM_TIxExternalClockConfig               0x0800576d   Thumb Code    46  stm32f4xx_tim.o(.text)
    TIM_ETRConfig                            0x0800579b   Thumb Code    24  stm32f4xx_tim.o(.text)
    TIM_ETRClockMode1Config                  0x080057b3   Thumb Code    18  stm32f4xx_tim.o(.text)
    TIM_ETRClockMode2Config                  0x080057c5   Thumb Code    18  stm32f4xx_tim.o(.text)
    TIM_SelectOutputTrigger                  0x080057d7   Thumb Code    16  stm32f4xx_tim.o(.text)
    TIM_SelectSlaveMode                      0x080057e7   Thumb Code    16  stm32f4xx_tim.o(.text)
    TIM_SelectMasterSlaveMode                0x080057f7   Thumb Code    16  stm32f4xx_tim.o(.text)
    TIM_EncoderInterfaceConfig               0x08005807   Thumb Code    50  stm32f4xx_tim.o(.text)
    TIM_SelectHallSensor                     0x08005839   Thumb Code    20  stm32f4xx_tim.o(.text)
    TIM_RemapConfig                          0x0800584d   Thumb Code     6  stm32f4xx_tim.o(.text)
    VL53L0X_GetVersion                       0x08005881   Thumb Code    22  vl53l0x_api.o(.text)
    VL53L0X_GetPalSpecVersion                0x08005897   Thumb Code    24  vl53l0x_api.o(.text)
    VL53L0X_GetProductRevision               0x080058af   Thumb Code    28  vl53l0x_api.o(.text)
    VL53L0X_GetDeviceInfo                    0x080058cb   Thumb Code     4  vl53l0x_api.o(.text)
    VL53L0X_GetDeviceErrorStatus             0x080058cf   Thumb Code    24  vl53l0x_api.o(.text)
    VL53L0X_GetDeviceErrorString             0x080058e7   Thumb Code     4  vl53l0x_api.o(.text)
    VL53L0X_GetRangeStatusString             0x080058eb   Thumb Code     4  vl53l0x_api.o(.text)
    VL53L0X_GetPalErrorString                0x080058ef   Thumb Code     4  vl53l0x_api.o(.text)
    VL53L0X_GetPalStateString                0x080058f3   Thumb Code     4  vl53l0x_api.o(.text)
    VL53L0X_GetPalState                      0x080058f7   Thumb Code    12  vl53l0x_api.o(.text)
    VL53L0X_GetVcselPulsePeriod              0x08005903   Thumb Code     4  vl53l0x_api.o(.text)
    VL53L0X_SetMeasurementTimingBudgetMicroSeconds 0x08005907   Thumb Code     4  vl53l0x_api.o(.text)
    VL53L0X_SetSequenceStepEnable            0x0800590b   Thumb Code   172  vl53l0x_api.o(.text)
    VL53L0X_GetFractionEnable                0x080059b7   Thumb Code    26  vl53l0x_api.o(.text)
    VL53L0X_GetMeasurementTimingBudgetMicroSeconds 0x080059d1   Thumb Code     4  vl53l0x_api.o(.text)
    VL53L0X_GetWrapAroundCheckEnable         0x080059d5   Thumb Code    44  vl53l0x_api.o(.text)
    VL53L0X_GetLimitCheckEnable              0x08005a01   Thumb Code    24  vl53l0x_api.o(.text)
    VL53L0X_GetLimitCheckValue               0x08005a19   Thumb Code   130  vl53l0x_api.o(.text)
    VL53L0X_GetOffsetCalibrationDataMicroMeter 0x08005a9b   Thumb Code     4  vl53l0x_api.o(.text)
    VL53L0X_GetXTalkCompensationRateMegaCps  0x08005a9f   Thumb Code    44  vl53l0x_api.o(.text)
    VL53L0X_GetInterMeasurementPeriodMilliSeconds 0x08005acb   Thumb Code    54  vl53l0x_api.o(.text)
    VL53L0X_GetDeviceMode                    0x08005b01   Thumb Code    10  vl53l0x_api.o(.text)
    VL53L0X_GetDeviceParameters              0x08005b0b   Thumb Code   126  vl53l0x_api.o(.text)
    VL53L0X_ClearInterruptMask               0x08005b89   Thumb Code    76  vl53l0x_api.o(.text)
    VL53L0X_SetGpioConfig                    0x08005bd5   Thumb Code   340  vl53l0x_api.o(.text)
    VL53L0X_StaticInit                       0x08005d29   Thumb Code   368  vl53l0x_api.o(.text)
    VL53L0X_SetPowerMode                     0x08005e99   Thumb Code    70  vl53l0x_api.o(.text)
    VL53L0X_GetPowerMode                     0x08005edf   Thumb Code    36  vl53l0x_api.o(.text)
    VL53L0X_SetOffsetCalibrationDataMicroMeter 0x08005f03   Thumb Code     4  vl53l0x_api.o(.text)
    VL53L0X_SetLinearityCorrectiveGain       0x08005f07   Thumb Code    34  vl53l0x_api.o(.text)
    VL53L0X_GetLinearityCorrectiveGain       0x08005f29   Thumb Code    12  vl53l0x_api.o(.text)
    VL53L0X_SetGroupParamHold                0x08005f35   Thumb Code     6  vl53l0x_api.o(.text)
    VL53L0X_GetUpperLimitMilliMeter          0x08005f3b   Thumb Code     6  vl53l0x_api.o(.text)
    VL53L0X_GetTotalSignalRate               0x08005f41   Thumb Code    34  vl53l0x_api.o(.text)
    VL53L0X_SetDeviceAddress                 0x08005f63   Thumb Code     8  vl53l0x_api.o(.text)
    VL53L0X_SetLimitCheckValue               0x08005f6b   Thumb Code    80  vl53l0x_api.o(.text)
    VL53L0X_SetLimitCheckEnable              0x08005fbb   Thumb Code   126  vl53l0x_api.o(.text)
    VL53L0X_DataInit                         0x08006039   Thumb Code   414  vl53l0x_api.o(.text)
    VL53L0X_SetTuningSettingBuffer           0x080061d7   Thumb Code    34  vl53l0x_api.o(.text)
    VL53L0X_GetTuningSettingBuffer           0x080061f9   Thumb Code    20  vl53l0x_api.o(.text)
    VL53L0X_WaitDeviceBooted                 0x0800620d   Thumb Code     6  vl53l0x_api.o(.text)
    VL53L0X_ResetDevice                      0x08006213   Thumb Code    90  vl53l0x_api.o(.text)
    VL53L0X_SetWrapAroundCheckEnable         0x0800626d   Thumb Code    70  vl53l0x_api.o(.text)
    VL53L0X_SetXTalkCompensationRateMegaCps  0x080062b3   Thumb Code    46  vl53l0x_api.o(.text)
    VL53L0X_SetInterMeasurementPeriodMilliSeconds 0x080062e1   Thumb Code    48  vl53l0x_api.o(.text)
    VL53L0X_SetDeviceMode                    0x08006311   Thumb Code    36  vl53l0x_api.o(.text)
    VL53L0X_SetDeviceParameters              0x08006335   Thumb Code   116  vl53l0x_api.o(.text)
    VL53L0X_SetRangeFractionEnable           0x080063a9   Thumb Code    24  vl53l0x_api.o(.text)
    VL53L0X_SetHistogramMode                 0x080063c1   Thumb Code     6  vl53l0x_api.o(.text)
    VL53L0X_GetHistogramMode                 0x080063c7   Thumb Code     6  vl53l0x_api.o(.text)
    VL53L0X_SetVcselPulsePeriod              0x080063cd   Thumb Code     4  vl53l0x_api.o(.text)
    sequence_step_enabled                    0x080063d1   Thumb Code    56  vl53l0x_api.o(.text)
    VL53L0X_GetSequenceStepEnable            0x08006409   Thumb Code    44  vl53l0x_api.o(.text)
    VL53L0X_GetSequenceStepEnables           0x08006435   Thumb Code   114  vl53l0x_api.o(.text)
    VL53L0X_GetNumberOfSequenceSteps         0x080064a7   Thumb Code     8  vl53l0x_api.o(.text)
    VL53L0X_GetSequenceStepsInfo             0x080064af   Thumb Code     4  vl53l0x_api.o(.text)
    VL53L0X_SetSequenceStepTimeout           0x080064b3   Thumb Code    90  vl53l0x_api.o(.text)
    VL53L0X_GetSequenceStepTimeout           0x0800650d   Thumb Code    38  vl53l0x_api.o(.text)
    VL53L0X_SetXTalkCompensationEnable       0x08006533   Thumb Code    52  vl53l0x_api.o(.text)
    VL53L0X_GetXTalkCompensationEnable       0x08006567   Thumb Code    10  vl53l0x_api.o(.text)
    VL53L0X_SetRefCalibration                0x08006571   Thumb Code     4  vl53l0x_api.o(.text)
    VL53L0X_GetRefCalibration                0x08006575   Thumb Code     4  vl53l0x_api.o(.text)
    VL53L0X_GetNumberOfLimitCheck            0x08006579   Thumb Code    10  vl53l0x_api.o(.text)
    VL53L0X_GetLimitCheckInfo                0x08006583   Thumb Code     4  vl53l0x_api.o(.text)
    VL53L0X_GetLimitCheckStatus              0x08006587   Thumb Code    22  vl53l0x_api.o(.text)
    VL53L0X_GetLimitCheckCurrent             0x0800659d   Thumb Code    68  vl53l0x_api.o(.text)
    VL53L0X_SetDmaxCalParameters             0x080065e1   Thumb Code    46  vl53l0x_api.o(.text)
    VL53L0X_GetDmaxCalParameters             0x0800660f   Thumb Code    20  vl53l0x_api.o(.text)
    VL53L0X_GetInterruptThresholds           0x08006623   Thumb Code    52  vl53l0x_api.o(.text)
    VL53L0X_CheckAndLoadInterruptSettings    0x08006657   Thumb Code   122  vl53l0x_api.o(.text)
    VL53L0X_StartMeasurement                 0x080066d1   Thumb Code   210  vl53l0x_api.o(.text)
    VL53L0X_PerformSingleMeasurement         0x080067a3   Thumb Code    34  vl53l0x_api.o(.text)
    VL53L0X_PerformSingleHistogramMeasurement 0x080067c5   Thumb Code     6  vl53l0x_api.o(.text)
    VL53L0X_PerformRefCalibration            0x080067cb   Thumb Code     6  vl53l0x_api.o(.text)
    VL53L0X_PerformXTalkMeasurement          0x080067d1   Thumb Code     6  vl53l0x_api.o(.text)
    VL53L0X_PerformXTalkCalibration          0x080067d7   Thumb Code     4  vl53l0x_api.o(.text)
    VL53L0X_PerformOffsetCalibration         0x080067db   Thumb Code     4  vl53l0x_api.o(.text)
    VL53L0X_StopMeasurement                  0x080067df   Thumb Code    84  vl53l0x_api.o(.text)
    VL53L0X_GetInterruptMaskStatus           0x08006833   Thumb Code    34  vl53l0x_api.o(.text)
    VL53L0X_GetMeasurementDataReady          0x08006855   Thumb Code    58  vl53l0x_api.o(.text)
    VL53L0X_WaitDeviceReadyForNewMeasurement 0x0800688f   Thumb Code     6  vl53l0x_api.o(.text)
    VL53L0X_GetRangingMeasurementData        0x08006895   Thumb Code   300  vl53l0x_api.o(.text)
    VL53L0X_GetMeasurementRefSignal          0x080069c1   Thumb Code    42  vl53l0x_api.o(.text)
    VL53L0X_GetHistogramMeasurementData      0x080069eb   Thumb Code     6  vl53l0x_api.o(.text)
    VL53L0X_PerformSingleRangingMeasurement  0x080069f1   Thumb Code    52  vl53l0x_api.o(.text)
    VL53L0X_SetNumberOfROIZones              0x08006a25   Thumb Code    10  vl53l0x_api.o(.text)
    VL53L0X_GetNumberOfROIZones              0x08006a2f   Thumb Code     8  vl53l0x_api.o(.text)
    VL53L0X_GetMaxNumberOfROIZones           0x08006a37   Thumb Code     8  vl53l0x_api.o(.text)
    VL53L0X_GetGpioConfig                    0x08006a3f   Thumb Code   124  vl53l0x_api.o(.text)
    VL53L0X_SetInterruptThresholds           0x08006abb   Thumb Code    38  vl53l0x_api.o(.text)
    VL53L0X_GetStopCompletedStatus           0x08006ae1   Thumb Code   130  vl53l0x_api.o(.text)
    VL53L0X_EnableInterruptMask              0x08006b63   Thumb Code     6  vl53l0x_api.o(.text)
    VL53L0X_SetSpadAmbientDamperThreshold    0x08006b69   Thumb Code    42  vl53l0x_api.o(.text)
    VL53L0X_GetSpadAmbientDamperThreshold    0x08006b93   Thumb Code    42  vl53l0x_api.o(.text)
    VL53L0X_SetSpadAmbientDamperFactor       0x08006bbd   Thumb Code    44  vl53l0x_api.o(.text)
    VL53L0X_GetSpadAmbientDamperFactor       0x08006be9   Thumb Code    48  vl53l0x_api.o(.text)
    VL53L0X_SetReferenceSpads                0x08006c19   Thumb Code     4  vl53l0x_api.o(.text)
    VL53L0X_GetReferenceSpads                0x08006c1d   Thumb Code     4  vl53l0x_api.o(.text)
    VL53L0X_PerformRefSpadManagement         0x08006c21   Thumb Code     4  vl53l0x_api.o(.text)
    VL53L0X_perform_xtalk_calibration        0x08006c25   Thumb Code   218  vl53l0x_api_calibration.o(.text)
    VL53L0X_perform_offset_calibration       0x08006cff   Thumb Code   198  vl53l0x_api_calibration.o(.text)
    VL53L0X_set_offset_calibration_data_micro_meter 0x08006dc5   Thumb Code    52  vl53l0x_api_calibration.o(.text)
    VL53L0X_get_offset_calibration_data_micro_meter 0x08006df9   Thumb Code    52  vl53l0x_api_calibration.o(.text)
    VL53L0X_apply_offset_adjustment          0x08006e2d   Thumb Code    50  vl53l0x_api_calibration.o(.text)
    get_next_good_spad                       0x08006e5f   Thumb Code    82  vl53l0x_api_calibration.o(.text)
    is_aperture                              0x08006eb1   Thumb Code    20  vl53l0x_api_calibration.o(.text)
    enable_spad_bit                          0x08006ec5   Thumb Code    42  vl53l0x_api_calibration.o(.text)
    count_enabled_spads                      0x08006eef   Thumb Code   142  vl53l0x_api_calibration.o(.text)
    set_ref_spad_map                         0x08006f7d   Thumb Code    10  vl53l0x_api_calibration.o(.text)
    get_ref_spad_map                         0x08006f87   Thumb Code    10  vl53l0x_api_calibration.o(.text)
    enable_ref_spads                         0x08006f91   Thumb Code   142  vl53l0x_api_calibration.o(.text)
    perform_ref_signal_measurement           0x0800701f   Thumb Code   100  vl53l0x_api_calibration.o(.text)
    VL53L0X_ref_calibration_io               0x08007083   Thumb Code   180  vl53l0x_api_calibration.o(.text)
    VL53L0X_perform_single_ref_calibration   0x08007137   Thumb Code    56  vl53l0x_api_calibration.o(.text)
    VL53L0X_perform_phase_calibration        0x0800716f   Thumb Code   128  vl53l0x_api_calibration.o(.text)
    VL53L0X_perform_vhv_calibration          0x080071ef   Thumb Code   112  vl53l0x_api_calibration.o(.text)
    VL53L0X_perform_ref_calibration          0x0800725f   Thumb Code    64  vl53l0x_api_calibration.o(.text)
    VL53L0X_perform_ref_spad_management      0x0800729f   Thumb Code   560  vl53l0x_api_calibration.o(.text)
    VL53L0X_set_reference_spads              0x080074cf   Thumb Code   166  vl53l0x_api_calibration.o(.text)
    VL53L0X_get_reference_spads              0x08007575   Thumb Code   112  vl53l0x_api_calibration.o(.text)
    VL53L0X_set_ref_calibration              0x080075e5   Thumb Code    32  vl53l0x_api_calibration.o(.text)
    VL53L0X_get_ref_calibration              0x08007605   Thumb Code    26  vl53l0x_api_calibration.o(.text)
    VL53L0X_reverse_bytes                    0x08007621   Thumb Code    32  vl53l0x_api_core.o(.text)
    VL53L0X_measurement_poll_for_completion  0x08007641   Thumb Code    54  vl53l0x_api_core.o(.text)
    VL53L0X_decode_vcsel_period              0x08007677   Thumb Code     8  vl53l0x_api_core.o(.text)
    VL53L0X_encode_vcsel_period              0x0800767f   Thumb Code    10  vl53l0x_api_core.o(.text)
    VL53L0X_isqrt                            0x08007689   Thumb Code    42  vl53l0x_api_core.o(.text)
    VL53L0X_quadrature_sum                   0x080076b3   Thumb Code    26  vl53l0x_api_core.o(.text)
    VL53L0X_device_read_strobe               0x080076cd   Thumb Code    72  vl53l0x_api_core.o(.text)
    VL53L0X_get_info_from_device             0x08007715   Thumb Code  1324  vl53l0x_api_core.o(.text)
    VL53L0X_calc_macro_period_ps             0x08007c41   Thumb Code    16  vl53l0x_api_core.o(.text)
    VL53L0X_encode_timeout                   0x08007c51   Thumb Code    30  vl53l0x_api_core.o(.text)
    VL53L0X_decode_timeout                   0x08007c6f   Thumb Code    10  vl53l0x_api_core.o(.text)
    VL53L0X_calc_timeout_mclks               0x08007c79   Thumb Code    34  vl53l0x_api_core.o(.text)
    VL53L0X_calc_timeout_us                  0x08007c9b   Thumb Code    34  vl53l0x_api_core.o(.text)
    get_sequence_step_timeout                0x08007cbd   Thumb Code   242  vl53l0x_api_core.o(.text)
    set_sequence_step_timeout                0x08007daf   Thumb Code   258  vl53l0x_api_core.o(.text)
    VL53L0X_set_vcsel_pulse_period           0x08007eb1   Thumb Code   576  vl53l0x_api_core.o(.text)
    VL53L0X_get_vcsel_pulse_period           0x080080f1   Thumb Code    48  vl53l0x_api_core.o(.text)
    VL53L0X_set_measurement_timing_budget_micro_seconds 0x08008121   Thumb Code   194  vl53l0x_api_core.o(.text)
    VL53L0X_get_measurement_timing_budget_micro_seconds 0x080081e3   Thumb Code   196  vl53l0x_api_core.o(.text)
    VL53L0X_load_tuning_settings             0x080082a7   Thumb Code   154  vl53l0x_api_core.o(.text)
    VL53L0X_get_total_xtalk_rate             0x08008341   Thumb Code    46  vl53l0x_api_core.o(.text)
    VL53L0X_get_total_signal_rate            0x0800836f   Thumb Code    28  vl53l0x_api_core.o(.text)
    VL53L0X_calc_dmax                        0x0800838b   Thumb Code   208  vl53l0x_api_core.o(.text)
    VL53L0X_calc_sigma_estimate              0x0800845b   Thumb Code   536  vl53l0x_api_core.o(.text)
    VL53L0X_get_pal_range_status             0x08008673   Thumb Code   500  vl53l0x_api_core.o(.text)
    VL53L0X_check_part_used                  0x08008869   Thumb Code    60  vl53l0x_api_strings.o(.text)
    VL53L0X_get_device_info                  0x080088a5   Thumb Code   108  vl53l0x_api_strings.o(.text)
    VL53L0X_get_device_error_string          0x08008911   Thumb Code   102  vl53l0x_api_strings.o(.text)
    VL53L0X_get_range_status_string          0x08008977   Thumb Code    56  vl53l0x_api_strings.o(.text)
    VL53L0X_get_pal_error_string             0x080089af   Thumb Code   176  vl53l0x_api_strings.o(.text)
    VL53L0X_get_pal_state_string             0x08008a5f   Thumb Code  1050  vl53l0x_api_strings.o(.text)
    VL53L0X_get_sequence_steps_info          0x08008e79   Thumb Code    54  vl53l0x_api_strings.o(.text)
    VL53L0X_get_limit_check_info             0x08008eaf   Thumb Code    56  vl53l0x_api_strings.o(.text)
    VL53L0X_i2c_init                         0x08008fe5   Thumb Code    58  vl53l0x_i2c.o(.text)
    VL_IIC_Start                             0x0800901f   Thumb Code    56  vl53l0x_i2c.o(.text)
    VL_IIC_Stop                              0x08009057   Thumb Code    58  vl53l0x_i2c.o(.text)
    VL_IIC_Wait_Ack                          0x08009091   Thumb Code    74  vl53l0x_i2c.o(.text)
    VL_IIC_Ack                               0x080090db   Thumb Code    56  vl53l0x_i2c.o(.text)
    VL_IIC_NAck                              0x08009113   Thumb Code    56  vl53l0x_i2c.o(.text)
    VL_IIC_Send_Byte                         0x0800914b   Thumb Code    94  vl53l0x_i2c.o(.text)
    VL_IIC_Read_Byte                         0x080091a9   Thumb Code    96  vl53l0x_i2c.o(.text)
    VL_IIC_Write_1Byte                       0x08009209   Thumb Code    60  vl53l0x_i2c.o(.text)
    VL_IIC_Read_1Byte                        0x08009245   Thumb Code    74  vl53l0x_i2c.o(.text)
    VL_IIC_Write_nByte                       0x0800928f   Thumb Code    66  vl53l0x_i2c.o(.text)
    VL_IIC_Read_nByte                        0x080092d1   Thumb Code    98  vl53l0x_i2c.o(.text)
    VL53L0X_write_multi                      0x08009333   Thumb Code    22  vl53l0x_i2c.o(.text)
    VL53L0X_read_multi                       0x08009349   Thumb Code    22  vl53l0x_i2c.o(.text)
    VL53L0X_write_byte                       0x0800935f   Thumb Code    12  vl53l0x_i2c.o(.text)
    VL53L0X_write_word                       0x0800936b   Thumb Code    50  vl53l0x_i2c.o(.text)
    VL53L0X_write_dword                      0x0800939d   Thumb Code    34  vl53l0x_i2c.o(.text)
    VL53L0X_read_byte                        0x080093bf   Thumb Code     4  vl53l0x_i2c.o(.text)
    VL53L0X_read_word                        0x080093c3   Thumb Code    28  vl53l0x_i2c.o(.text)
    VL53L0X_read_dword                       0x080093df   Thumb Code    54  vl53l0x_i2c.o(.text)
    VL53L0X_WriteMulti                       0x08009415   Thumb Code    30  vl53l0x_platform.o(.text)
    VL53L0X_ReadMulti                        0x08009433   Thumb Code    30  vl53l0x_platform.o(.text)
    VL53L0X_WrByte                           0x08009451   Thumb Code    22  vl53l0x_platform.o(.text)
    VL53L0X_WrWord                           0x08009467   Thumb Code    22  vl53l0x_platform.o(.text)
    VL53L0X_WrDWord                          0x0800947d   Thumb Code    22  vl53l0x_platform.o(.text)
    VL53L0X_UpdateByte                       0x08009493   Thumb Code    66  vl53l0x_platform.o(.text)
    VL53L0X_RdByte                           0x080094d5   Thumb Code    22  vl53l0x_platform.o(.text)
    VL53L0X_RdWord                           0x080094eb   Thumb Code    22  vl53l0x_platform.o(.text)
    VL53L0X_RdDWord                          0x08009501   Thumb Code    22  vl53l0x_platform.o(.text)
    VL53L0X_PollingDelay                     0x08009517   Thumb Code    18  vl53l0x_platform.o(.text)
    print_pal_error                          0x08009529   Thumb Code    26  vl53l0x.o(.text)
    mode_string                              0x08009543   Thumb Code    38  vl53l0x.o(.text)
    vl53l0x_Addr_set                         0x08009569   Thumb Code   120  vl53l0x.o(.text)
    vl53l0x_reset                            0x080095e1   Thumb Code    60  vl53l0x.o(.text)
    vl53l0x_init                             0x0800961d   Thumb Code   166  vl53l0x.o(.text)
    One_measurement                          0x080096c3   Thumb Code    24  vl53l0x.o(.text)
    vl53l0x_info                             0x080096db   Thumb Code    68  vl53l0x.o(.text)
    vl53l0x_set_mode                         0x0800984d   Thumb Code   310  vl53l0x_gen.o(.text)
    vl53l0x_start_single_test                0x08009983   Thumb Code    44  vl53l0x_gen.o(.text)
    vl53l0x_general_start                    0x080099af   Thumb Code   180  vl53l0x_gen.o(.text)
    general_ui                               0x08009a63   Thumb Code    30  vl53l0x_gen.o(.text)
    vl53l0x_general_test                     0x08009a81   Thumb Code     6  vl53l0x_gen.o(.text)
    EXTI9_5_IRQHandler                       0x08009b1d   Thumb Code    12  vl53l0x_it.o(.text)
    vl53l0x_interrupt_start                  0x08009b29   Thumb Code   750  vl53l0x_it.o(.text)
    interrupt_ui                             0x08009e17   Thumb Code   138  vl53l0x_it.o(.text)
    vl53l0x_interrupt_test                   0x08009ea1   Thumb Code   678  vl53l0x_it.o(.text)
    usmart_sys_cmd_exe                       0x0800a21d   Thumb Code  1442  usmart.o(.text)
    usmart_reset_runtime                     0x0800a7bf   Thumb Code    40  usmart.o(.text)
    usmart_get_runtime                       0x0800a7e7   Thumb Code    48  usmart.o(.text)
    TIM4_IRQHandler                          0x0800a817   Thumb Code    50  usmart.o(.text)
    Timer4_Init                              0x0800a849   Thumb Code    88  usmart.o(.text)
    usmart_init                              0x0800a8a1   Thumb Code    36  usmart.o(.text)
    usmart_cmd_rec                           0x0800a8c5   Thumb Code   144  usmart.o(.text)
    usmart_exe                               0x0800a955   Thumb Code   768  usmart.o(.text)
    usmart_scan                              0x0800ac55   Thumb Code    92  usmart.o(.text)
    read_addr                                0x0800acb1   Thumb Code     4  usmart.o(.text)
    write_addr                               0x0800acb5   Thumb Code     4  usmart.o(.text)
    usmart_strcmp                            0x0800ad31   Thumb Code    24  usmart_str.o(.text)
    usmart_strcopy                           0x0800ad49   Thumb Code    18  usmart_str.o(.text)
    usmart_strlen                            0x0800ad5b   Thumb Code    18  usmart_str.o(.text)
    usmart_pow                               0x0800ad6d   Thumb Code    16  usmart_str.o(.text)
    usmart_str2num                           0x0800ad7d   Thumb Code   158  usmart_str.o(.text)
    usmart_get_cmdname                       0x0800ae1b   Thumb Code    46  usmart_str.o(.text)
    usmart_search_nextc                      0x0800ae49   Thumb Code    16  usmart_str.o(.text)
    usmart_get_fname                         0x0800ae59   Thumb Code   356  usmart_str.o(.text)
    usmart_get_aparm                         0x0800afbd   Thumb Code   156  usmart_str.o(.text)
    usmart_get_parmpos                       0x0800b059   Thumb Code    30  usmart_str.o(.text)
    usmart_get_fparam                        0x0800b077   Thumb Code   206  usmart_str.o(.text)
    __use_no_semihosting                     0x0800b151   Thumb Code     2  use_no_semi_2.o(.text)
    __2printf                                0x0800b155   Thumb Code    20  noretval__2printf.o(.text)
    __2sprintf                               0x0800b16d   Thumb Code    34  noretval__2sprintf.o(.text)
    _printf_pre_padding                      0x0800b195   Thumb Code    44  _printf_pad.o(.text)
    _printf_post_padding                     0x0800b1c1   Thumb Code    34  _printf_pad.o(.text)
    _printf_str                              0x0800b1e3   Thumb Code    82  _printf_str.o(.text)
    _printf_int_dec                          0x0800b235   Thumb Code   104  _printf_dec.o(.text)
    _printf_int_hex                          0x0800b2ad   Thumb Code    84  _printf_hex_int.o(.text)
    _printf_longlong_hex                     0x0800b2ad   Thumb Code     0  _printf_hex_int.o(.text)
    __printf                                 0x0800b305   Thumb Code   388  __printf_flags_ss_wp.o(.text)
    strcpy                                   0x0800b48d   Thumb Code    72  strcpy.o(.text)
    __aeabi_memcpy4                          0x0800b4d5   Thumb Code     0  rt_memcpy_w.o(.text)
    __aeabi_memcpy8                          0x0800b4d5   Thumb Code     0  rt_memcpy_w.o(.text)
    __rt_memcpy_w                            0x0800b4d5   Thumb Code   100  rt_memcpy_w.o(.text)
    _memcpy_lastbytes_aligned                0x0800b51d   Thumb Code     0  rt_memcpy_w.o(.text)
    __aeabi_memclr                           0x0800b539   Thumb Code     0  rt_memclr.o(.text)
    __rt_memclr                              0x0800b539   Thumb Code    68  rt_memclr.o(.text)
    _memset                                  0x0800b53d   Thumb Code     0  rt_memclr.o(.text)
    __aeabi_memclr4                          0x0800b57d   Thumb Code     0  rt_memclr_w.o(.text)
    __aeabi_memclr8                          0x0800b57d   Thumb Code     0  rt_memclr_w.o(.text)
    __rt_memclr_w                            0x0800b57d   Thumb Code    78  rt_memclr_w.o(.text)
    _memset_w                                0x0800b581   Thumb Code     0  rt_memclr_w.o(.text)
    __use_two_region_memory                  0x0800b5cb   Thumb Code     2  heapauxi.o(.text)
    __rt_heap_escrow$2region                 0x0800b5cd   Thumb Code     2  heapauxi.o(.text)
    __rt_heap_expand$2region                 0x0800b5cf   Thumb Code     2  heapauxi.o(.text)
    __I$use$semihosting                      0x0800b5d1   Thumb Code     0  use_no_semi.o(.text)
    __use_no_semihosting_swi                 0x0800b5d1   Thumb Code     2  use_no_semi.o(.text)
    _printf_int_common                       0x0800b5d3   Thumb Code   178  _printf_intcommon.o(.text)
    _printf_char_common                      0x0800b68f   Thumb Code    32  _printf_char_common.o(.text)
    _sputc                                   0x0800b6b5   Thumb Code    10  _sputc.o(.text)
    _printf_cs_common                        0x0800b6bf   Thumb Code    20  _printf_char.o(.text)
    _printf_char                             0x0800b6d3   Thumb Code    16  _printf_char.o(.text)
    _printf_string                           0x0800b6e3   Thumb Code     8  _printf_char.o(.text)
    _printf_char_file                        0x0800b6ed   Thumb Code    32  _printf_char_file.o(.text)
    ferror                                   0x0800b711   Thumb Code     8  ferror.o(.text)
    __user_setup_stackheap                   0x0800b719   Thumb Code    74  sys_stackheap_outer.o(.text)
    exit                                     0x0800b763   Thumb Code    18  exit.o(.text)
    __user_libspace                          0x0800b775   Thumb Code     8  libspace.o(.text)
    __user_perproc_libspace                  0x0800b775   Thumb Code     0  libspace.o(.text)
    __user_perthread_libspace                0x0800b775   Thumb Code     0  libspace.o(.text)
    _is_digit                                0x0800b77d   Thumb Code    14  __printf_wp.o(i._is_digit)
    __aeabi_d2uiz                            0x0800b78d   Thumb Code     0  dfixu.o(x$fpl$dfixu)
    _dfixu                                   0x0800b78d   Thumb Code    90  dfixu.o(x$fpl$dfixu)
    __aeabi_ui2d                             0x0800b7e7   Thumb Code     0  dflt_clz.o(x$fpl$dfltu)
    _dfltu                                   0x0800b7e7   Thumb Code    38  dflt_clz.o(x$fpl$dfltu)
    __aeabi_dmul                             0x0800b80d   Thumb Code     0  dmul.o(x$fpl$dmul)
    _dmul                                    0x0800b80d   Thumb Code   332  dmul.o(x$fpl$dmul)
    __fpl_dnaninf                            0x0800b961   Thumb Code   156  dnaninf.o(x$fpl$dnaninf)
    __fpl_dretinf                            0x0800b9fd   Thumb Code    12  dretinf.o(x$fpl$dretinf)
    _fp_init                                 0x0800ba09   Thumb Code    10  fpinit.o(x$fpl$fpinit)
    __fplib_config_fpu_vfp                   0x0800ba11   Thumb Code     0  fpinit.o(x$fpl$fpinit)
    __fplib_config_pureend_doubles           0x0800ba11   Thumb Code     0  fpinit.o(x$fpl$fpinit)
    __I$use$fp                               0x0800ba12   Number         0  usenofp.o(x$fpl$usenofp)
    asc2_1206                                0x0800ba12   Data        1140  lcd.o(.constdata)
    asc2_1608                                0x0800be86   Data        1520  lcd.o(.constdata)
    asc2_2412                                0x0800c476   Data        3420  lcd.o(.constdata)
    FSMC_DefaultTimingStruct                 0x0800d1d4   Data          28  stm32f4xx_fsmc.o(.constdata)
    Region$$Table$$Base                      0x0800d328   Number         0  anon$$obj.o(Region$$Table)
    Region$$Table$$Limit                     0x0800d348   Number         0  anon$$obj.o(Region$$Table)
    SystemCoreClock                          0x20000000   Data           4  system_stm32f4xx.o(.data)
    AHBPrescTable                            0x20000004   Data          16  system_stm32f4xx.o(.data)
    POINT_COLOR                              0x20000014   Data           2  lcd.o(.data)
    BACK_COLOR                               0x20000016   Data           2  lcd.o(.data)
    USART_RX_STA                             0x2000001e   Data           2  usart.o(.data)
    __stdout                                 0x20000020   Data           4  usart.o(.data)
    DefaultTuningSettings                    0x20000034   Data         243  vl53l0x_api.o(.data)
    InterruptThresholdSettings               0x20000127   Data         438  vl53l0x_api.o(.data)
    refArrayQuadrants                        0x200002e0   Data          16  vl53l0x_api_calibration.o(.data)
    AjustOK                                  0x200002f0   Data           1  vl53l0x.o(.data)
    Mode_data                                0x200002f1   Data          56  vl53l0x.o(.data)
    Distance_data                            0x2000032a   Data           2  vl53l0x_gen.o(.data)
    alarm_flag                               0x2000032c   Data           1  vl53l0x_it.o(.data)
    AlarmModes                               0x20000330   Data          12  vl53l0x_it.o(.data)
    sys_cmd_tab                              0x2000033c   Data          28  usmart.o(.data)
    usmart_nametab                           0x20000358   Data          48  usmart_config.o(.data)
    usmart_dev                               0x20000388   Data         244  usmart_config.o(.data)
    lcddev                                   0x200004be   Data          14  lcd.o(.bss)
    USART_RX_BUF                             0x200004cc   Data         200  usart.o(.bss)
    vl53l0x_dev                              0x20000594   Data         352  vl53l0x.o(.bss)
    vl53l0x_dev_info                         0x200006f4   Data          99  vl53l0x.o(.bss)
    Vl53l0x_adjust                           0x20000757   Data          24  vl53l0x_cali.o(.bss)
    Vl53l0x_data                             0x2000076f   Data          24  vl53l0x_cali.o(.bss)
    vl53l0x_data                             0x200007a8   Data          28  vl53l0x_gen.o(.bss)
    __libspace_start                         0x200007e4   Data          96  libspace.o(.bss)
    __temporary_stack_top$libspace           0x20000844   Data           0  libspace.o(.bss)



==============================================================================

Memory Map of the image

  Image Entry point : 0x08000189

  Load Region LR_IROM1 (Base: 0x08000000, Size: 0x0000d7c4, Max: 0x00100000, ABSOLUTE, COMPRESSED[0x0000d670])

    Execution Region ER_IROM1 (Exec base: 0x08000000, Load base: 0x08000000, Size: 0x0000d348, Max: 0x00100000, ABSOLUTE)

    Exec Addr    Load Addr    Size         Type   Attr      Idx    E Section Name        Object

    0x08000000   0x08000000   0x00000188   Data   RO          477    RESET               startup_stm32f40_41xxx.o
    0x08000188   0x08000188   0x00000008   Code   RO         1094  * !!!main             c_w.l(__main.o)
    0x08000190   0x08000190   0x00000034   Code   RO         1285    !!!scatter          c_w.l(__scatter.o)
    0x080001c4   0x080001c4   0x0000005a   Code   RO         1283    !!dczerorl2         c_w.l(__dczerorl2.o)
    0x0800021e   0x0800021e   0x00000002   PAD
    0x08000220   0x08000220   0x0000001c   Code   RO         1287    !!handler_zi        c_w.l(__scatter_zi.o)
    0x0800023c   0x0800023c   0x00000000   Code   RO         1081    .ARM.Collect$$_printf_percent$$00000000  c_w.l(_printf_percent.o)
    0x0800023c   0x0800023c   0x00000006   Code   RO         1078    .ARM.Collect$$_printf_percent$$00000008  c_w.l(_printf_i.o)
    0x08000242   0x08000242   0x00000006   Code   RO         1079    .ARM.Collect$$_printf_percent$$00000009  c_w.l(_printf_d.o)
    0x08000248   0x08000248   0x00000006   Code   RO         1080    .ARM.Collect$$_printf_percent$$0000000A  c_w.l(_printf_u.o)
    0x0800024e   0x0800024e   0x00000006   Code   RO         1077    .ARM.Collect$$_printf_percent$$0000000C  c_w.l(_printf_x.o)
    0x08000254   0x08000254   0x00000006   Code   RO         1075    .ARM.Collect$$_printf_percent$$00000013  c_w.l(_printf_c.o)
    0x0800025a   0x0800025a   0x00000006   Code   RO         1076    .ARM.Collect$$_printf_percent$$00000014  c_w.l(_printf_s.o)
    0x08000260   0x08000260   0x00000004   Code   RO         1121    .ARM.Collect$$_printf_percent$$00000017  c_w.l(_printf_percent_end.o)
    0x08000264   0x08000264   0x00000002   Code   RO         1157    .ARM.Collect$$libinit$$00000000  c_w.l(libinit.o)
    0x08000266   0x08000266   0x00000004   Code   RO         1163    .ARM.Collect$$libinit$$00000001  c_w.l(libinit2.o)
    0x0800026a   0x0800026a   0x00000000   Code   RO         1166    .ARM.Collect$$libinit$$00000004  c_w.l(libinit2.o)
    0x0800026a   0x0800026a   0x00000000   Code   RO         1169    .ARM.Collect$$libinit$$0000000A  c_w.l(libinit2.o)
    0x0800026a   0x0800026a   0x00000000   Code   RO         1171    .ARM.Collect$$libinit$$0000000C  c_w.l(libinit2.o)
    0x0800026a   0x0800026a   0x00000000   Code   RO         1173    .ARM.Collect$$libinit$$0000000E  c_w.l(libinit2.o)
    0x0800026a   0x0800026a   0x00000000   Code   RO         1176    .ARM.Collect$$libinit$$00000011  c_w.l(libinit2.o)
    0x0800026a   0x0800026a   0x00000000   Code   RO         1178    .ARM.Collect$$libinit$$00000013  c_w.l(libinit2.o)
    0x0800026a   0x0800026a   0x00000000   Code   RO         1180    .ARM.Collect$$libinit$$00000015  c_w.l(libinit2.o)
    0x0800026a   0x0800026a   0x00000000   Code   RO         1182    .ARM.Collect$$libinit$$00000017  c_w.l(libinit2.o)
    0x0800026a   0x0800026a   0x00000000   Code   RO         1184    .ARM.Collect$$libinit$$00000019  c_w.l(libinit2.o)
    0x0800026a   0x0800026a   0x00000000   Code   RO         1186    .ARM.Collect$$libinit$$0000001B  c_w.l(libinit2.o)
    0x0800026a   0x0800026a   0x00000000   Code   RO         1188    .ARM.Collect$$libinit$$0000001D  c_w.l(libinit2.o)
    0x0800026a   0x0800026a   0x00000000   Code   RO         1190    .ARM.Collect$$libinit$$0000001F  c_w.l(libinit2.o)
    0x0800026a   0x0800026a   0x00000000   Code   RO         1192    .ARM.Collect$$libinit$$00000021  c_w.l(libinit2.o)
    0x0800026a   0x0800026a   0x00000000   Code   RO         1194    .ARM.Collect$$libinit$$00000023  c_w.l(libinit2.o)
    0x0800026a   0x0800026a   0x00000000   Code   RO         1196    .ARM.Collect$$libinit$$00000025  c_w.l(libinit2.o)
    0x0800026a   0x0800026a   0x00000000   Code   RO         1200    .ARM.Collect$$libinit$$0000002C  c_w.l(libinit2.o)
    0x0800026a   0x0800026a   0x00000000   Code   RO         1202    .ARM.Collect$$libinit$$0000002E  c_w.l(libinit2.o)
    0x0800026a   0x0800026a   0x00000000   Code   RO         1204    .ARM.Collect$$libinit$$00000030  c_w.l(libinit2.o)
    0x0800026a   0x0800026a   0x00000000   Code   RO         1206    .ARM.Collect$$libinit$$00000032  c_w.l(libinit2.o)
    0x0800026a   0x0800026a   0x00000002   Code   RO         1207    .ARM.Collect$$libinit$$00000033  c_w.l(libinit2.o)
    0x0800026c   0x0800026c   0x00000002   Code   RO         1225    .ARM.Collect$$libshutdown$$00000000  c_w.l(libshutdown.o)
    0x0800026e   0x0800026e   0x00000000   Code   RO         1235    .ARM.Collect$$libshutdown$$00000002  c_w.l(libshutdown2.o)
    0x0800026e   0x0800026e   0x00000000   Code   RO         1237    .ARM.Collect$$libshutdown$$00000004  c_w.l(libshutdown2.o)
    0x0800026e   0x0800026e   0x00000000   Code   RO         1240    .ARM.Collect$$libshutdown$$00000007  c_w.l(libshutdown2.o)
    0x0800026e   0x0800026e   0x00000000   Code   RO         1243    .ARM.Collect$$libshutdown$$0000000A  c_w.l(libshutdown2.o)
    0x0800026e   0x0800026e   0x00000000   Code   RO         1245    .ARM.Collect$$libshutdown$$0000000C  c_w.l(libshutdown2.o)
    0x0800026e   0x0800026e   0x00000000   Code   RO         1248    .ARM.Collect$$libshutdown$$0000000F  c_w.l(libshutdown2.o)
    0x0800026e   0x0800026e   0x00000002   Code   RO         1249    .ARM.Collect$$libshutdown$$00000010  c_w.l(libshutdown2.o)
    0x08000270   0x08000270   0x00000000   Code   RO         1110    .ARM.Collect$$rtentry$$00000000  c_w.l(__rtentry.o)
    0x08000270   0x08000270   0x00000000   Code   RO         1128    .ARM.Collect$$rtentry$$00000002  c_w.l(__rtentry2.o)
    0x08000270   0x08000270   0x00000006   Code   RO         1140    .ARM.Collect$$rtentry$$00000004  c_w.l(__rtentry4.o)
    0x08000276   0x08000276   0x00000000   Code   RO         1130    .ARM.Collect$$rtentry$$00000009  c_w.l(__rtentry2.o)
    0x08000276   0x08000276   0x00000004   Code   RO         1131    .ARM.Collect$$rtentry$$0000000A  c_w.l(__rtentry2.o)
    0x0800027a   0x0800027a   0x00000000   Code   RO         1133    .ARM.Collect$$rtentry$$0000000C  c_w.l(__rtentry2.o)
    0x0800027a   0x0800027a   0x00000008   Code   RO         1134    .ARM.Collect$$rtentry$$0000000D  c_w.l(__rtentry2.o)
    0x08000282   0x08000282   0x00000002   Code   RO         1161    .ARM.Collect$$rtexit$$00000000  c_w.l(rtexit.o)
    0x08000284   0x08000284   0x00000000   Code   RO         1209    .ARM.Collect$$rtexit$$00000002  c_w.l(rtexit2.o)
    0x08000284   0x08000284   0x00000004   Code   RO         1210    .ARM.Collect$$rtexit$$00000003  c_w.l(rtexit2.o)
    0x08000288   0x08000288   0x00000006   Code   RO         1211    .ARM.Collect$$rtexit$$00000004  c_w.l(rtexit2.o)
    0x0800028e   0x0800028e   0x00000002   PAD
    0x08000290   0x08000290   0x00000120   Code   RO            3    .text               main.o
    0x080003b0   0x080003b0   0x00000012   Code   RO          210    .text               stm32f4xx_it.o
    0x080003c2   0x080003c2   0x00000002   PAD
    0x080003c4   0x080003c4   0x0000017c   Code   RO          259    .text               system_stm32f4xx.o
    0x08000540   0x08000540   0x0000003c   Code   RO          285    .text               led.o
    0x0800057c   0x0800057c   0x00003272   Code   RO          305    .text               lcd.o
    0x080037ee   0x080037ee   0x00000002   PAD
    0x080037f0   0x080037f0   0x00000104   Code   RO          344    .text               key.o
    0x080038f4   0x080038f4   0x00000224   Code   RO          365    .text               myiic.o
    0x08003b18   0x08003b18   0x0000013e   Code   RO          385    .text               24cxx.o
    0x08003c56   0x08003c56   0x00000002   PAD
    0x08003c58   0x08003c58   0x000000b8   Code   RO          405    .text               delay.o
    0x08003d10   0x08003d10   0x0000011c   Code   RO          445    .text               usart.o
    0x08003e2c   0x08003e2c   0x00000040   Code   RO          478    .text               startup_stm32f40_41xxx.o
    0x08003e6c   0x08003e6c   0x000000b0   Code   RO          484    .text               misc.o
    0x08003f1c   0x08003f1c   0x0000020c   Code   RO          504    .text               stm32f4xx_gpio.o
    0x08004128   0x08004128   0x00000448   Code   RO          524    .text               stm32f4xx_fsmc.o
    0x08004570   0x08004570   0x00000480   Code   RO          547    .text               stm32f4xx_rcc.o
    0x080049f0   0x080049f0   0x0000007c   Code   RO          569    .text               stm32f4xx_syscfg.o
    0x08004a6c   0x08004a6c   0x00000358   Code   RO          589    .text               stm32f4xx_usart.o
    0x08004dc4   0x08004dc4   0x000000e0   Code   RO          609    .text               stm32f4xx_exti.o
    0x08004ea4   0x08004ea4   0x000009dc   Code   RO          629    .text               stm32f4xx_tim.o
    0x08005880   0x08005880   0x000013a4   Code   RO          650    .text               vl53l0x_api.o
    0x08006c24   0x08006c24   0x000009fa   Code   RO          699    .text               vl53l0x_api_calibration.o
    0x0800761e   0x0800761e   0x00000002   PAD
    0x08007620   0x08007620   0x00001246   Code   RO          723    .text               vl53l0x_api_core.o
    0x08008866   0x08008866   0x00000002   PAD
    0x08008868   0x08008868   0x0000077c   Code   RO          758    .text               vl53l0x_api_strings.o
    0x08008fe4   0x08008fe4   0x00000430   Code   RO          778    .text               vl53l0x_i2c.o
    0x08009414   0x08009414   0x00000114   Code   RO          799    .text               vl53l0x_platform.o
    0x08009528   0x08009528   0x00000324   Code   RO          819    .text               vl53l0x.o
    0x0800984c   0x0800984c   0x000002d0   Code   RO          890    .text               vl53l0x_gen.o
    0x08009b1c   0x08009b1c   0x00000700   Code   RO          917    .text               vl53l0x_it.o
    0x0800a21c   0x0800a21c   0x00000b14   Code   RO          941    .text               usmart.o
    0x0800ad30   0x0800ad30   0x00000420   Code   RO          995    .text               usmart_str.o
    0x0800b150   0x0800b150   0x00000002   Code   RO         1016    .text               c_w.l(use_no_semi_2.o)
    0x0800b152   0x0800b152   0x00000002   PAD
    0x0800b154   0x0800b154   0x00000018   Code   RO         1022    .text               c_w.l(noretval__2printf.o)
    0x0800b16c   0x0800b16c   0x00000028   Code   RO         1024    .text               c_w.l(noretval__2sprintf.o)
    0x0800b194   0x0800b194   0x0000004e   Code   RO         1028    .text               c_w.l(_printf_pad.o)
    0x0800b1e2   0x0800b1e2   0x00000052   Code   RO         1030    .text               c_w.l(_printf_str.o)
    0x0800b234   0x0800b234   0x00000078   Code   RO         1032    .text               c_w.l(_printf_dec.o)
    0x0800b2ac   0x0800b2ac   0x00000058   Code   RO         1037    .text               c_w.l(_printf_hex_int.o)
    0x0800b304   0x0800b304   0x00000188   Code   RO         1072    .text               c_w.l(__printf_flags_ss_wp.o)
    0x0800b48c   0x0800b48c   0x00000048   Code   RO         1082    .text               c_w.l(strcpy.o)
    0x0800b4d4   0x0800b4d4   0x00000064   Code   RO         1086    .text               c_w.l(rt_memcpy_w.o)
    0x0800b538   0x0800b538   0x00000044   Code   RO         1088    .text               c_w.l(rt_memclr.o)
    0x0800b57c   0x0800b57c   0x0000004e   Code   RO         1090    .text               c_w.l(rt_memclr_w.o)
    0x0800b5ca   0x0800b5ca   0x00000006   Code   RO         1092    .text               c_w.l(heapauxi.o)
    0x0800b5d0   0x0800b5d0   0x00000002   Code   RO         1108    .text               c_w.l(use_no_semi.o)
    0x0800b5d2   0x0800b5d2   0x000000b2   Code   RO         1111    .text               c_w.l(_printf_intcommon.o)
    0x0800b684   0x0800b684   0x00000030   Code   RO         1113    .text               c_w.l(_printf_char_common.o)
    0x0800b6b4   0x0800b6b4   0x0000000a   Code   RO         1115    .text               c_w.l(_sputc.o)
    0x0800b6be   0x0800b6be   0x0000002c   Code   RO         1117    .text               c_w.l(_printf_char.o)
    0x0800b6ea   0x0800b6ea   0x00000002   PAD
    0x0800b6ec   0x0800b6ec   0x00000024   Code   RO         1119    .text               c_w.l(_printf_char_file.o)
    0x0800b710   0x0800b710   0x00000008   Code   RO         1144    .text               c_w.l(ferror.o)
    0x0800b718   0x0800b718   0x0000004a   Code   RO         1148    .text               c_w.l(sys_stackheap_outer.o)
    0x0800b762   0x0800b762   0x00000012   Code   RO         1150    .text               c_w.l(exit.o)
    0x0800b774   0x0800b774   0x00000008   Code   RO         1158    .text               c_w.l(libspace.o)
    0x0800b77c   0x0800b77c   0x0000000e   Code   RO         1065    i._is_digit         c_w.l(__printf_wp.o)
    0x0800b78a   0x0800b78a   0x00000002   PAD
    0x0800b78c   0x0800b78c   0x0000005a   Code   RO         1096    x$fpl$dfixu         fz_wm.l(dfixu.o)
    0x0800b7e6   0x0800b7e6   0x00000026   Code   RO         1100    x$fpl$dfltu         fz_wm.l(dflt_clz.o)
    0x0800b80c   0x0800b80c   0x00000154   Code   RO         1106    x$fpl$dmul          fz_wm.l(dmul.o)
    0x0800b960   0x0800b960   0x0000009c   Code   RO         1122    x$fpl$dnaninf       fz_wm.l(dnaninf.o)
    0x0800b9fc   0x0800b9fc   0x0000000c   Code   RO         1124    x$fpl$dretinf       fz_wm.l(dretinf.o)
    0x0800ba08   0x0800ba08   0x0000000a   Code   RO         1217    x$fpl$fpinit        fz_wm.l(fpinit.o)
    0x0800ba12   0x0800ba12   0x00000000   Code   RO         1126    x$fpl$usenofp       fz_wm.l(usenofp.o)
    0x0800ba12   0x0800ba12   0x000017c0   Data   RO          307    .constdata          lcd.o
    0x0800d1d2   0x0800d1d2   0x00000002   PAD
    0x0800d1d4   0x0800d1d4   0x0000001c   Data   RO          525    .constdata          stm32f4xx_fsmc.o
    0x0800d1f0   0x0800d1f0   0x00000028   Data   RO         1038    .constdata          c_w.l(_printf_hex_int.o)
    0x0800d218   0x0800d218   0x00000011   Data   RO         1073    .constdata          c_w.l(__printf_flags_ss_wp.o)
    0x0800d229   0x0800d229   0x00000003   PAD
    0x0800d22c   0x0800d22c   0x00000028   Data   RO          942    .conststring        usmart.o
    0x0800d254   0x0800d254   0x000000d4   Data   RO          973    .conststring        usmart_config.o
    0x0800d328   0x0800d328   0x00000020   Data   RO         1281    Region$$Table       anon$$obj.o


    Execution Region RW_IRAM1 (Exec base: 0x20000000, Load base: 0x0800d348, Size: 0x00000e48, Max: 0x00020000, ABSOLUTE, COMPRESSED[0x00000328])

    Exec Addr    Load Addr    Size         Type   Attr      Idx    E Section Name        Object

    0x20000000   COMPRESSED   0x00000014   Data   RW          260    .data               system_stm32f4xx.o
    0x20000014   COMPRESSED   0x00000004   Data   RW          308    .data               lcd.o
    0x20000018   COMPRESSED   0x00000001   Data   RW          345    .data               key.o
    0x20000019   COMPRESSED   0x00000001   PAD
    0x2000001a   COMPRESSED   0x00000004   Data   RW          406    .data               delay.o
    0x2000001e   COMPRESSED   0x00000002   Data   RW          447    .data               usart.o
    0x20000020   COMPRESSED   0x00000004   Data   RW          448    .data               usart.o
    0x20000024   COMPRESSED   0x00000010   Data   RW          548    .data               stm32f4xx_rcc.o
    0x20000034   COMPRESSED   0x000002a9   Data   RW          651    .data               vl53l0x_api.o
    0x200002dd   COMPRESSED   0x00000003   PAD
    0x200002e0   COMPRESSED   0x00000010   Data   RW          700    .data               vl53l0x_api_calibration.o
    0x200002f0   COMPRESSED   0x00000001   Data   RW          821    .data               vl53l0x.o
    0x200002f1   COMPRESSED   0x00000038   Data   RW          822    .data               vl53l0x.o
    0x20000329   COMPRESSED   0x00000001   PAD
    0x2000032a   COMPRESSED   0x00000002   Data   RW          892    .data               vl53l0x_gen.o
    0x2000032c   COMPRESSED   0x00000010   Data   RW          919    .data               vl53l0x_it.o
    0x2000033c   COMPRESSED   0x0000001c   Data   RW          943    .data               usmart.o
    0x20000358   COMPRESSED   0x00000030   Data   RW          974    .data               usmart_config.o
    0x20000388   COMPRESSED   0x000000f4   Data   RW          975    .data               usmart_config.o
    0x2000047c        -       0x00000042   Zero   RW            4    .bss                main.o
    0x200004be        -       0x0000000e   Zero   RW          306    .bss                lcd.o
    0x200004cc        -       0x000000c8   Zero   RW          446    .bss                usart.o
    0x20000594        -       0x000001c3   Zero   RW          820    .bss                vl53l0x.o
    0x20000757        -       0x00000030   Zero   RW          860    .bss                vl53l0x_cali.o
    0x20000787   COMPRESSED   0x00000001   PAD
    0x20000788        -       0x0000003c   Zero   RW          891    .bss                vl53l0x_gen.o
    0x200007c4        -       0x00000020   Zero   RW          918    .bss                vl53l0x_it.o
    0x200007e4        -       0x00000060   Zero   RW         1159    .bss                c_w.l(libspace.o)
    0x20000844   COMPRESSED   0x00000004   PAD
    0x20000848        -       0x00000200   Zero   RW          476    HEAP                startup_stm32f40_41xxx.o
    0x20000a48        -       0x00000400   Zero   RW          475    STACK               startup_stm32f40_41xxx.o


==============================================================================

Image component sizes


      Code (inc. data)   RO Data    RW Data    ZI Data      Debug   Object Name

       318          0          0          0          0       2858   24cxx.o
       184          4          0          4          0       1533   delay.o
       260         12          0          1          0        952   key.o
     12914        102       6080          4         14      19888   lcd.o
        60          4          0          0          0        539   led.o
       288         90          0          0         66     309326   main.o
       176         12          0          0          0       2005   misc.o
       548          8          0          0          0       2036   myiic.o
        64         26        392          0       1536        848   startup_stm32f40_41xxx.o
       224         10          0          0          0       2455   stm32f4xx_exti.o
      1096         10         28          0          0       6166   stm32f4xx_fsmc.o
       524         44          0          0          0       4529   stm32f4xx_gpio.o
        18          0          0          0          0       1218   stm32f4xx_it.o
      1152         48          0         16          0      13408   stm32f4xx_rcc.o
       124         16          0          0          0       1921   stm32f4xx_syscfg.o
      2524         52          0          0          0      24054   stm32f4xx_tim.o
       856         32          0          0          0       8344   stm32f4xx_usart.o
       380         36          0         20          0       1915   system_stm32f4xx.o
       284         16          0          6        200       3454   usart.o
      2836       1292         40         28          0       4752   usmart.o
         0          0        212        292          0       1640   usmart_config.o
      1056         12          0          0          0       6247   usmart_str.o
       804        302          0         57        451       4018   vl53l0x.o
      5028         72          0        681          0      41523   vl53l0x_api.o
      2554         12          0         16          0      17234   vl53l0x_api_calibration.o
      4678         16          0          0          0      21366   vl53l0x_api_core.o
      1916       1266          0          0          0       4741   vl53l0x_api_strings.o
         0          0          0          0         48        870   vl53l0x_cali.o
       720        150          0          2         60       2836   vl53l0x_gen.o
      1072          8          0          0          0       6933   vl53l0x_i2c.o
      1792        554          0         16         32       3433   vl53l0x_it.o
       276          0          0          0          0       4399   vl53l0x_platform.o

    ----------------------------------------------------------------------
     44736       4206       6786       1148       2408     527441   Object Totals
         0          0         32          0          0          0   (incl. Generated)
        10          0          2          5          1          0   (incl. Padding)

    ----------------------------------------------------------------------

      Code (inc. data)   RO Data    RW Data    ZI Data      Debug   Library Member Name

        90          0          0          0          0          0   __dczerorl2.o
         8          0          0          0          0         68   __main.o
       392          4         17          0          0         92   __printf_flags_ss_wp.o
        14          0          0          0          0         68   __printf_wp.o
         0          0          0          0          0          0   __rtentry.o
        12          0          0          0          0          0   __rtentry2.o
         6          0          0          0          0          0   __rtentry4.o
        52          8          0          0          0          0   __scatter.o
        28          0          0          0          0          0   __scatter_zi.o
         6          0          0          0          0          0   _printf_c.o
        44          0          0          0          0        108   _printf_char.o
        48          6          0          0          0         96   _printf_char_common.o
        36          4          0          0          0         80   _printf_char_file.o
         6          0          0          0          0          0   _printf_d.o
       120         16          0          0          0         92   _printf_dec.o
        88          4         40          0          0         88   _printf_hex_int.o
         6          0          0          0          0          0   _printf_i.o
       178          0          0          0          0         88   _printf_intcommon.o
        78          0          0          0          0        108   _printf_pad.o
         0          0          0          0          0          0   _printf_percent.o
         4          0          0          0          0          0   _printf_percent_end.o
         6          0          0          0          0          0   _printf_s.o
        82          0          0          0          0         80   _printf_str.o
         6          0          0          0          0          0   _printf_u.o
         6          0          0          0          0          0   _printf_x.o
        10          0          0          0          0         68   _sputc.o
        18          0          0          0          0         80   exit.o
         8          0          0          0          0         68   ferror.o
         6          0          0          0          0        152   heapauxi.o
         2          0          0          0          0          0   libinit.o
         6          0          0          0          0          0   libinit2.o
         2          0          0          0          0          0   libshutdown.o
         2          0          0          0          0          0   libshutdown2.o
         8          4          0          0         96         68   libspace.o
        24          4          0          0          0         84   noretval__2printf.o
        40          6          0          0          0         84   noretval__2sprintf.o
        68          0          0          0          0         68   rt_memclr.o
        78          0          0          0          0         80   rt_memclr_w.o
       100          0          0          0          0         80   rt_memcpy_w.o
         2          0          0          0          0          0   rtexit.o
        10          0          0          0          0          0   rtexit2.o
        72          0          0          0          0         80   strcpy.o
        74          0          0          0          0         80   sys_stackheap_outer.o
         2          0          0          0          0         68   use_no_semi.o
         2          0          0          0          0         68   use_no_semi_2.o
        90          4          0          0          0        140   dfixu.o
        38          0          0          0          0        116   dflt_clz.o
       340         12          0          0          0        152   dmul.o
       156          4          0          0          0        140   dnaninf.o
        12          0          0          0          0        116   dretinf.o
        10          0          0          0          0        116   fpinit.o
         0          0          0          0          0          0   usenofp.o

    ----------------------------------------------------------------------
      2506         76         60          0        100       2876   Library Totals
        10          0          3          0          4          0   (incl. Padding)

    ----------------------------------------------------------------------

      Code (inc. data)   RO Data    RW Data    ZI Data      Debug   Library Name

      1850         56         57          0         96       2096   c_w.l
       646         20          0          0          0        780   fz_wm.l

    ----------------------------------------------------------------------
      2506         76         60          0        100       2876   Library Totals

    ----------------------------------------------------------------------

==============================================================================


      Code (inc. data)   RO Data    RW Data    ZI Data      Debug   

     47242       4282       6846       1148       2508     521425   Grand Totals
     47242       4282       6846        808       2508     521425   ELF Image Totals (compressed)
     47242       4282       6846        808          0          0   ROM Totals

==============================================================================

    Total RO  Size (Code + RO Data)                54088 (  52.82kB)
    Total RW  Size (RW Data + ZI Data)              3656 (   3.57kB)
    Total ROM Size (Code + RO Data + RW Data)      54896 (  53.61kB)

==============================================================================

